Product: MDK-ARM Standard 5.10
Component: ARM Compiler 5.04 update 1 (build 49)
Tool: armlink [5040049]

==============================================================================

Section Cross References

    main.o(i.assert_nrf_callback) refers to app_error.o(i.app_error_handler) for app_error_handler
    main.o(i.ble_evt_dispatch) refers to ble_conn_params.o(i.ble_conn_params_on_ble_evt) for ble_conn_params_on_ble_evt
    main.o(i.ble_evt_dispatch) refers to ble_nus.o(i.ble_nus_on_ble_evt) for ble_nus_on_ble_evt
    main.o(i.ble_evt_dispatch) refers to main.o(i.on_ble_evt) for on_ble_evt
    main.o(i.ble_evt_dispatch) refers to ble_advertising.o(i.ble_advertising_on_ble_evt) for ble_advertising_on_ble_evt
    main.o(i.ble_evt_dispatch) refers to main.o(.bss) for .bss
    main.o(i.bsp_event_handler) refers to ble_advertising.o(i.ble_advertising_restart_without_whitelist) for ble_advertising_restart_without_whitelist
    main.o(i.bsp_event_handler) refers to app_error.o(i.app_error_handler_bare) for app_error_handler_bare
    main.o(i.bsp_event_handler) refers to main.o(.data) for .data
    main.o(i.conn_params_error_handler) refers to app_error.o(i.app_error_handler_bare) for app_error_handler_bare
    main.o(i.init_driver) refers to memory_interface.o(i.init_disk) for init_disk
    main.o(i.init_driver) refers to key.o(i.init_key) for init_key
    main.o(i.init_driver) refers to power.o(i.adc_config) for adc_config
    main.o(i.led_timer_handler) refers to nrf_log_frontend.o(i.nrf_log_frontend_std_1) for nrf_log_frontend_std_1
    main.o(i.led_timer_handler) refers to led.o(i.led_func) for led_func
    main.o(i.led_timer_handler) refers to main.o(.data) for .data
    main.o(i.main) refers to nrf_log_frontend.o(i.nrf_log_init) for nrf_log_init
    main.o(i.main) refers to app_timer.o(i.app_timer_init) for app_timer_init
    main.o(i.main) refers to app_error.o(i.app_error_handler_bare) for app_error_handler_bare
    main.o(i.main) refers to app_timer.o(i.app_timer_create) for app_timer_create
    main.o(i.main) refers to app_timer.o(i.app_timer_start) for app_timer_start
    main.o(i.main) refers to main.o(i.init_driver) for init_driver
    main.o(i.main) refers to softdevice_handler.o(i.softdevice_handler_init) for softdevice_handler_init
    main.o(i.main) refers to softdevice_handler.o(i.softdevice_enable_get_default_config) for softdevice_enable_get_default_config
    main.o(i.main) refers to softdevice_handler.o(i.softdevice_enable) for softdevice_enable
    main.o(i.main) refers to softdevice_handler.o(i.softdevice_ble_evt_handler_set) for softdevice_ble_evt_handler_set
    main.o(i.main) refers to ble_nus.o(i.ble_nus_init) for ble_nus_init
    main.o(i.main) refers to memseta.o(.text) for __aeabi_memclr4
    main.o(i.main) refers to ble_advertising.o(i.ble_advertising_init) for ble_advertising_init
    main.o(i.main) refers to ble_conn_params.o(i.ble_conn_params_init) for ble_conn_params_init
    main.o(i.main) refers to ble_advertising.o(i.ble_advertising_start) for ble_advertising_start
    main.o(i.main) refers to sys_task.o(i.System_Task) for System_Task
    main.o(i.main) refers to sys_task.o(i.System_Func) for System_Func
    main.o(i.main) refers to main.o(.bss) for .bss
    main.o(i.main) refers to sys_task.o(i.tick_timer_handler) for tick_timer_handler
    main.o(i.main) refers to main.o(.constdata) for .constdata
    main.o(i.main) refers to main.o(i.led_timer_handler) for led_timer_handler
    main.o(i.main) refers to main.o(i.ble_evt_dispatch) for ble_evt_dispatch
    main.o(i.main) refers to main.o(i.nus_data_handler) for nus_data_handler
    main.o(i.main) refers to main.o(.data) for .data
    main.o(i.main) refers to main.o(i.on_adv_evt) for on_adv_evt
    main.o(i.main) refers to main.o(i.on_conn_params_evt) for on_conn_params_evt
    main.o(i.main) refers to main.o(i.conn_params_error_handler) for conn_params_error_handler
    main.o(i.nus_data_handler) refers to ble_cmd_op.o(i.nus_data_handler_protocol_op) for nus_data_handler_protocol_op
    main.o(i.on_ble_evt) refers to nrf_log_frontend.o(i.nrf_log_frontend_std_0) for nrf_log_frontend_std_0
    main.o(i.on_ble_evt) refers to ble_advertising.o(i.ble_advertising_start) for ble_advertising_start
    main.o(i.on_ble_evt) refers to app_error.o(i.app_error_handler_bare) for app_error_handler_bare
    main.o(i.on_ble_evt) refers to memcpya.o(.text) for __aeabi_memcpy
    main.o(i.on_ble_evt) refers to main.o(.data) for .data
    main.o(i.on_conn_params_evt) refers to app_error.o(i.app_error_handler_bare) for app_error_handler_bare
    main.o(i.on_conn_params_evt) refers to main.o(.data) for .data
    main.o(i.uart_event_handle) refers to app_error.o(i.app_error_handler_bare) for app_error_handler_bare
    main.o(i.uart_event_handle) refers to app_uart_fifo.o(i.app_uart_get) for app_uart_get
    main.o(i.uart_event_handle) refers to ble_nus.o(i.ble_nus_string_send) for ble_nus_string_send
[...]
    i.mem_set                                0x0001e848   Section        0  ff.o(i.mem_set)
    mem_set                                  0x0001e849   Thumb Code    14  ff.o(i.mem_set)
    i.move_window                            0x0001e856   Section        0  ff.o(i.move_window)
    move_window                              0x0001e857   Thumb Code   144  ff.o(i.move_window)
    i.name_encode                            0x0001e8e6   Section        0  ble_advdata.o(i.name_encode)
    name_encode                              0x0001e8e7   Thumb Code   158  ble_advdata.o(i.name_encode)
    i.nrf_adc_configure                      0x0001e984   Section        0  nrf_adc.o(i.nrf_adc_configure)
    i.nrf_adc_convert_single                 0x0001e9c4   Section        0  nrf_adc.o(i.nrf_adc_convert_single)
    i.nrf_adc_input_select                   0x0001e9f0   Section        0  nrf_adc.o(i.nrf_adc_input_select)
    nrf_adc_input_select                     0x0001e9f1   Thumb Code    28  nrf_adc.o(i.nrf_adc_input_select)
    i.nrf_bitmask_bit_is_set                 0x0001ea10   Section        0  nrf_drv_gpiote.o(i.nrf_bitmask_bit_is_set)
    nrf_bitmask_bit_is_set                   0x0001ea11   Thumb Code    16  nrf_drv_gpiote.o(i.nrf_bitmask_bit_is_set)
    i.nrf_clock_event_check                  0x0001ea20   Section        0  nrf_drv_clock.o(i.nrf_clock_event_check)
    nrf_clock_event_check                    0x0001ea21   Thumb Code    16  nrf_drv_clock.o(i.nrf_clock_event_check)
    i.nrf_delay_ms                           0x0001ea30   Section        0  memory_interface.o(i.nrf_delay_ms)
    nrf_delay_ms                             0x0001ea31   Thumb Code    42  memory_interface.o(i.nrf_delay_ms)
    i.nrf_delay_us                           0x0001ea64   Section        0  app_timer.o(i.nrf_delay_us)
    nrf_delay_us                             0x0001ea65   Thumb Code    38  app_timer.o(i.nrf_delay_us)
    i.nrf_drv_clock_init                     0x0001ea94   Section        0  nrf_drv_clock.o(i.nrf_drv_clock_init)
    i.nrf_drv_clock_on_sd_enable             0x0001eadc   Section        0  nrf_drv_clock.o(i.nrf_drv_clock_on_sd_enable)
    i.nrf_drv_clock_on_soc_event             0x0001eb10   Section        0  nrf_drv_clock.o(i.nrf_drv_clock_on_soc_event)
    i.nrf_drv_common_irq_enable              0x0001eb1c   Section        0  nrf_drv_common.o(i.nrf_drv_common_irq_enable)
    i.nrf_drv_spi_init                       0x0001eb7c   Section        0  nrf_drv_spi.o(i.nrf_drv_spi_init)
    i.nrf_drv_spi_transfer                   0x0001ec90   Section        0  nrf_drv_spi.o(i.nrf_drv_spi_transfer)
    i.nrf_drv_spi_xfer                       0x0001eca8   Section        0  nrf_drv_spi.o(i.nrf_drv_spi_xfer)
    i.nrf_drv_uart_init                      0x0001ed18   Section        0  nrf_drv_uart.o(i.nrf_drv_uart_init)
    i.nrf_drv_uart_tx                        0x0001ed98   Section        0  nrf_drv_uart.o(i.nrf_drv_uart_tx)
    i.nrf_drv_uart_tx_for_uart               0x0001edcc   Section        0  nrf_drv_uart.o(i.nrf_drv_uart_tx_for_uart)
    nrf_drv_uart_tx_for_uart                 0x0001edcd   Thumb Code   134  nrf_drv_uart.o(i.nrf_drv_uart_tx_for_uart)
    i.nrf_drv_uart_tx_in_progress            0x0001ee58   Section        0  nrf_drv_uart.o(i.nrf_drv_uart_tx_in_progress)
    i.nrf_drv_uart_uninit                    0x0001ee70   Section        0  nrf_drv_uart.o(i.nrf_drv_uart_uninit)
    i.nrf_gpio_cfg                           0x0001ef08   Section        0  memory_interface.o(i.nrf_gpio_cfg)
    nrf_gpio_cfg                             0x0001ef09   Thumb Code    40  memory_interface.o(i.nrf_gpio_cfg)
    i.nrf_gpio_cfg                           0x0001ef30   Section        0  key.o(i.nrf_gpio_cfg)
    nrf_gpio_cfg                             0x0001ef31   Thumb Code    40  key.o(i.nrf_gpio_cfg)
    i.nrf_gpio_cfg                           0x0001ef58   Section        0  nrf_drv_uart.o(i.nrf_gpio_cfg)
    nrf_gpio_cfg                             0x0001ef59   Thumb Code    40  nrf_drv_uart.o(i.nrf_gpio_cfg)
    i.nrf_gpio_cfg                           0x0001ef80   Section        0  nrf_drv_spi.o(i.nrf_gpio_cfg)
    nrf_gpio_cfg                             0x0001ef81   Thumb Code    40  nrf_drv_spi.o(i.nrf_gpio_cfg)
    i.nrf_gpio_cfg_default                   0x0001efa8   Section        0  nrf_drv_uart.o(i.nrf_gpio_cfg_default)
    nrf_gpio_cfg_default                     0x0001efa9   Thumb Code    18  nrf_drv_uart.o(i.nrf_gpio_cfg_default)
    i.nrf_gpio_cfg_input                     0x0001efba   Section        0  memory_interface.o(i.nrf_gpio_cfg_input)
    nrf_gpio_cfg_input                       0x0001efbb   Thumb Code    18  memory_interface.o(i.nrf_gpio_cfg_input)
    i.nrf_gpio_cfg_input                     0x0001efcc   Section        0  key.o(i.nrf_gpio_cfg_input)
    nrf_gpio_cfg_input                       0x0001efcd   Thumb Code    18  key.o(i.nrf_gpio_cfg_input)
    i.nrf_gpio_cfg_input                     0x0001efde   Section        0  nrf_drv_uart.o(i.nrf_gpio_cfg_input)
    nrf_gpio_cfg_input                       0x0001efdf   Thumb Code    18  nrf_drv_uart.o(i.nrf_gpio_cfg_input)
    i.nrf_gpio_cfg_output                    0x0001eff0   Section        0  memory_interface.o(i.nrf_gpio_cfg_output)
    nrf_gpio_cfg_output                      0x0001eff1   Thumb Code    20  memory_interface.o(i.nrf_gpio_cfg_output)
    i.nrf_gpio_cfg_output                    0x0001f004   Section        0  nrf_drv_uart.o(i.nrf_gpio_cfg_output)
    nrf_gpio_cfg_output                      0x0001f005   Thumb Code    20  nrf_drv_uart.o(i.nrf_gpio_cfg_output)
    i.nrf_gpio_cfg_output                    0x0001f018   Section        0  nrf_drv_spi.o(i.nrf_gpio_cfg_output)
    nrf_gpio_cfg_output                      0x0001f019   Thumb Code    20  nrf_drv_spi.o(i.nrf_gpio_cfg_output)
    i.nrf_gpio_cfg_sense_set                 0x0001f02c   Section        0  nrf_drv_gpiote.o(i.nrf_gpio_cfg_sense_set)
    nrf_gpio_cfg_sense_set                   0x0001f02d   Thumb Code    34  nrf_drv_gpiote.o(i.nrf_gpio_cfg_sense_set)
    i.nrf_gpio_pin_clear                     0x0001f050   Section        0  memory_interface.o(i.nrf_gpio_pin_clear)
    nrf_gpio_pin_clear                       0x0001f051   Thumb Code    10  memory_interface.o(i.nrf_gpio_pin_clear)
    i.nrf_gpio_pin_clear                     0x0001f060   Section        0  led.o(i.nrf_gpio_pin_clear)
    nrf_gpio_pin_clear                       0x0001f061   Thumb Code    10  led.o(i.nrf_gpio_pin_clear)
    i.nrf_gpio_pin_read                      0x0001f070   Section        0  key.o(i.nrf_gpio_pin_read)
    nrf_gpio_pin_read                        0x0001f071   Thumb Code    12  key.o(i.nrf_gpio_pin_read)
    i.nrf_gpio_pin_set                       0x0001f080   Section        0  memory_interface.o(i.nrf_gpio_pin_set)
    nrf_gpio_pin_set                         0x0001f081   Thumb Code    10  memory_interface.o(i.nrf_gpio_pin_set)
    i.nrf_gpio_pin_set                       0x0001f090   Section        0  led.o(i.nrf_gpio_pin_set)
    nrf_gpio_pin_set                         0x0001f091   Thumb Code    10  led.o(i.nrf_gpio_pin_set)
    i.nrf_gpio_pin_set                       0x0001f0a0   Section        0  nrf_drv_spi.o(i.nrf_gpio_pin_set)
    nrf_gpio_pin_set                         0x0001f0a1   Thumb Code    10  nrf_drv_spi.o(i.nrf_gpio_pin_set)
    i.nrf_gpio_pin_toggle                    0x0001f0b0   Section        0  led.o(i.nrf_gpio_pin_toggle)
    nrf_gpio_pin_toggle                      0x0001f0b1   Thumb Code    20  led.o(i.nrf_gpio_pin_toggle)
    i.nrf_gpio_ports_read                    0x0001f0c8   Section        0  nrf_drv_gpiote.o(i.nrf_gpio_ports_read)
    nrf_gpio_ports_read                      0x0001f0c9   Thumb Code    36  nrf_drv_gpiote.o(i.nrf_gpio_ports_read)
    i.nrf_gpiote_event_clear                 0x0001f0f0   Section        0  nrf_drv_gpiote.o(i.nrf_gpiote_event_clear)
    nrf_gpiote_event_clear                   0x0001f0f1   Thumb Code    10  nrf_drv_gpiote.o(i.nrf_gpiote_event_clear)
    i.nrf_gpiote_event_is_set                0x0001f100   Section        0  nrf_drv_gpiote.o(i.nrf_gpiote_event_is_set)
    nrf_gpiote_event_is_set                  0x0001f101   Thumb Code    14  nrf_drv_gpiote.o(i.nrf_gpiote_event_is_set)
    i.nrf_log_backend_hexdump_handler_get    0x0001f114   Section        0  nrf_log_backend_serial.o(i.nrf_log_backend_hexdump_handler_get)
    i.nrf_log_backend_init                   0x0001f11c   Section        0  nrf_log_backend_serial.o(i.nrf_log_backend_init)
    i.nrf_log_backend_serial_hexdump_handler 0x0001f194   Section        0  nrf_log_backend_serial.o(i.nrf_log_backend_serial_hexdump_handler)
    nrf_log_backend_serial_hexdump_handler   0x0001f195   Thumb Code   306  nrf_log_backend_serial.o(i.nrf_log_backend_serial_hexdump_handler)
    i.nrf_log_backend_serial_std_handler     0x0001f2c6   Section        0  nrf_log_backend_serial.o(i.nrf_log_backend_serial_std_handler)
    nrf_log_backend_serial_std_handler       0x0001f2c7   Thumb Code   260  nrf_log_backend_serial.o(i.nrf_log_backend_serial_std_handler)
    i.nrf_log_backend_std_handler_get        0x0001f3cc   Section        0  nrf_log_backend_serial.o(i.nrf_log_backend_std_handler_get)
    i.nrf_log_direct_feed                    0x0001f3d4   Section        0  nrf_log_frontend.o(i.nrf_log_direct_feed)
    nrf_log_direct_feed                      0x0001f3d5   Thumb Code    20  nrf_log_frontend.o(i.nrf_log_direct_feed)
    i.nrf_log_frontend_hexdump               0x0001f3ec   Section        0  nrf_log_frontend.o(i.nrf_log_frontend_hexdump)
    i.nrf_log_frontend_std_0                 0x0001f41c   Section        0  nrf_log_frontend.o(i.nrf_log_frontend_std_0)
    i.nrf_log_frontend_std_1                 0x0001f428   Section        0  nrf_log_frontend.o(i.nrf_log_frontend_std_1)
    i.nrf_log_handlers_set                   0x0001f438   Section        0  nrf_log_frontend.o(i.nrf_log_handlers_set)
    i.nrf_log_init                           0x0001f444   Section        0  nrf_log_frontend.o(i.nrf_log_init)
    i.nrf_uart_event_check                   0x0001f466   Section        0  nrf_drv_uart.o(i.nrf_uart_event_check)
    nrf_uart_event_check                     0x0001f467   Thumb Code    10  nrf_drv_uart.o(i.nrf_uart_event_check)
    i.nrf_uart_int_enable_check              0x0001f470   Section        0  nrf_drv_uart.o(i.nrf_uart_int_enable_check)
    nrf_uart_int_enable_check                0x0001f471   Thumb Code    16  nrf_drv_uart.o(i.nrf_uart_int_enable_check)
    i.nus_data_handler                       0x0001f480   Section        0  main.o(i.nus_data_handler)
    nus_data_handler                         0x0001f481   Thumb Code    12  main.o(i.nus_data_handler)
    i.nus_data_handler_protocol_op           0x0001f48c   Section        0  ble_cmd_op.o(i.nus_data_handler_protocol_op)
    i.on_adv_evt                             0x0001f4e4   Section        0  main.o(i.on_adv_evt)
    on_adv_evt                               0x0001f4e5   Thumb Code     2  main.o(i.on_adv_evt)
    i.on_ble_evt                             0x0001f4e8   Section        0  main.o(i.on_ble_evt)
    on_ble_evt                               0x0001f4e9   Thumb Code   196  main.o(i.on_ble_evt)
    i.on_conn_params_evt                     0x0001f5d0   Section        0  main.o(i.on_conn_params_evt)
    on_conn_params_evt                       0x0001f5d1   Thumb Code    26  main.o(i.on_conn_params_evt)
    i.put_fat                                0x0001f5f0   Section        0  ff.o(i.put_fat)
    i.ram_end_address_get                    0x0001f76a   Section        0  softdevice_handler.o(i.ram_end_address_get)
    ram_end_address_get                      0x0001f76b   Thumb Code    16  softdevice_handler.o(i.ram_end_address_get)
    i.read_dir                               0x0001f77c   Section        0  memory_interface.o(i.read_dir)
    i.read_file                              0x0001f878   Section        0  memory_interface.o(i.read_file)
    i.read_file_for_line                     0x0001f9f0   Section        0  memory_interface.o(i.read_file_for_line)
    i.remove_chain                           0x0001fa48   Section        0  ff.o(i.remove_chain)
    remove_chain                             0x0001fa49   Thumb Code   176  ff.o(i.remove_chain)
    i.rtc1_stop                              0x0001faf8   Section        0  app_timer.o(i.rtc1_stop)
    rtc1_stop                                0x0001faf9   Thumb Code    50  app_timer.o(i.rtc1_stop)
    i.rx_byte                                0x0001fb3c   Section        0  nrf_drv_uart.o(i.rx_byte)
    rx_byte                                  0x0001fb3d   Thumb Code    38  nrf_drv_uart.o(i.rx_byte)
    i.rx_char_add                            0x0001fb62   Section        0  ble_nus.o(i.rx_char_add)
    rx_char_add                              0x0001fb63   Thumb Code   160  ble_nus.o(i.rx_char_add)
    i.rx_done_event                          0x0001fc02   Section        0  nrf_drv_uart.o(i.rx_done_event)
    rx_done_event                            0x0001fc03   Thumb Code    20  nrf_drv_uart.o(i.rx_done_event)
    i.sd_nvic_EnableIRQ                      0x0001fc18   Section        0  softdevice_handler.o(i.sd_nvic_EnableIRQ)
    sd_nvic_EnableIRQ                        0x0001fc19   Thumb Code   112  softdevice_handler.o(i.sd_nvic_EnableIRQ)
    i.serial_is_busy                         0x0001fc9c   Section        0  nrf_log_backend_serial.o(i.serial_is_busy)
    serial_is_busy                           0x0001fc9d   Thumb Code    10  nrf_log_backend_serial.o(i.serial_is_busy)
    i.serial_tx                              0x0001fcac   Section        0  nrf_log_backend_serial.o(i.serial_tx)
    serial_tx                                0x0001fcad   Thumb Code    36  nrf_log_backend_serial.o(i.serial_tx)
    i.service_data_encode                    0x0001fcd8   Section        0  ble_advdata.o(i.service_data_encode)
    service_data_encode                      0x0001fcd9   Thumb Code   142  ble_advdata.o(i.service_data_encode)
    i.set_adv_mode_fast                      0x0001fd68   Section        0  ble_advertising.o(i.set_adv_mode_fast)
    set_adv_mode_fast                        0x0001fd69   Thumb Code    80  ble_advertising.o(i.set_adv_mode_fast)
    i.set_adv_mode_slow                      0x0001fdc0   Section        0  ble_advertising.o(i.set_adv_mode_slow)
    set_adv_mode_slow                        0x0001fdc1   Thumb Code    76  ble_advertising.o(i.set_adv_mode_slow)
    i.softdevice_ble_evt_handler_set         0x0001fe14   Section        0  softdevice_handler.o(i.softdevice_ble_evt_handler_set)
    i.softdevice_enable                      0x0001fe28   Section        0  softdevice_handler.o(i.softdevice_enable)
    i.softdevice_enable_get_default_config   0x0001fecc   Section        0  softdevice_handler.o(i.softdevice_enable_get_default_config)
    i.softdevice_fault_handler               0x0001fef4   Section        0  softdevice_handler.o(i.softdevice_fault_handler)
    i.softdevice_handler_init                0x0001fefc   Section        0  softdevice_handler.o(i.softdevice_handler_init)
    i.softdevice_handler_is_enabled          0x0001ff54   Section        0  softdevice_handler.o(i.softdevice_handler_is_enabled)
    i.spi_event_handler                      0x0001ff60   Section        0  memory_interface.o(i.spi_event_handler)
    i.spi_xfer                               0x0001ff6c   Section        0  nrf_drv_spi.o(i.spi_xfer)
    spi_xfer                                 0x0001ff6d   Thumb Code   114  nrf_drv_spi.o(i.spi_xfer)
    i.sync                                   0x0001ffde   Section        0  ff.o(i.sync)
    sync                                     0x0001ffdf   Thumb Code   190  ff.o(i.sync)
    i.tick_timer_handler                     0x0002009c   Section        0  sys_task.o(i.tick_timer_handler)
    i.timer_list_handler                     0x00020150   Section        0  app_timer.o(i.timer_list_handler)
    timer_list_handler                       0x00020151   Thumb Code   128  app_timer.o(i.timer_list_handler)
    i.timer_list_handler_sched               0x000201d4   Section        0  app_timer.o(i.timer_list_handler_sched)
    timer_list_handler_sched                 0x000201d5   Thumb Code    10  app_timer.o(i.timer_list_handler_sched)
    i.timer_list_insert                      0x000201e4   Section        0  app_timer.o(i.timer_list_insert)
    timer_list_insert                        0x000201e5   Thumb Code    60  app_timer.o(i.timer_list_insert)
    i.timer_stop_op_schedule                 0x00020224   Section        0  app_timer.o(i.timer_stop_op_schedule)
    timer_stop_op_schedule                   0x00020225   Thumb Code    68  app_timer.o(i.timer_stop_op_schedule)
    i.timer_timeouts_check                   0x0002026c   Section        0  app_timer.o(i.timer_timeouts_check)
    timer_timeouts_check                     0x0002026d   Thumb Code   118  app_timer.o(i.timer_timeouts_check)
    i.timestamp_process                      0x000202ec   Section        0  nrf_log_backend_serial.o(i.timestamp_process)
    timestamp_process                        0x000202ed   Thumb Code    42  nrf_log_backend_serial.o(i.timestamp_process)
    i.transfer_byte                          0x00020320   Section        0  nrf_drv_spi.o(i.transfer_byte)
    transfer_byte                            0x00020321   Thumb Code    80  nrf_drv_spi.o(i.transfer_byte)
    i.tx_byte                                0x00020370   Section        0  nrf_drv_uart.o(i.tx_byte)
    tx_byte                                  0x00020371   Thumb Code    30  nrf_drv_uart.o(i.tx_byte)
    i.tx_char_add                            0x0002038e   Section        0  ble_nus.o(i.tx_char_add)
    tx_char_add                              0x0002038f   Thumb Code   128  ble_nus.o(i.tx_char_add)
    i.tx_done_event                          0x0002040e   Section        0  nrf_drv_uart.o(i.tx_done_event)
    tx_done_event                            0x0002040f   Thumb Code    24  nrf_drv_uart.o(i.tx_done_event)
    i.uart_event_handler                     0x00020428   Section        0  nrf_log_backend_serial.o(i.uart_event_handler)
    uart_event_handler                       0x00020429   Thumb Code    12  nrf_log_backend_serial.o(i.uart_event_handler)
    i.uart_irq_handler                       0x00020438   Section        0  nrf_drv_uart.o(i.uart_irq_handler)
    uart_irq_handler                         0x00020439   Thumb Code   296  nrf_drv_uart.o(i.uart_irq_handler)
    i.uart_tx_data                           0x00020560   Section        0  ble_cmd_op.o(i.uart_tx_data)
    i.uint16_encode                          0x00020562   Section        0  ble_advdata.o(i.uint16_encode)
    uint16_encode                            0x00020563   Thumb Code    10  ble_advdata.o(i.uint16_encode)
    i.update_timeout_handler                 0x0002056c   Section        0  ble_conn_params.o(i.update_timeout_handler)
    update_timeout_handler                   0x0002056d   Thumb Code    94  ble_conn_params.o(i.update_timeout_handler)
    i.user_op_alloc                          0x00020608   Section        0  app_timer.o(i.user_op_alloc)
    user_op_alloc                            0x00020609   Thumb Code    40  app_timer.o(i.user_op_alloc)
    i.uuid_list_encode                       0x00020634   Section        0  ble_advdata.o(i.uuid_list_encode)
    uuid_list_encode                         0x00020635   Thumb Code    48  ble_advdata.o(i.uuid_list_encode)
    i.uuid_list_sized_encode                 0x00020664   Section        0  ble_advdata.o(i.uuid_list_sized_encode)
    uuid_list_sized_encode                   0x00020665   Thumb Code   174  ble_advdata.o(i.uuid_list_sized_encode)
    i.validate                               0x00020712   Section        0  ff.o(i.validate)
    validate                                 0x00020713   Thumb Code    42  ff.o(i.validate)
    i.whitelist_has_entries                  0x0002073c   Section        0  ble_advertising.o(i.whitelist_has_entries)
    whitelist_has_entries                    0x0002073d   Thumb Code    18  ble_advertising.o(i.whitelist_has_entries)
    i.write_file                             0x00020754   Section        0  memory_interface.o(i.write_file)
    .constdata                               0x00020860   Section       12  main.o(.constdata)
    .constdata                               0x0002086c   Section       28  memory_interface.o(.constdata)
    spi                                      0x00020870   Data           8  memory_interface.o(.constdata)
    .constdata                               0x00020888   Section     9193  cmdiphonesp.o(.constdata)
    .constdata                               0x00022c74   Section        8  power.o(.constdata)
    .constdata                               0x00022c7c   Section        4  ble_conn_params.o(.constdata)
    m_conn_params_timer_id                   0x00022c7c   Data           4  ble_conn_params.o(.constdata)
    .constdata                               0x00022c80   Section        4  nrf_drv_gpiote.o(.constdata)
    .constdata                               0x00022c84   Section       32  nrf_log_backend_serial.o(.constdata)
    .constdata                               0x00022ca4   Section      129  ctype_o.o(.constdata)
    .constdata                               0x00022d28   Section        4  ctype_o.o(.constdata)
    table                                    0x00022d28   Data           4  ctype_o.o(.constdata)
    .conststring                             0x00022d2c   Section       66  softdevice_handler.o(.conststring)
    .data                                    0x20001fe8   Section       12  main.o(.data)
    index                                    0x20001fe8   Data           1  main.o(.data)
    m_conn_handle                            0x20001fea   Data           2  main.o(.data)
    m_adv_uuids                              0x20001fec   Data           4  main.o(.data)
    led_num                                  0x20001ff0   Data           4  main.o(.data)
    .data                                    0x20001ff4   Section       28  memory_interface.o(.data)
    flagTxIphoneCmd                          0x20001ff4   Data           1  memory_interface.o(.data)
    spi_xfer_done                            0x20001ff5   Data           1  memory_interface.o(.data)
    i                                        0x20001ff8   Data           4  memory_interface.o(.data)
    .data                                    0x20002010   Section        5  key.o(.data)
    .data                                    0x20002018   Section        8  power.o(.data)
    sleep_delay_num                          0x2000201c   Data           4  power.o(.data)
    .data                                    0x20002020   Section       12  sys_task.o(.data)
    .data                                    0x2000202c   Section        1  led.o(.data)
    flagblink                                0x2000202c   Data           1  led.o(.data)
    .data                                    0x20002030   Section        4  system_nrf51.o(.data)
    __tagsym$$used                           0x20002030   Number         0  system_nrf51.o(.data)
    .data                                    0x20002034   Section       48  ble_advertising.o(.data)
    m_initialized                            0x20002034   Data           1  ble_advertising.o(.data)
    m_advertising_start_pending              0x20002035   Data           1  ble_advertising.o(.data)
    m_adv_evt                                0x20002036   Data           1  ble_advertising.o(.data)
    m_adv_mode_current                       0x20002037   Data           1  ble_advertising.o(.data)
    m_peer_addr_reply_expected               0x20002038   Data           1  ble_advertising.o(.data)
    m_whitelist_temporarily_disabled         0x20002039   Data           1  ble_advertising.o(.data)
    m_whitelist_reply_expected               0x2000203a   Data           1  ble_advertising.o(.data)
    m_current_slave_link_conn_handle         0x2000203c   Data           2  ble_advertising.o(.data)
    m_slave_conn_int                         0x2000203e   Data           4  ble_advertising.o(.data)
    m_evt_handler                            0x20002044   Data           4  ble_advertising.o(.data)
    m_error_handler                          0x20002048   Data           4  ble_advertising.o(.data)
    m_peer_address                           0x2000204c   Data           7  ble_advertising.o(.data)
    m_whitelist                              0x20002054   Data          16  ble_advertising.o(.data)
    .data                                    0x20002064   Section       20  ble_conn_params.o(.data)
    m_change_param                           0x20002064   Data           1  ble_conn_params.o(.data)
    m_update_count                           0x20002065   Data           1  ble_conn_params.o(.data)
    m_conn_handle                            0x20002066   Data           2  ble_conn_params.o(.data)
    m_preferred_conn_params                  0x20002068   Data           8  ble_conn_params.o(.data)
    m_current_conn_params                    0x20002070   Data           8  ble_conn_params.o(.data)
    .data                                    0x20002078   Section       32  app_timer.o(.data)
    m_ticks_elapsed_q_read_ind               0x20002078   Data           1  app_timer.o(.data)
    m_ticks_elapsed_q_write_ind              0x20002079   Data           1  app_timer.o(.data)
    m_rtc1_running                           0x2000207a   Data           1  app_timer.o(.data)
    m_rtc1_reset                             0x2000207b   Data           1  app_timer.o(.data)
    mp_timer_id_head                         0x2000207c   Data           4  app_timer.o(.data)
    m_ticks_latest                           0x20002080   Data           4  app_timer.o(.data)
    m_evt_schedule_func                      0x20002084   Data           4  app_timer.o(.data)
    m_op_queue                               0x20002088   Data           8  app_timer.o(.data)
    m_ticks_elapsed                          0x20002090   Data           8  app_timer.o(.data)
    .data                                    0x20002098   Section       12  app_util_platform.o(.data)
    m_in_critical_region                     0x20002098   Data           4  app_util_platform.o(.data)
    .data                                    0x200020a4   Section       12  nrf_log_backend_serial.o(.data)
    m_initialized                            0x200020a4   Data           1  nrf_log_backend_serial.o(.data)
    m_blocking_mode                          0x200020a5   Data           1  nrf_log_backend_serial.o(.data)
    m_rx_done                                0x200020a6   Data           1  nrf_log_backend_serial.o(.data)
    m_uart                                   0x200020a8   Data           8  nrf_log_backend_serial.o(.data)
    .data                                    0x200020b0   Section       20  softdevice_handler.o(.data)
    m_softdevice_enabled                     0x200020b0   Data           1  softdevice_handler.o(.data)
    m_suspended                              0x200020b1   Data           1  softdevice_handler.o(.data)
    m_ble_evt_buffer_size                    0x200020b2   Data           2  softdevice_handler.o(.data)
    m_evt_schedule_func                      0x200020b4   Data           4  softdevice_handler.o(.data)
    mp_ble_evt_buffer                        0x200020b8   Data           4  softdevice_handler.o(.data)
    m_ble_evt_handler                        0x200020bc   Data           4  softdevice_handler.o(.data)
    m_sys_evt_handler                        0x200020c0   Data           4  softdevice_handler.o(.data)
    .data                                    0x200020c4   Section        8  ff.o(.data)
    Fsid                                     0x200020c4   Data           2  ff.o(.data)
    FatFs                                    0x200020c8   Data           4  ff.o(.data)
    .bss                                     0x200020cc   Section       32  main.o(.bss)
    .bss                                     0x200020ec   Section       32  main.o(.bss)
    .bss                                     0x2000210c   Section      240  main.o(.bss)
    BLE_EVT_BUFFER                           0x2000210c   Data          72  main.o(.bss)
    data_array                               0x20002154   Data          20  main.o(.bss)
    APP_TIMER_BUF                            0x20002168   Data         120  main.o(.bss)
    .bss                                     0x200021fc   Section    12376  memory_interface.o(.bss)
    .bss                                     0x20005254   Section      120  ble_cmd_op.o(.bss)
    .bss                                     0x200052cc   Section      363  ble_advertising.o(.bss)
    m_adv_modes_config                       0x200052cc   Data          32  ble_advertising.o(.bss)
    m_advdata                                0x200052ec   Data          60  ble_advertising.o(.bss)
    m_manuf_specific_data                    0x20005328   Data          12  ble_advertising.o(.bss)
    m_manuf_data_array                       0x20005334   Data          31  ble_advertising.o(.bss)
    m_service_data                           0x20005354   Data          12  ble_advertising.o(.bss)
    m_service_data_array                     0x20005360   Data          31  ble_advertising.o(.bss)
    m_whitelist_addrs                        0x2000537f   Data          56  ble_advertising.o(.bss)
    m_whitelist_irks                         0x200053b7   Data         128  ble_advertising.o(.bss)
    .bss                                     0x20005438   Section       32  ble_advertising.o(.bss)
    m_p_whitelist_addrs                      0x20005438   Data          32  ble_advertising.o(.bss)
    .bss                                     0x20005458   Section       32  ble_advertising.o(.bss)
    m_p_whitelist_irks                       0x20005458   Data          32  ble_advertising.o(.bss)
    .bss                                     0x20005478   Section       32  ble_conn_params.o(.bss)
    m_conn_params_timer_id_data              0x20005478   Data          32  ble_conn_params.o(.bss)
    .bss                                     0x20005498   Section       28  ble_conn_params.o(.bss)
    m_conn_params_config                     0x20005498   Data          28  ble_conn_params.o(.bss)
    .bss                                     0x200054b4   Section       20  nrf_drv_clock.o(.bss)
    m_clock_cb                               0x200054b4   Data          20  nrf_drv_clock.o(.bss)
    .bss                                     0x200054c8   Section       72  nrf_drv_gpiote.o(.bss)
    m_cb                                     0x200054c8   Data          72  nrf_drv_gpiote.o(.bss)
    .bss                                     0x20005510   Section       28  nrf_drv_uart.o(.bss)
    m_cb                                     0x20005510   Data          28  nrf_drv_uart.o(.bss)
    .bss                                     0x2000552c   Section       32  nrf_drv_spi.o(.bss)
    m_cb                                     0x2000552c   Data          32  nrf_drv_spi.o(.bss)
    .bss                                     0x2000554c   Section       20  nrf_drv_adc.o(.bss)
    m_cb                                     0x2000554c   Data          20  nrf_drv_adc.o(.bss)
    .bss                                     0x20005560   Section       32  app_error.o(.bss)
    m_error_data                             0x20005560   Data          32  app_error.o(.bss)
    .bss                                     0x20005580   Section      104  fstorage.o(.bss)
    m_queue                                  0x20005580   Data         104  fstorage.o(.bss)
    .bss                                     0x200055e8   Section      256  nrf_log_backend_serial.o(.bss)
    m_uart_buffer                            0x200055e8   Data         256  nrf_log_backend_serial.o(.bss)
    .bss                                     0x200056e8   Section       28  nrf_log_frontend.o(.bss)
    m_log_data                               0x200056e8   Data          28  nrf_log_frontend.o(.bss)
    STACK                                    0x20005708   Section     2048  arm_startup_nrf51.o(STACK)

    Global Symbols

    Symbol Name                              Value     Ov Type        Size  Object(Section)

    BuildAttributes$$THM_ISAv3M$S$PE$A:L22$X:L11$S22$IEEE1$IW$USESV6$~STKCKD$USESV7$~SHL$OSPACE$ROPI$EBA8$MICROLIB$REQ8$PRES8$EABIv2 0x00000000   Number         0  anon$$obj.o ABSOLUTE
    __ARM_use_no_argv                        0x00000000   Number         0  main.o ABSOLUTE
    _printf_a                                0x00000000   Number         0  stubs.o ABSOLUTE
    _printf_c                                0x00000000   Number         0  stubs.o ABSOLUTE
    _printf_charcount                        0x00000000   Number         0  stubs.o ABSOLUTE
    _printf_d                                0x00000000   Number         0  stubs.o ABSOLUTE
    _printf_e                                0x00000000   Number         0  stubs.o ABSOLUTE
    _printf_f                                0x00000000   Number         0  stubs.o ABSOLUTE
    _printf_flags                            0x00000000   Number         0  stubs.o ABSOLUTE
    _printf_fp_dec                           0x00000000   Number         0  stubs.o ABSOLUTE
    _printf_fp_hex                           0x00000000   Number         0  stubs.o ABSOLUTE
    _printf_g                                0x00000000   Number         0  stubs.o ABSOLUTE
    _printf_i                                0x00000000   Number         0  stubs.o ABSOLUTE
    _printf_int_dec                          0x00000000   Number         0  stubs.o ABSOLUTE
    _printf_l                                0x00000000   Number         0  stubs.o ABSOLUTE
    _printf_lc                               0x00000000   Number         0  stubs.o ABSOLUTE
    _printf_ll                               0x00000000   Number         0  stubs.o ABSOLUTE
    _printf_lld                              0x00000000   Number         0  stubs.o ABSOLUTE
    _printf_lli                              0x00000000   Number         0  stubs.o ABSOLUTE
    _printf_llo                              0x00000000   Number         0  stubs.o ABSOLUTE
    _printf_llu                              0x00000000   Number         0  stubs.o ABSOLUTE
    _printf_llx                              0x00000000   Number         0  stubs.o ABSOLUTE
    _printf_longlong_dec                     0x00000000   Number         0  stubs.o ABSOLUTE
    _printf_longlong_hex                     0x00000000   Number         0  stubs.o ABSOLUTE
    _printf_longlong_oct                     0x00000000   Number         0  stubs.o ABSOLUTE
    _printf_ls                               0x00000000   Number         0  stubs.o ABSOLUTE
    _printf_mbtowc                           0x00000000   Number         0  stubs.o ABSOLUTE
    _printf_n                                0x00000000   Number         0  stubs.o ABSOLUTE
    _printf_o                                0x00000000   Number         0  stubs.o ABSOLUTE
    _printf_p                                0x00000000   Number         0  stubs.o ABSOLUTE
    _printf_percent                          0x00000000   Number         0  stubs.o ABSOLUTE
    _printf_pre_padding                      0x00000000   Number         0  stubs.o ABSOLUTE
    _printf_return_value                     0x00000000   Number         0  stubs.o ABSOLUTE
    _printf_s                                0x00000000   Number         0  stubs.o ABSOLUTE
    _printf_sizespec                         0x00000000   Number         0  stubs.o ABSOLUTE
    _printf_str                              0x00000000   Number         0  stubs.o ABSOLUTE
    _printf_truncate_signed                  0x00000000   Number         0  stubs.o ABSOLUTE
    _printf_truncate_unsigned                0x00000000   Number         0  stubs.o ABSOLUTE
    _printf_u                                0x00000000   Number         0  stubs.o ABSOLUTE
    _printf_wc                               0x00000000   Number         0  stubs.o ABSOLUTE
    _printf_wctomb                           0x00000000   Number         0  stubs.o ABSOLUTE
    _printf_widthprec                        0x00000000   Number         0  stubs.o ABSOLUTE
    _printf_x                                0x00000000   Number         0  stubs.o ABSOLUTE
    __cpp_initialize__aeabi_                  - Undefined Weak Reference
    __cxa_finalize                            - Undefined Weak Reference
    __decompress                              - Undefined Weak Reference
    _clock_init                               - Undefined Weak Reference
    _microlib_exit                            - Undefined Weak Reference
    fs_data$$Base                             - Undefined Reference
    fs_data$$Limit                            - Undefined Reference
    __Vectors_Size                           0x000000c0   Number         0  arm_startup_nrf51.o ABSOLUTE
    __Vectors                                0x0001b000   Data           4  arm_startup_nrf51.o(RESET)
    __Vectors_End                            0x0001b0c0   Data           0  arm_startup_nrf51.o(RESET)
    __main                                   0x0001b0c1   Thumb Code     0  entry.o(.ARM.Collect$$$$00000000)
    _main_stk                                0x0001b0c1   Thumb Code     0  entry2.o(.ARM.Collect$$$$00000001)
    _main_scatterload                        0x0001b0c5   Thumb Code     0  entry5.o(.ARM.Collect$$$$00000004)
    __main_after_scatterload                 0x0001b0c9   Thumb Code     0  entry5.o(.ARM.Collect$$$$00000004)
    _main_clock                              0x0001b0c9   Thumb Code     0  entry7b.o(.ARM.Collect$$$$00000008)
    _main_cpp_init                           0x0001b0c9   Thumb Code     0  entry8b.o(.ARM.Collect$$$$0000000A)
    _main_init                               0x0001b0c9   Thumb Code     0  entry9a.o(.ARM.Collect$$$$0000000B)
    __rt_final_cpp                           0x0001b0d1   Thumb Code     0  entry10a.o(.ARM.Collect$$$$0000000D)
    __rt_final_exit                          0x0001b0d1   Thumb Code     0  entry11a.o(.ARM.Collect$$$$0000000F)
    Reset_Handler                            0x0001b0d5   Thumb Code    26  arm_startup_nrf51.o(.text)
    NMI_Handler                              0x0001b0ef   Thumb Code     2  arm_startup_nrf51.o(.text)
    HardFault_Handler                        0x0001b0f1   Thumb Code     2  arm_startup_nrf51.o(.text)
    SVC_Handler                              0x0001b0f3   Thumb Code     2  arm_startup_nrf51.o(.text)
    PendSV_Handler                           0x0001b0f5   Thumb Code     2  arm_startup_nrf51.o(.text)
    SysTick_Handler                          0x0001b0f7   Thumb Code     2  arm_startup_nrf51.o(.text)
    CCM_AAR_IRQHandler                       0x0001b0f9   Thumb Code     0  arm_startup_nrf51.o(.text)
    ECB_IRQHandler                           0x0001b0f9   Thumb Code     0  arm_startup_nrf51.o(.text)
    LPCOMP_IRQHandler                        0x0001b0f9   Thumb Code     0  arm_startup_nrf51.o(.text)
    QDEC_IRQHandler                          0x0001b0f9   Thumb Code     0  arm_startup_nrf51.o(.text)
    RADIO_IRQHandler                         0x0001b0f9   Thumb Code     0  arm_startup_nrf51.o(.text)
    RNG_IRQHandler                           0x0001b0f9   Thumb Code     0  arm_startup_nrf51.o(.text)
    RTC0_IRQHandler                          0x0001b0f9   Thumb Code     0  arm_startup_nrf51.o(.text)
    SPI1_TWI1_IRQHandler                     0x0001b0f9   Thumb Code     0  arm_startup_nrf51.o(.text)
    SWI1_IRQHandler                          0x0001b0f9   Thumb Code     0  arm_startup_nrf51.o(.text)
    SWI3_IRQHandler                          0x0001b0f9   Thumb Code     0  arm_startup_nrf51.o(.text)
    SWI4_IRQHandler                          0x0001b0f9   Thumb Code     0  arm_startup_nrf51.o(.text)
    SWI5_IRQHandler                          0x0001b0f9   Thumb Code     0  arm_startup_nrf51.o(.text)
    TEMP_IRQHandler                          0x0001b0f9   Thumb Code     0  arm_startup_nrf51.o(.text)
    TIMER0_IRQHandler                        0x0001b0f9   Thumb Code     0  arm_startup_nrf51.o(.text)
    TIMER1_IRQHandler                        0x0001b0f9   Thumb Code     0  arm_startup_nrf51.o(.text)
    TIMER2_IRQHandler                        0x0001b0f9   Thumb Code     0  arm_startup_nrf51.o(.text)
    WDT_IRQHandler                           0x0001b0f9   Thumb Code     0  arm_startup_nrf51.o(.text)
    __aeabi_uidiv                            0x0001b10d   Thumb Code     0  uidiv.o(.text)
    __aeabi_uidivmod                         0x0001b10d   Thumb Code    44  uidiv.o(.text)
    __rt_ctype_table                         0x0001b139   Thumb Code     4  ctype_o.o(.text)
    __aeabi_memcpy                           0x0001b141   Thumb Code    36  memcpya.o(.text)
    __aeabi_memcpy4                          0x0001b141   Thumb Code     0  memcpya.o(.text)
    __aeabi_memcpy8                          0x0001b141   Thumb Code     0  memcpya.o(.text)
    __aeabi_memset                           0x0001b165   Thumb Code    14  memseta.o(.text)
    __aeabi_memset4                          0x0001b165   Thumb Code     0  memseta.o(.text)
    __aeabi_memset8                          0x0001b165   Thumb Code     0  memseta.o(.text)
    __aeabi_memclr                           0x0001b173   Thumb Code     4  memseta.o(.text)
    __aeabi_memclr4                          0x0001b173   Thumb Code     0  memseta.o(.text)
    __aeabi_memclr8                          0x0001b173   Thumb Code     0  memseta.o(.text)
    _memset$wrapper                          0x0001b177   Thumb Code    18  memseta.o(.text)
    strlen                                   0x0001b189   Thumb Code    14  strlen.o(.text)
    __aeabi_uread4                           0x0001b197   Thumb Code    20  uread4.o(.text)
    __rt_uread4                              0x0001b197   Thumb Code     0  uread4.o(.text)
    _uread4                                  0x0001b197   Thumb Code     0  uread4.o(.text)
    __aeabi_uwrite4                          0x0001b1ab   Thumb Code    18  uwrite4.o(.text)
    __rt_uwrite4                             0x0001b1ab   Thumb Code     0  uwrite4.o(.text)
    _uwrite4                                 0x0001b1ab   Thumb Code     0  uwrite4.o(.text)
    __aeabi_uldivmod                         0x0001b1bd   Thumb Code    96  uldiv.o(.text)
    __scatterload                            0x0001b21d   Thumb Code    28  init.o(.text)
    __scatterload_rt2                        0x0001b21d   Thumb Code     0  init.o(.text)
    __aeabi_llsl                             0x0001b241   Thumb Code    32  llshl.o(.text)
    _ll_shift_l                              0x0001b241   Thumb Code     0  llshl.o(.text)
    __aeabi_llsr                             0x0001b261   Thumb Code    34  llushr.o(.text)
    _ll_ushift_r                             0x0001b261   Thumb Code     0  llushr.o(.text)
    ADC_IRQHandler                           0x0001b285   Thumb Code    78  nrf_drv_adc.o(i.ADC_IRQHandler)
    Flash_PowerOn                            0x0001b2e5   Thumb Code   138  memory_interface.o(i.Flash_PowerOn)
    Flash_SectorErase                        0x0001b379   Thumb Code    82  memory_interface.o(i.Flash_SectorErase)
    Flash_WaitTaskFinished                   0x0001b3d9   Thumb Code    68  memory_interface.o(i.Flash_WaitTaskFinished)
    Flash_WriteEnable                        0x0001b421   Thumb Code    38  memory_interface.o(i.Flash_WriteEnable)
    GPIOTE_IRQHandler                        0x0001b44d   Thumb Code   364  nrf_drv_gpiote.o(i.GPIOTE_IRQHandler)
    POWER_CLOCK_IRQHandler                   0x0001b609   Thumb Code    70  nrf_drv_clock.o(i.POWER_CLOCK_IRQHandler)
    RTC1_IRQHandler                          0x0001b65d   Thumb Code    28  app_timer.o(i.RTC1_IRQHandler)
    Read_keyboard                            0x0001b67d   Thumb Code    32  key.o(i.Read_keyboard)
    SPI0_TWI0_IRQHandler                     0x0001b69d   Thumb Code    46  nrf_drv_spi.o(i.SPI0_TWI0_IRQHandler)
    SPI_Flash_Erase_Sector                   0x0001b6d5   Thumb Code    10  memory_interface.o(i.SPI_Flash_Erase_Sector)
    SWI0_IRQHandler                          0x0001b6df   Thumb Code     8  app_timer.o(i.SWI0_IRQHandler)
    SWI2_IRQHandler                          0x0001b6e9   Thumb Code    28  softdevice_handler.o(i.SWI2_IRQHandler)
    SystemInit                               0x0001b709   Thumb Code   130  system_nrf51.o(i.SystemInit)
    System_Func                              0x0001b7a9   Thumb Code     8  sys_task.o(i.System_Func)
    System_Task                              0x0001b7b1   Thumb Code   120  sys_task.o(i.System_Task)
    UART0_IRQHandler                         0x0001b82d   Thumb Code    12  nrf_drv_uart.o(i.UART0_IRQHandler)
    W25X_Read_Sector                         0x0001b841   Thumb Code    48  memory_interface.o(i.W25X_Read_Sector)
    W25X_Write_Sector                        0x0001b871   Thumb Code    54  memory_interface.o(i.W25X_Write_Sector)
    __0snprintf$8                            0x0001b8a9   Thumb Code    38  printf8.o(i.__0snprintf$8)
    __1snprintf$8                            0x0001b8a9   Thumb Code     0  printf8.o(i.__0snprintf$8)
    __2snprintf                              0x0001b8a9   Thumb Code     0  printf8.o(i.__0snprintf$8)
    __ARM_common_switch8                     0x0001b8d5   Thumb Code    26  ble_cmd_op.o(i.__ARM_common_switch8)
    __scatterload_copy                       0x0001b8ef   Thumb Code    14  handlers.o(i.__scatterload_copy)
    __scatterload_null                       0x0001b8fd   Thumb Code     2  handlers.o(i.__scatterload_null)
    __scatterload_zeroinit                   0x0001b8ff   Thumb Code    14  handlers.o(i.__scatterload_zeroinit)
    adc_config                               0x0001bdb5   Thumb Code    18  power.o(i.adc_config)
    adv_data_encode                          0x0001be2d   Thumb Code   398  ble_advdata.o(i.adv_data_encode)
    app_error_fault_handler                  0x0001c025   Thumb Code    28  app_error_weak.o(i.app_error_fault_handler)
    app_error_handler_bare                   0x0001c059   Thumb Code    20  app_error.o(i.app_error_handler_bare)
    app_error_save_and_stop                  0x0001c071   Thumb Code    90  app_error.o(i.app_error_save_and_stop)
    app_timer_create                         0x0001c0d5   Thumb Code    40  app_timer.o(i.app_timer_create)
    app_timer_init                           0x0001c101   Thumb Code    98  app_timer.o(i.app_timer_init)
    app_timer_start                          0x0001c175   Thumb Code   128  app_timer.o(i.app_timer_start)
    app_timer_stop                           0x0001c1fd   Thumb Code    36  app_timer.o(i.app_timer_stop)
    app_util_critical_region_enter           0x0001c225   Thumb Code    48  app_util_platform.o(i.app_util_critical_region_enter)
    app_util_critical_region_exit            0x0001c261   Thumb Code    36  app_util_platform.o(i.app_util_critical_region_exit)
    ble_advdata_set                          0x0001c311   Thumb Code   104  ble_advdata.o(i.ble_advdata_set)
    ble_advertising_init                     0x0001c379   Thumb Code   340  ble_advertising.o(i.ble_advertising_init)
    ble_advertising_on_ble_evt               0x0001c4d5   Thumb Code    82  ble_advertising.o(i.ble_advertising_on_ble_evt)
    ble_advertising_start                    0x0001c52d   Thumb Code   256  ble_advertising.o(i.ble_advertising_start)
    ble_cmd_getbattery                       0x0001c635   Thumb Code    40  ble_cmd_op.o(i.ble_cmd_getbattery)
    ble_cmd_getversion                       0x0001c661   Thumb Code    24  ble_cmd_op.o(i.ble_cmd_getversion)
    ble_cmd_read_phoneinfor                  0x0001c681   Thumb Code    52  ble_cmd_op.o(i.ble_cmd_read_phoneinfor)
    ble_cmd_transparentdebug                 0x0001c6bd   Thumb Code    14  ble_cmd_op.o(i.ble_cmd_transparentdebug)
    ble_cmd_write_file                       0x0001c6d1   Thumb Code    40  ble_cmd_op.o(i.ble_cmd_write_file)
    ble_cmd_write_phoneinfor                 0x0001c70d   Thumb Code    12  ble_cmd_op.o(i.ble_cmd_write_phoneinfor)
    ble_conn_params_init                     0x0001c719   Thumb Code    68  ble_conn_params.o(i.ble_conn_params_init)
    ble_conn_params_on_ble_evt               0x0001c76d   Thumb Code   130  ble_conn_params.o(i.ble_conn_params_on_ble_evt)
    ble_nus_init                             0x0001c881   Thumb Code    70  ble_nus.o(i.ble_nus_init)
    ble_nus_on_ble_evt                       0x0001c8cd   Thumb Code    92  ble_nus.o(i.ble_nus_on_ble_evt)
    ble_nus_string_send                      0x0001c929   Thumb Code    78  ble_nus.o(i.ble_nus_string_send)
    ble_srv_is_notification_enabled          0x0001c97d   Thumb Code    14  ble_srv_common.o(i.ble_srv_is_notification_enabled)
    clust2sect                               0x0001cd61   Thumb Code    38  ff.o(i.clust2sect)
    disk_initialize                          0x0001d409   Thumb Code    22  diskio.o(i.disk_initialize)
    disk_ioctl                               0x0001d43d   Thumb Code    46  diskio.o(i.disk_ioctl)
    disk_read                                0x0001d46d   Thumb Code    46  diskio.o(i.disk_read)
    disk_scan                                0x0001d4bd   Thumb Code    48  key.o(i.disk_scan)
    disk_status                              0x0001d4f1   Thumb Code     4  diskio.o(i.disk_status)
    disk_write                               0x0001d4f5   Thumb Code    38  diskio.o(i.disk_write)
    enter_sleep_mode                         0x0001d55d   Thumb Code    56  power.o(i.enter_sleep_mode)
    f_close                                  0x0001d5cd   Thumb Code    18  ff.o(i.f_close)
    f_gets                                   0x0001d5df   Thumb Code    68  ff.o(i.f_gets)
    f_mount                                  0x0001d625   Thumb Code    32  ff.o(i.f_mount)
    f_open                                   0x0001d649   Thumb Code   344  ff.o(i.f_open)
    f_opendir                                0x0001d7a1   Thumb Code   100  ff.o(i.f_opendir)
    f_read                                   0x0001d805   Thumb Code   426  ff.o(i.f_read)
    f_readdir                                0x0001d9af   Thumb Code    82  ff.o(i.f_readdir)
    f_sync                                   0x0001da01   Thumb Code   164  ff.o(i.f_sync)
    f_write                                  0x0001daa5   Thumb Code   482  ff.o(i.f_write)
    flash_readdata                           0x0001dc89   Thumb Code    80  memory_interface.o(i.flash_readdata)
    flash_writedata                          0x0001dcdd   Thumb Code   144  memory_interface.o(i.flash_writedata)
    fs_queued_op_count_get                   0x0001de35   Thumb Code    18  fstorage.o(i.fs_queued_op_count_get)
    get_adc_vol                              0x0001de4d   Thumb Code    54  power.o(i.get_adc_vol)
    get_fat                                  0x0001de91   Thumb Code   326  ff.o(i.get_fat)
    get_fattime                              0x0001dfd7   Thumb Code     4  diskio.o(i.get_fattime)
    init_disk                                0x0001e051   Thumb Code    58  memory_interface.o(i.init_disk)
    init_driver                              0x0001e0d5   Thumb Code    16  main.o(i.init_driver)
    init_key                                 0x0001e0e5   Thumb Code    46  key.o(i.init_key)
    intern_softdevice_events_execute         0x0001e119   Thumb Code   122  softdevice_handler.o(i.intern_softdevice_events_execute)
    iphone_disk_command_op                   0x0001e199   Thumb Code    62  memory_interface.o(i.iphone_disk_command_op)
    key_scan                                 0x0001e245   Thumb Code   168  key.o(i.key_scan)
    led_func                                 0x0001e385   Thumb Code   126  led.o(i.led_func)
    main                                     0x0001e5c5   Thumb Code   388  main.o(i.main)
    mainboard_wake_up                        0x0001e77d   Thumb Code    34  power.o(i.mainboard_wake_up)
    nrf_adc_configure                        0x0001e985   Thumb Code    60  nrf_adc.o(i.nrf_adc_configure)
    nrf_adc_convert_single                   0x0001e9c5   Thumb Code    32  nrf_adc.o(i.nrf_adc_convert_single)
    nrf_drv_clock_init                       0x0001ea95   Thumb Code    60  nrf_drv_clock.o(i.nrf_drv_clock_init)
    nrf_drv_clock_on_sd_enable               0x0001eadd   Thumb Code    46  nrf_drv_clock.o(i.nrf_drv_clock_on_sd_enable)
    nrf_drv_clock_on_soc_event               0x0001eb11   Thumb Code    12  nrf_drv_clock.o(i.nrf_drv_clock_on_soc_event)
    nrf_drv_common_irq_enable                0x0001eb1d   Thumb Code    78  nrf_drv_common.o(i.nrf_drv_common_irq_enable)
    nrf_drv_spi_init                         0x0001eb7d   Thumb Code   262  nrf_drv_spi.o(i.nrf_drv_spi_init)
    nrf_drv_spi_transfer                     0x0001ec91   Thumb Code    24  nrf_drv_spi.o(i.nrf_drv_spi_transfer)
    nrf_drv_spi_xfer                         0x0001eca9   Thumb Code   104  nrf_drv_spi.o(i.nrf_drv_spi_xfer)
    nrf_drv_uart_init                        0x0001ed19   Thumb Code   118  nrf_drv_uart.o(i.nrf_drv_uart_init)
    nrf_drv_uart_tx                          0x0001ed99   Thumb Code    46  nrf_drv_uart.o(i.nrf_drv_uart_tx)
    nrf_drv_uart_tx_in_progress              0x0001ee59   Thumb Code    20  nrf_drv_uart.o(i.nrf_drv_uart_tx_in_progress)
    nrf_drv_uart_uninit                      0x0001ee71   Thumb Code   140  nrf_drv_uart.o(i.nrf_drv_uart_uninit)
    nrf_log_backend_hexdump_handler_get      0x0001f115   Thumb Code     4  nrf_log_backend_serial.o(i.nrf_log_backend_hexdump_handler_get)
    nrf_log_backend_init                     0x0001f11d   Thumb Code   102  nrf_log_backend_serial.o(i.nrf_log_backend_init)
    nrf_log_backend_std_handler_get          0x0001f3cd   Thumb Code     4  nrf_log_backend_serial.o(i.nrf_log_backend_std_handler_get)
    nrf_log_frontend_hexdump                 0x0001f3ed   Thumb Code    42  nrf_log_frontend.o(i.nrf_log_frontend_hexdump)
    nrf_log_frontend_std_0                   0x0001f41d   Thumb Code    12  nrf_log_frontend.o(i.nrf_log_frontend_std_0)
    nrf_log_frontend_std_1                   0x0001f429   Thumb Code    14  nrf_log_frontend.o(i.nrf_log_frontend_std_1)
    nrf_log_handlers_set                     0x0001f439   Thumb Code     8  nrf_log_frontend.o(i.nrf_log_handlers_set)
    nrf_log_init                             0x0001f445   Thumb Code    34  nrf_log_frontend.o(i.nrf_log_init)
    nus_data_handler_protocol_op             0x0001f48d   Thumb Code    84  ble_cmd_op.o(i.nus_data_handler_protocol_op)
    put_fat                                  0x0001f5f1   Thumb Code   378  ff.o(i.put_fat)
    read_dir                                 0x0001f77d   Thumb Code   108  memory_interface.o(i.read_dir)
    read_file                                0x0001f879   Thumb Code   122  memory_interface.o(i.read_file)
    read_file_for_line                       0x0001f9f1   Thumb Code    78  memory_interface.o(i.read_file_for_line)
    softdevice_ble_evt_handler_set           0x0001fe15   Thumb Code    16  softdevice_handler.o(i.softdevice_ble_evt_handler_set)
    softdevice_enable                        0x0001fe29   Thumb Code    62  softdevice_handler.o(i.softdevice_enable)
    softdevice_enable_get_default_config     0x0001fecd   Thumb Code    40  softdevice_handler.o(i.softdevice_enable_get_default_config)
    softdevice_fault_handler                 0x0001fef5   Thumb Code     8  softdevice_handler.o(i.softdevice_fault_handler)
    softdevice_handler_init                  0x0001fefd   Thumb Code    74  softdevice_handler.o(i.softdevice_handler_init)
    softdevice_handler_is_enabled            0x0001ff55   Thumb Code     6  softdevice_handler.o(i.softdevice_handler_is_enabled)
    spi_event_handler                        0x0001ff61   Thumb Code     8  memory_interface.o(i.spi_event_handler)
    tick_timer_handler                       0x0002009d   Thumb Code   174  sys_task.o(i.tick_timer_handler)
    uart_tx_data                             0x00020561   Thumb Code     2  ble_cmd_op.o(i.uart_tx_data)
    write_file                               0x00020755   Thumb Code   100  memory_interface.o(i.write_file)
    m_tick_timer_id                          0x00020860   Data           4  main.o(.constdata)
    m_led_timer_id                           0x00020864   Data           4  main.o(.constdata)
    _accmdiphonesp                           0x00020888   Data        9193  cmdiphonesp.o(.constdata)
    __ctype_table                            0x00022ca4   Data         129  ctype_o.o(.constdata)
    Region$$Table$$Base                      0x00022d70   Number         0  anon$$obj.o(Region$$Table)
    Region$$Table$$Limit                     0x00022d90   Number         0  anon$$obj.o(Region$$Table)
    Image$$RW_IRAM1$$Base                    0x20001fe8   Number         0  anon$$obj.o ABSOLUTE
    tick_count                               0x20001ffc   Data           4  memory_interface.o(.data)
    filename                                 0x20002000   Data          16  memory_interface.o(.data)
    key_status                               0x20002010   Data           1  key.o(.data)
    new_key_status                           0x20002011   Data           1  key.o(.data)
    old_key_status                           0x20002012   Data           1  key.o(.data)
    key_code                                 0x20002013   Data           1  key.o(.data)
    key_hold_16hz_counter                    0x20002014   Data           1  key.o(.data)
    vol_c2                                   0x20002018   Data           2  power.o(.data)
    vol_c3                                   0x2000201a   Data           2  power.o(.data)
    system_timer_flag                        0x20002020   Data           2  sys_task.o(.data)
    sys_tick_count                           0x20002024   Data           4  sys_task.o(.data)
    system_func_flag                         0x20002028   Data           4  sys_task.o(.data)
    SystemCoreClock                          0x20002030   Data           4  system_nrf51.o(.data)
    nrf_nvic_state                           0x2000209c   Data           8  app_util_platform.o(.data)
    m_tick_timer_id_data                     0x200020cc   Data          32  main.o(.bss)
    m_led_timer_id_data                      0x200020ec   Data          32  main.o(.bss)
    m_nus                                    0x200021e0   Data          28  main.o(.bss)
    ReadBuffer                               0x200021fc   Data        4096  memory_interface.o(.bss)
    fs                                       0x200031fc   Data        4146  memory_interface.o(.bss)
    file                                     0x20004230   Data        4132  memory_interface.o(.bss)
    uart_tx_buff                             0x20005254   Data         100  ble_cmd_op.o(.bss)
    ble_tx_data                              0x200052b8   Data          20  ble_cmd_op.o(.bss)
    __initial_sp                             0x20005f08   Data           0  arm_startup_nrf51.o(STACK)



==============================================================================

Memory Map of the image

  Image Entry point : 0x0001b0c1

  Load Region LR_IROM1 (Base: 0x0001b000, Size: 0x00007e74, Max: 0x00025000, ABSOLUTE)

    Execution Region ER_IROM1 (Base: 0x0001b000, Size: 0x00007d90, Max: 0x00025000, ABSOLUTE)

    Base Addr    Size         Type   Attr      Idx    E Section Name        Object

    0x0001b000   0x000000c0   Data   RO          999    RESET               arm_startup_nrf51.o
    0x0001b0c0   0x00000000   Code   RO         3617  * .ARM.Collect$$$$00000000  mc_p.l(entry.o)
    0x0001b0c0   0x00000004   Code   RO         3925    .ARM.Collect$$$$00000001  mc_p.l(entry2.o)
    0x0001b0c4   0x00000004   Code   RO         3928    .ARM.Collect$$$$00000004  mc_p.l(entry5.o)
    0x0001b0c8   0x00000000   Code   RO         3930    .ARM.Collect$$$$00000008  mc_p.l(entry7b.o)
    0x0001b0c8   0x00000000   Code   RO         3932    .ARM.Collect$$$$0000000A  mc_p.l(entry8b.o)
    0x0001b0c8   0x00000008   Code   RO         3933    .ARM.Collect$$$$0000000B  mc_p.l(entry9a.o)
    0x0001b0d0   0x00000000   Code   RO         3935    .ARM.Collect$$$$0000000D  mc_p.l(entry10a.o)
    0x0001b0d0   0x00000000   Code   RO         3937    .ARM.Collect$$$$0000000F  mc_p.l(entry11a.o)
    0x0001b0d0   0x00000004   Code   RO         3926    .ARM.Collect$$$$00002712  mc_p.l(entry2.o)
    0x0001b0d4   0x00000038   Code   RO         1000    .text               arm_startup_nrf51.o
    0x0001b10c   0x0000002c   Code   RO         3620    .text               mc_p.l(uidiv.o)
    0x0001b138   0x00000008   Code   RO         3622    .text               mc_p.l(ctype_o.o)
    0x0001b140   0x00000024   Code   RO         3650    .text               mc_p.l(memcpya.o)
    0x0001b164   0x00000024   Code   RO         3652    .text               mc_p.l(memseta.o)
    0x0001b188   0x0000000e   Code   RO         3654    .text               mc_p.l(strlen.o)
    0x0001b196   0x00000014   Code   RO         3921    .text               mc_p.l(uread4.o)
    0x0001b1aa   0x00000012   Code   RO         3923    .text               mc_p.l(uwrite4.o)
    0x0001b1bc   0x00000060   Code   RO         3939    .text               mc_p.l(uldiv.o)
    0x0001b21c   0x00000024   Code   RO         3952    .text               mc_p.l(init.o)
    0x0001b240   0x00000020   Code   RO         3954    .text               mc_p.l(llshl.o)
    0x0001b260   0x00000022   Code   RO         3956    .text               mc_p.l(llushr.o)
    0x0001b282   0x00000002   PAD
    0x0001b284   0x00000060   Code   RO         2066    i.ADC_IRQHandler    nrf_drv_adc.o
    0x0001b2e4   0x00000094   Code   RO          349    i.Flash_PowerOn     memory_interface.o
    0x0001b378   0x00000060   Code   RO          350    i.Flash_SectorErase  memory_interface.o
    0x0001b3d8   0x00000048   Code   RO          351    i.Flash_WaitTaskFinished  memory_interface.o
    0x0001b420   0x0000002c   Code   RO          352    i.Flash_WriteEnable  memory_interface.o
    0x0001b44c   0x00000178   Code   RO         1598    i.GPIOTE_IRQHandler  nrf_drv_gpiote.o
    0x0001b5c4   0x00000044   Code   RO         2367    i.NVIC_SetPriority  app_timer.o
    0x0001b608   0x00000054   Code   RO         1392    i.POWER_CLOCK_IRQHandler  nrf_drv_clock.o
    0x0001b65c   0x00000020   Code   RO         2368    i.RTC1_IRQHandler   app_timer.o
    0x0001b67c   0x00000020   Code   RO          674    i.Read_keyboard     key.o
    0x0001b69c   0x00000038   Code   RO         1990    i.SPI0_TWI0_IRQHandler  nrf_drv_spi.o
    0x0001b6d4   0x0000000a   Code   RO          354    i.SPI_Flash_Erase_Sector  memory_interface.o
    0x0001b6de   0x00000008   Code   RO         2369    i.SWI0_IRQHandler   app_timer.o
    0x0001b6e6   0x00000002   PAD
    0x0001b6e8   0x00000020   Code   RO         3169    i.SWI2_IRQHandler   softdevice_handler.o
    0x0001b708   0x000000a0   Code   RO         1007    i.SystemInit        system_nrf51.o
    0x0001b7a8   0x00000008   Code   RO          802    i.System_Func       sys_task.o
    0x0001b7b0   0x0000007c   Code   RO          803    i.System_Task       sys_task.o
    0x0001b82c   0x00000014   Code   RO         1813    i.UART0_IRQHandler  nrf_drv_uart.o
    0x0001b840   0x00000030   Code   RO          356    i.W25X_Read_Sector  memory_interface.o
    0x0001b870   0x00000036   Code   RO          357    i.W25X_Write_Sector  memory_interface.o
    0x0001b8a6   0x00000002   PAD
    0x0001b8a8   0x0000002c   Code   RO         3868    i.__0snprintf$8     mc_p.l(printf8.o)
    0x0001b8d4   0x0000001a   Code   RO          666    i.__ARM_common_switch8  ble_cmd_op.o
    0x0001b8ee   0x0000000e   Code   RO         3966    i.__scatterload_copy  mc_p.l(handlers.o)
    0x0001b8fc   0x00000002   Code   RO         3967    i.__scatterload_null  mc_p.l(handlers.o)
    0x0001b8fe   0x0000000e   Code   RO         3968    i.__scatterload_zeroinit  mc_p.l(handlers.o)
    0x0001b90c   0x0000001c   Code   RO         3170    i.__sd_nvic_app_accessible_irq  softdevice_handler.o
    0x0001b928   0x00000428   Code   RO         3874    i._printf_core      mc_p.l(printf8.o)
    0x0001bd50   0x00000020   Code   RO         3875    i._printf_post_padding  mc_p.l(printf8.o)
    0x0001bd70   0x0000002c   Code   RO         3876    i._printf_pre_padding  mc_p.l(printf8.o)
    0x0001bd9c   0x00000016   Code   RO         3877    i._snputc           mc_p.l(printf8.o)
    0x0001bdb2   0x00000002   PAD
    0x0001bdb4   0x00000018   Code   RO          736    i.adc_config        power.o
    0x0001bdcc   0x00000060   Code   RO         2067    i.adc_sample_process  nrf_drv_adc.o
    0x0001be2c   0x0000018e   Code   RO         1061    i.adv_data_encode   ble_advdata.o
    0x0001bfba   0x00000002   PAD
    0x0001bfbc   0x00000068   Code   RO         1134    i.adv_mode_next_avail_get  ble_advertising.o
    0x0001c024   0x00000034   Code   RO         2278    i.app_error_fault_handler  app_error_weak.o
    0x0001c058   0x00000018   Code   RO         2246    i.app_error_handler_bare  app_error.o
    0x0001c070   0x00000064   Code   RO         2247    i.app_error_save_and_stop  app_error.o
    0x0001c0d4   0x0000002c   Code   RO         2372    i.app_timer_create  app_timer.o
    0x0001c100   0x00000074   Code   RO         2373    i.app_timer_init    app_timer.o
    0x0001c174   0x00000088   Code   RO         2374    i.app_timer_start   app_timer.o
    0x0001c1fc   0x00000028   Code   RO         2375    i.app_timer_stop    app_timer.o
    0x0001c224   0x0000003c   Code   RO         2571    i.app_util_critical_region_enter  app_util_platform.o
    0x0001c260   0x0000002c   Code   RO         2572    i.app_util_critical_region_exit  app_util_platform.o
    0x0001c28c   0x00000084   Code   RO         1814    i.apply_config      nrf_drv_uart.o
    0x0001c310   0x00000068   Code   RO         1062    i.ble_advdata_set   ble_advdata.o
    0x0001c378   0x0000015c   Code   RO         1135    i.ble_advertising_init  ble_advertising.o
    0x0001c4d4   0x00000058   Code   RO         1136    i.ble_advertising_on_ble_evt  ble_advertising.o
    0x0001c52c   0x00000108   Code   RO         1140    i.ble_advertising_start  ble_advertising.o
    0x0001c634   0x0000002c   Code   RO          586    i.ble_cmd_getbattery  ble_cmd_op.o
    0x0001c660   0x00000020   Code   RO          587    i.ble_cmd_getversion  ble_cmd_op.o
    0x0001c680   0x0000003c   Code   RO          590    i.ble_cmd_read_phoneinfor  ble_cmd_op.o
    0x0001c6bc   0x00000014   Code   RO          592    i.ble_cmd_transparentdebug  ble_cmd_op.o
    0x0001c6d0   0x0000003c   Code   RO          594    i.ble_cmd_write_file  ble_cmd_op.o
    0x0001c70c   0x0000000c   Code   RO          595    i.ble_cmd_write_phoneinfor  ble_cmd_op.o
    0x0001c718   0x00000054   Code   RO         1225    i.ble_conn_params_init  ble_conn_params.o
    0x0001c76c   0x00000090   Code   RO         1226    i.ble_conn_params_on_ble_evt  ble_conn_params.o
    0x0001c7fc   0x0000005e   Code   RO         1063    i.ble_device_addr_encode  ble_advdata.o
    0x0001c85a   0x00000002   PAD
    0x0001c85c   0x00000024   Code   RO            4    i.ble_evt_dispatch  main.o
    0x0001c880   0x0000004c   Code   RO         1350    i.ble_nus_init      ble_nus.o
    0x0001c8cc   0x0000005c   Code   RO         1351    i.ble_nus_on_ble_evt  ble_nus.o
    0x0001c928   0x00000054   Code   RO         1352    i.ble_nus_string_send  ble_nus.o
    0x0001c97c   0x0000000e   Code   RO         1297    i.ble_srv_is_notification_enabled  ble_srv_common.o
    0x0001c98a   0x00000012   Code   RO         2807    i.buf_len_update    nrf_log_backend_serial.o
    0x0001c99c   0x00000010   Code   RO         1601    i.channel_port_get  nrf_drv_gpiote.o
    0x0001c9ac   0x00000070   Code   RO         3355    i.check_fs          ff.o
    0x0001ca1c   0x0000031c   Code   RO         3356    i.chk_mounted       ff.o
    0x0001cd38   0x00000028   Code   RO         1393    i.clock_clk_started_notify  nrf_drv_clock.o
    0x0001cd60   0x00000026   Code   RO         3357    i.clust2sect        ff.o
    0x0001cd86   0x00000002   PAD
    0x0001cd88   0x000000a8   Code   RO         2377    i.compare_reg_update  app_timer.o
    0x0001ce30   0x00000088   Code   RO         1064    i.conn_int_encode   ble_advdata.o
    0x0001ceb8   0x00000008   Code   RO            6    i.conn_params_error_handler  main.o
    0x0001cec0   0x00000068   Code   RO         1228    i.conn_params_negotiation  ble_conn_params.o
    0x0001cf28   0x000000d4   Code   RO         3358    i.create_chain      ff.o
    0x0001cffc   0x00000138   Code   RO         3359    i.create_name       ff.o
    0x0001d134   0x00000150   Code   RO         3360    i.dir_next          ff.o
    0x0001d284   0x0000004a   Code   RO         3361    i.dir_read          ff.o
    0x0001d2ce   0x0000005e   Code   RO         3362    i.dir_register      ff.o
    0x0001d32c   0x000000dc   Code   RO         3364    i.dir_sdi           ff.o
    0x0001d408   0x00000034   Code   RO         3302    i.disk_initialize   diskio.o
    0x0001d43c   0x0000002e   Code   RO         3303    i.disk_ioctl        diskio.o
    0x0001d46a   0x00000002   PAD
    0x0001d46c   0x00000050   Code   RO         3304    i.disk_read         diskio.o
    0x0001d4bc   0x00000034   Code   RO          675    i.disk_scan         key.o
    0x0001d4f0   0x00000004   Code   RO         3305    i.disk_status       diskio.o
    0x0001d4f4   0x00000026   Code   RO         3306    i.disk_write        diskio.o
    0x0001d51a   0x00000002   PAD
    0x0001d51c   0x00000040   Code   RO         2378    i.elapsed_ticks_acquire  app_timer.o
    0x0001d55c   0x00000070   Code   RO          737    i.enter_sleep_mode  power.o
    0x0001d5cc   0x00000012   Code   RO         3366    i.f_close           ff.o
    0x0001d5de   0x00000044   Code   RO         3368    i.f_gets            ff.o
    0x0001d622   0x00000002   PAD
    0x0001d624   0x00000024   Code   RO         3372    i.f_mount           ff.o
    0x0001d648   0x00000158   Code   RO         3373    i.f_open            ff.o
    0x0001d7a0   0x00000064   Code   RO         3374    i.f_opendir         ff.o
    0x0001d804   0x000001aa   Code   RO         3378    i.f_read            ff.o
    0x0001d9ae   0x00000052   Code   RO         3379    i.f_readdir         ff.o
    0x0001da00   0x000000a4   Code   RO         3382    i.f_sync            ff.o
    0x0001daa4   0x000001e2   Code   RO         3386    i.f_write           ff.o
    0x0001dc86   0x00000002   PAD
    0x0001dc88   0x00000054   Code   RO          359    i.flash_readdata    memory_interface.o
    0x0001dcdc   0x00000094   Code   RO          360    i.flash_writedata   memory_interface.o
    0x0001dd70   0x000000c2   Code   RO         3387    i.follow_path       ff.o
    0x0001de32   0x00000002   PAD
    0x0001de34   0x00000018   Code   RO         2624    i.fs_queued_op_count_get  fstorage.o
    0x0001de4c   0x00000044   Code   RO          738    i.get_adc_vol       power.o
    0x0001de90   0x00000146   Code   RO         3388    i.get_fat           ff.o
    0x0001dfd6   0x00000004   Code   RO         3307    i.get_fattime       diskio.o
    0x0001dfda   0x00000074   Code   RO         3389    i.get_fileinfo      ff.o
    0x0001e04e   0x00000002   PAD
    0x0001e050   0x00000084   Code   RO          362    i.init_disk         memory_interface.o
    0x0001e0d4   0x00000010   Code   RO            7    i.init_driver       main.o
    0x0001e0e4   0x00000034   Code   RO          676    i.init_key          key.o
    0x0001e118   0x00000080   Code   RO         3171    i.intern_softdevice_events_execute  softdevice_handler.o
    0x0001e198   0x00000048   Code   RO          363    i.iphone_disk_command_op  memory_interface.o
    0x0001e1e0   0x0000001c   Code   RO         1229    i.is_conn_params_ok  ble_conn_params.o
    0x0001e1fc   0x00000048   Code   RO         1008    i.is_manual_peripheral_setup_needed  system_nrf51.o
    0x0001e244   0x00000140   Code   RO          677    i.key_scan          key.o
    0x0001e384   0x00000088   Code   RO          841    i.led_func          led.o
    0x0001e40c   0x00000050   Code   RO            8    i.led_timer_handler  main.o
    0x0001e45c   0x000000ac   Code   RO         2379    i.list_deletions_handler  app_timer.o
    0x0001e508   0x000000bc   Code   RO         2380    i.list_insertions_handler  app_timer.o
    0x0001e5c4   0x000001b8   Code   RO            9    i.main              main.o
    0x0001e77c   0x00000054   Code   RO          740    i.mainboard_wake_up  power.o
    0x0001e7d0   0x00000068   Code   RO         1065    i.manuf_specific_data_encode  ble_advdata.o
    0x0001e838   0x00000010   Code   RO         3390    i.mem_cpy           ff.o
    0x0001e848   0x0000000e   Code   RO         3391    i.mem_set           ff.o
    0x0001e856   0x00000090   Code   RO         3392    i.move_window       ff.o
    0x0001e8e6   0x0000009e   Code   RO         1066    i.name_encode       ble_advdata.o
    0x0001e984   0x00000040   Code   RO         2153    i.nrf_adc_configure  nrf_adc.o
    0x0001e9c4   0x0000002c   Code   RO         2154    i.nrf_adc_convert_single  nrf_adc.o
    0x0001e9f0   0x00000020   Code   RO         2155    i.nrf_adc_input_select  nrf_adc.o
    0x0001ea10   0x00000010   Code   RO         1602    i.nrf_bitmask_bit_is_set  nrf_drv_gpiote.o
    0x0001ea20   0x00000010   Code   RO         1397    i.nrf_clock_event_check  nrf_drv_clock.o
    0x0001ea30   0x00000034   Code   RO          364    i.nrf_delay_ms      memory_interface.o
    0x0001ea64   0x00000030   Code   RO         2381    i.nrf_delay_us      app_timer.o
    0x0001ea94   0x00000048   Code   RO         1404    i.nrf_drv_clock_init  nrf_drv_clock.o
    0x0001eadc   0x00000034   Code   RO         1411    i.nrf_drv_clock_on_sd_enable  nrf_drv_clock.o
    0x0001eb10   0x0000000c   Code   RO         1412    i.nrf_drv_clock_on_soc_event  nrf_drv_clock.o
    0x0001eb1c   0x00000060   Code   RO         1557    i.nrf_drv_common_irq_enable  nrf_drv_common.o
    0x0001eb7c   0x00000114   Code   RO         1991    i.nrf_drv_spi_init  nrf_drv_spi.o
    0x0001ec90   0x00000018   Code   RO         1992    i.nrf_drv_spi_transfer  nrf_drv_spi.o
    0x0001eca8   0x00000070   Code   RO         1994    i.nrf_drv_spi_xfer  nrf_drv_spi.o
    0x0001ed18   0x00000080   Code   RO         1816    i.nrf_drv_uart_init  nrf_drv_uart.o
    0x0001ed98   0x00000034   Code   RO         1822    i.nrf_drv_uart_tx   nrf_drv_uart.o
    0x0001edcc   0x0000008c   Code   RO         1824    i.nrf_drv_uart_tx_for_uart  nrf_drv_uart.o
    0x0001ee58   0x00000018   Code   RO         1825    i.nrf_drv_uart_tx_in_progress  nrf_drv_uart.o
    0x0001ee70   0x00000098   Code   RO         1826    i.nrf_drv_uart_uninit  nrf_drv_uart.o
    0x0001ef08   0x00000028   Code   RO          365    i.nrf_gpio_cfg      memory_interface.o
    0x0001ef30   0x00000028   Code   RO          678    i.nrf_gpio_cfg      key.o
    0x0001ef58   0x00000028   Code   RO         1827    i.nrf_gpio_cfg      nrf_drv_uart.o
    0x0001ef80   0x00000028   Code   RO         1995    i.nrf_gpio_cfg      nrf_drv_spi.o
    0x0001efa8   0x00000012   Code   RO         1828    i.nrf_gpio_cfg_default  nrf_drv_uart.o
    0x0001efba   0x00000012   Code   RO          366    i.nrf_gpio_cfg_input  memory_interface.o
    0x0001efcc   0x00000012   Code   RO          679    i.nrf_gpio_cfg_input  key.o
    0x0001efde   0x00000012   Code   RO         1829    i.nrf_gpio_cfg_input  nrf_drv_uart.o
    0x0001eff0   0x00000014   Code   RO          367    i.nrf_gpio_cfg_output  memory_interface.o
    0x0001f004   0x00000014   Code   RO         1830    i.nrf_gpio_cfg_output  nrf_drv_uart.o
    0x0001f018   0x00000014   Code   RO         1996    i.nrf_gpio_cfg_output  nrf_drv_spi.o
    0x0001f02c   0x00000022   Code   RO         1624    i.nrf_gpio_cfg_sense_set  nrf_drv_gpiote.o
    0x0001f04e   0x00000002   PAD
    0x0001f050   0x00000010   Code   RO          368    i.nrf_gpio_pin_clear  memory_interface.o
    0x0001f060   0x00000010   Code   RO          843    i.nrf_gpio_pin_clear  led.o
    0x0001f070   0x00000010   Code   RO          680    i.nrf_gpio_pin_read  key.o
    0x0001f080   0x00000010   Code   RO          369    i.nrf_gpio_pin_set  memory_interface.o
    0x0001f090   0x00000010   Code   RO          844    i.nrf_gpio_pin_set  led.o
    0x0001f0a0   0x00000010   Code   RO         1997    i.nrf_gpio_pin_set  nrf_drv_spi.o
    0x0001f0b0   0x00000018   Code   RO          845    i.nrf_gpio_pin_toggle  led.o
    0x0001f0c8   0x00000028   Code   RO         1625    i.nrf_gpio_ports_read  nrf_drv_gpiote.o
    0x0001f0f0   0x00000010   Code   RO         1626    i.nrf_gpiote_event_clear  nrf_drv_gpiote.o
    0x0001f100   0x00000014   Code   RO         1627    i.nrf_gpiote_event_is_set  nrf_drv_gpiote.o
    0x0001f114   0x00000008   Code   RO         2809    i.nrf_log_backend_hexdump_handler_get  nrf_log_backend_serial.o
    0x0001f11c   0x00000078   Code   RO         2810    i.nrf_log_backend_init  nrf_log_backend_serial.o
    0x0001f194   0x00000132   Code   RO         2811    i.nrf_log_backend_serial_hexdump_handler  nrf_log_backend_serial.o
    0x0001f2c6   0x00000104   Code   RO         2812    i.nrf_log_backend_serial_std_handler  nrf_log_backend_serial.o
    0x0001f3ca   0x00000002   PAD
    0x0001f3cc   0x00000008   Code   RO         2813    i.nrf_log_backend_std_handler_get  nrf_log_backend_serial.o
    0x0001f3d4   0x00000018   Code   RO         2900    i.nrf_log_direct_feed  nrf_log_frontend.o
    0x0001f3ec   0x00000030   Code   RO         2902    i.nrf_log_frontend_hexdump  nrf_log_frontend.o
    0x0001f41c   0x0000000c   Code   RO         2904    i.nrf_log_frontend_std_0  nrf_log_frontend.o
    0x0001f428   0x0000000e   Code   RO         2905    i.nrf_log_frontend_std_1  nrf_log_frontend.o
    0x0001f436   0x00000002   PAD
    0x0001f438   0x0000000c   Code   RO         2912    i.nrf_log_handlers_set  nrf_log_frontend.o
    0x0001f444   0x00000022   Code   RO         2913    i.nrf_log_init      nrf_log_frontend.o
    0x0001f466   0x0000000a   Code   RO         1831    i.nrf_uart_event_check  nrf_drv_uart.o
    0x0001f470   0x00000010   Code   RO         1832    i.nrf_uart_int_enable_check  nrf_drv_uart.o
    0x0001f480   0x0000000c   Code   RO           10    i.nus_data_handler  main.o
    0x0001f48c   0x00000058   Code   RO          596    i.nus_data_handler_protocol_op  ble_cmd_op.o
    0x0001f4e4   0x00000002   Code   RO           11    i.on_adv_evt        main.o
    0x0001f4e6   0x00000002   PAD
    0x0001f4e8   0x000000e8   Code   RO           12    i.on_ble_evt        main.o
    0x0001f5d0   0x00000020   Code   RO           13    i.on_conn_params_evt  main.o
    0x0001f5f0   0x0000017a   Code   RO         3393    i.put_fat           ff.o
    0x0001f76a   0x00000010   Code   RO         3172    i.ram_end_address_get  softdevice_handler.o
    0x0001f77a   0x00000002   PAD
    0x0001f77c   0x000000fc   Code   RO          370    i.read_dir          memory_interface.o
    0x0001f878   0x00000178   Code   RO          371    i.read_file         memory_interface.o
    0x0001f9f0   0x00000058   Code   RO          373    i.read_file_for_line  memory_interface.o
    0x0001fa48   0x000000b0   Code   RO         3394    i.remove_chain      ff.o
    0x0001faf8   0x00000044   Code   RO         2382    i.rtc1_stop         app_timer.o
    0x0001fb3c   0x00000026   Code   RO         1833    i.rx_byte           nrf_drv_uart.o
    0x0001fb62   0x000000a0   Code   RO         1353    i.rx_char_add       ble_nus.o
    0x0001fc02   0x00000014   Code   RO         1834    i.rx_done_event     nrf_drv_uart.o
    0x0001fc16   0x00000002   PAD
    0x0001fc18   0x00000084   Code   RO         3174    i.sd_nvic_EnableIRQ  softdevice_handler.o
    0x0001fc9c   0x00000010   Code   RO         2814    i.serial_is_busy    nrf_log_backend_serial.o
    0x0001fcac   0x0000002c   Code   RO         2815    i.serial_tx         nrf_log_backend_serial.o
    0x0001fcd8   0x0000008e   Code   RO         1067    i.service_data_encode  ble_advdata.o
    0x0001fd66   0x00000002   PAD
    0x0001fd68   0x00000058   Code   RO         1142    i.set_adv_mode_fast  ble_advertising.o
    0x0001fdc0   0x00000054   Code   RO         1143    i.set_adv_mode_slow  ble_advertising.o
    0x0001fe14   0x00000014   Code   RO         3175    i.softdevice_ble_evt_handler_set  softdevice_handler.o
    0x0001fe28   0x000000a4   Code   RO         3176    i.softdevice_enable  softdevice_handler.o
    0x0001fecc   0x00000028   Code   RO         3177    i.softdevice_enable_get_default_config  softdevice_handler.o
    0x0001fef4   0x00000008   Code   RO         3178    i.softdevice_fault_handler  softdevice_handler.o
    0x0001fefc   0x00000058   Code   RO         3179    i.softdevice_handler_init  softdevice_handler.o
    0x0001ff54   0x0000000c   Code   RO         3180    i.softdevice_handler_is_enabled  softdevice_handler.o
    0x0001ff60   0x0000000c   Code   RO          374    i.spi_event_handler  memory_interface.o
    0x0001ff6c   0x00000072   Code   RO         1998    i.spi_xfer          nrf_drv_spi.o
    0x0001ffde   0x000000be   Code   RO         3395    i.sync              ff.o
    0x0002009c   0x000000b4   Code   RO          804    i.tick_timer_handler  sys_task.o
    0x00020150   0x00000084   Code   RO         2383    i.timer_list_handler  app_timer.o
    0x000201d4   0x00000010   Code   RO         2384    i.timer_list_handler_sched  app_timer.o
    0x000201e4   0x00000040   Code   RO         2385    i.timer_list_insert  app_timer.o
    0x00020224   0x00000048   Code   RO         2386    i.timer_stop_op_schedule  app_timer.o
    0x0002026c   0x00000080   Code   RO         2387    i.timer_timeouts_check  app_timer.o
    0x000202ec   0x00000034   Code   RO         2816    i.timestamp_process  nrf_log_backend_serial.o
    0x00020320   0x00000050   Code   RO         1999    i.transfer_byte     nrf_drv_spi.o
    0x00020370   0x0000001e   Code   RO         1836    i.tx_byte           nrf_drv_uart.o
    0x0002038e   0x00000080   Code   RO         1354    i.tx_char_add       ble_nus.o
    0x0002040e   0x00000018   Code   RO         1837    i.tx_done_event     nrf_drv_uart.o
    0x00020426   0x00000002   PAD
    0x00020428   0x00000010   Code   RO         2817    i.uart_event_handler  nrf_log_backend_serial.o
    0x00020438   0x00000128   Code   RO         1838    i.uart_irq_handler  nrf_drv_uart.o
    0x00020560   0x00000002   Code   RO          597    i.uart_tx_data      ble_cmd_op.o
    0x00020562   0x0000000a   Code   RO         1068    i.uint16_encode     ble_advdata.o
    0x0002056c   0x0000009c   Code   RO         1230    i.update_timeout_handler  ble_conn_params.o
    0x00020608   0x0000002c   Code   RO         2388    i.user_op_alloc     app_timer.o
    0x00020634   0x00000030   Code   RO         1069    i.uuid_list_encode  ble_advdata.o
    0x00020664   0x000000ae   Code   RO         1070    i.uuid_list_sized_encode  ble_advdata.o
    0x00020712   0x0000002a   Code   RO         3396    i.validate          ff.o
    0x0002073c   0x00000018   Code   RO         1144    i.whitelist_has_entries  ble_advertising.o
    0x00020754   0x0000010c   Code   RO          375    i.write_file        memory_interface.o
    0x00020860   0x0000000c   Data   RO           18    .constdata          main.o
    0x0002086c   0x0000001c   Data   RO          377    .constdata          memory_interface.o
    0x00020888   0x000023e9   Data   RO          565    .constdata          cmdiphonesp.o
    0x00022c71   0x00000003   PAD
    0x00022c74   0x00000008   Data   RO          743    .constdata          power.o
    0x00022c7c   0x00000004   Data   RO         1233    .constdata          ble_conn_params.o
    0x00022c80   0x00000004   Data   RO         1631    .constdata          nrf_drv_gpiote.o
    0x00022c84   0x00000020   Data   RO         2820    .constdata          nrf_log_backend_serial.o
    0x00022ca4   0x00000081   Data   RO         3623    .constdata          mc_p.l(ctype_o.o)
    0x00022d25   0x00000003   PAD
    0x00022d28   0x00000004   Data   RO         3624    .constdata          mc_p.l(ctype_o.o)
    0x00022d2c   0x00000042   Data   RO         3186    .conststring        softdevice_handler.o
    0x00022d6e   0x00000002   PAD
    0x00022d70   0x00000020   Data   RO         3964    Region$$Table       anon$$obj.o


    Execution Region RW_IRAM1 (Base: 0x20001fe8, Size: 0x00003f20, Max: 0x00006018, ABSOLUTE)

    Base Addr    Size         Type   Attr      Idx    E Section Name        Object

    0x20001fe8   0x0000000c   Data   RW           19    .data               main.o
    0x20001ff4   0x0000001c   Data   RW          378    .data               memory_interface.o
    0x20002010   0x00000005   Data   RW          681    .data               key.o
    0x20002015   0x00000003   PAD
    0x20002018   0x00000008   Data   RW          746    .data               power.o
    0x20002020   0x0000000c   Data   RW          805    .data               sys_task.o
    0x2000202c   0x00000001   Data   RW          846    .data               led.o
    0x2000202d   0x00000003   PAD
    0x20002030   0x00000004   Data   RW         1009    .data               system_nrf51.o
    0x20002034   0x00000030   Data   RW         1148    .data               ble_advertising.o
    0x20002064   0x00000014   Data   RW         1234    .data               ble_conn_params.o
    0x20002078   0x00000020   Data   RW         2389    .data               app_timer.o
    0x20002098   0x0000000c   Data   RW         2575    .data               app_util_platform.o
    0x200020a4   0x0000000c   Data   RW         2821    .data               nrf_log_backend_serial.o
    0x200020b0   0x00000014   Data   RW         3187    .data               softdevice_handler.o
    0x200020c4   0x00000008   Data   RW         3398    .data               ff.o
    0x200020cc   0x00000020   Zero   RW           15    .bss                main.o
    0x200020ec   0x00000020   Zero   RW           16    .bss                main.o
    0x2000210c   0x000000f0   Zero   RW           17    .bss                main.o
    0x200021fc   0x00003058   Zero   RW          376    .bss                memory_interface.o
    0x20005254   0x00000078   Zero   RW          598    .bss                ble_cmd_op.o
    0x200052cc   0x0000016b   Zero   RW         1145    .bss                ble_advertising.o
    0x20005437   0x00000001   PAD
    0x20005438   0x00000020   Zero   RW         1146    .bss                ble_advertising.o
    0x20005458   0x00000020   Zero   RW         1147    .bss                ble_advertising.o
    0x20005478   0x00000020   Zero   RW         1231    .bss                ble_conn_params.o
    0x20005498   0x0000001c   Zero   RW         1232    .bss                ble_conn_params.o
    0x200054b4   0x00000014   Zero   RW         1414    .bss                nrf_drv_clock.o
    0x200054c8   0x00000048   Zero   RW         1630    .bss                nrf_drv_gpiote.o
    0x20005510   0x0000001c   Zero   RW         1839    .bss                nrf_drv_uart.o
    0x2000552c   0x00000020   Zero   RW         2000    .bss                nrf_drv_spi.o
    0x2000554c   0x00000014   Zero   RW         2077    .bss                nrf_drv_adc.o
    0x20005560   0x00000020   Zero   RW         2248    .bss                app_error.o
    0x20005580   0x00000068   Zero   RW         2633    .bss                fstorage.o
    0x200055e8   0x00000100   Zero   RW         2818    .bss                nrf_log_backend_serial.o
    0x200056e8   0x0000001c   Zero   RW         2915    .bss                nrf_log_frontend.o
    0x20005704   0x00000004   PAD
    0x20005708   0x00000800   Zero   RW          997    STACK               arm_startup_nrf51.o


==============================================================================

Image component sizes


      Code (inc. data)   RO Data    RW Data    ZI Data      Debug   Object Name

       124         14          0          0         32       2115   app_error.o
        52         24          0          0          0        602   app_error_weak.o
      1608        158          0         32          0      39655   app_timer.o
         0          0          0          0          0       5488   app_uart_fifo.o
       104         20          0         12          0       5510   app_util_platform.o
        56         18        192          0       2048        716   arm_startup_nrf51.o
      1368          6          0          0          0      28380   ble_advdata.o
      1000         62          0         48        427       9480   ble_advertising.o
       344         64          0          0        120       5434   ble_cmd_op.o
       516        108          4         20         60       5032   ble_conn_params.o
       540         12          0          0          0       4886   ble_nus.o
        14          0          0          0          0       1310   ble_srv_common.o
         0          0       9193          0          0        617   cmdiphonesp.o
       224         72          0          0          0       3840   diskio.o
      5510         62          0          8          0      26149   ff.o
        24          6          0          0        104       3552   fstorage.o
       530        166          0          5          0       7760   key.o
       192         26          0          1          0       5391   led.o
       858        148         12         12        304     114800   main.o
      2066        728         28         28      12376      19992   memory_interface.o
       140         20          0          0          0       4841   nrf_adc.o
       192         34          0          0         20       5649   nrf_drv_adc.o
       276         38          0          0         20      11232   nrf_drv_clock.o
        96         18          0          0          0       8112   nrf_drv_common.o
       518         34          4          0         72      17752   nrf_drv_gpiote.o
       738         38          0          0         32      11096   nrf_drv_spi.o
      1178         50          0          0         28      31733   nrf_drv_uart.o
       848         64         32         12        256       9203   nrf_log_backend_serial.o
       144         14          0          0         28       6765   nrf_log_frontend.o
       288        126          8          8          0       6547   power.o
       668        162         66         20          0      19955   softdevice_handler.o
       312         10          0         12          0       3037   sys_task.o
       232         36          0          4          0       2287   system_nrf51.o

    ----------------------------------------------------------------------
     20798       2338       9576        228      15932     428918   Object Totals
         0          0         32          0          0          0   (incl. Generated)
        38          0          5          6          5          0   (incl. Padding)

    ----------------------------------------------------------------------

      Code (inc. data)   RO Data    RW Data    ZI Data      Debug   Library Member Name

         8          4        133          0          0         60   ctype_o.o
         0          0          0          0          0          0   entry.o
         0          0          0          0          0          0   entry10a.o
         0          0          0          0          0          0   entry11a.o
         8          4          0          0          0          0   entry2.o
         4          0          0          0          0          0   entry5.o
         0          0          0          0          0          0   entry7b.o
         0          0          0          0          0          0   entry8b.o
         8          4          0          0          0          0   entry9a.o
        30          0          0          0          0          0   handlers.o
        36          8          0          0          0         68   init.o
        32          0          0          0          0         68   llshl.o
        34          0          0          0          0         68   llushr.o
        36          0          0          0          0         60   memcpya.o
        36          0          0          0          0        100   memseta.o
      1206         50          0          0          0        384   printf8.o
        14          0          0          0          0         60   strlen.o
        44          0          0          0          0         72   uidiv.o
        96          0          0          0          0         84   uldiv.o
        20          0          0          0          0         60   uread4.o
        18          0          0          0          0         60   uwrite4.o

    ----------------------------------------------------------------------
      1634         70        136          0          0       1144   Library Totals
         4          0          3          0          0          0   (incl. Padding)

    ----------------------------------------------------------------------

      Code (inc. data)   RO Data    RW Data    ZI Data      Debug   Library Name

      1630         70        133          0          0       1144   mc_p.l

    ----------------------------------------------------------------------
      1634         70        136          0          0       1144   Library Totals

    ----------------------------------------------------------------------

==============================================================================


      Code (inc. data)   RO Data    RW Data    ZI Data      Debug   

     22432       2408       9712        228      15932     420094   Grand Totals
     22432       2408       9712        228      15932     420094   ELF Image Totals
     22432       2408       9712        228          0          0   ROM Totals

==============================================================================

    Total RO  Size (Code + RO Data)                32144 (  31.39kB)
    Total RW  Size (RW Data + ZI Data)             16160 (  15.78kB)
    Total ROM Size (Code + RO Data + RW Data)      32372 (  31.61kB)

==============================================================================

