Product: MDK-ARM Standard 5.10
Component: ARM Compiler 5.04 update 1 (build 49)
Tool: armlink [5040049]

==============================================================================

Section Cross References

    main.o(i.assert_nrf_callback) refers to app_error.o(i.app_error_handler) for app_error_handler
    main.o(i.ble_evt_dispatch) refers to ble_conn_params.o(i.ble_conn_params_on_ble_evt) for ble_conn_params_on_ble_evt
    main.o(i.ble_evt_dispatch) refers to ble_nus.o(i.ble_nus_on_ble_evt) for ble_nus_on_ble_evt
    main.o(i.ble_evt_dispatch) refers to main.o(i.on_ble_evt) for on_ble_evt
    main.o(i.ble_evt_dispatch) refers to ble_advertising.o(i.ble_advertising_on_ble_evt) for ble_advertising_on_ble_evt
    main.o(i.ble_evt_dispatch) refers to main.o(.bss) for .bss
    main.o(i.bsp_event_handler) refers to ble_advertising.o(i.ble_advertising_restart_without_whitelist) for ble_advertising_restart_without_whitelist
    main.o(i.bsp_event_handler) refers to app_error.o(i.app_error_handler_bare) for app_error_handler_bare
    main.o(i.bsp_event_handler) refers to main.o(.data) for .data
    main.o(i.conn_params_error_handler) refers to app_error.o(i.app_error_handler_bare) for app_error_handler_bare
    main.o(i.init_driver) refers to memory_interface.o(i.init_disk) for init_disk
    main.o(i.init_driver) refers to key.o(i.init_key) for init_key
    main.o(i.init_driver) refers to power.o(i.adc_config) for adc_config
    main.o(i.led_timer_handler) refers to nrf_log_frontend.o(i.nrf_log_frontend_std_1) for nrf_log_frontend_std_1
    main.o(i.led_timer_handler) refers to led.o(i.led_func) for led_func
    main.o(i.led_timer_handler) refers to main.o(.data) for .data
    main.o(i.main) refers to nrf_log_frontend.o(i.nrf_log_init) for nrf_log_init
    main.o(i.main) refers to app_timer.o(i.app_timer_init) for app_timer_init
    main.o(i.main) refers to app_error.o(i.app_error_handler_bare) for app_error_handler_bare
    main.o(i.main) refers to app_timer.o(i.app_timer_create) for app_timer_create
    main.o(i.main) refers to app_timer.o(i.app_timer_start) for app_timer_start
    main.o(i.main) refers to main.o(i.init_driver) for init_driver
    main.o(i.main) refers to softdevice_handler.o(i.softdevice_handler_init) for softdevice_handler_init
    main.o(i.main) refers to softdevice_handler.o(i.softdevice_enable_get_default_config) for softdevice_enable_get_default_config
    main.o(i.main) refers to softdevice_handler.o(i.softdevice_enable) for softdevice_enable
    main.o(i.main) refers to softdevice_handler.o(i.softdevice_ble_evt_handler_set) for softdevice_ble_evt_handler_set
    main.o(i.main) refers to ble_nus.o(i.ble_nus_init) for ble_nus_init
    main.o(i.main) refers to memseta.o(.text) for __aeabi_memclr4
    main.o(i.main) refers to ble_advertising.o(i.ble_advertising_init) for ble_advertising_init
    main.o(i.main) refers to ble_conn_params.o(i.ble_conn_params_init) for ble_conn_params_init
    main.o(i.main) refers to ble_advertising.o(i.ble_advertising_start) for ble_advertising_start
    main.o(i.main) refers to sys_task.o(i.System_Task) for System_Task
    main.o(i.main) refers to sys_task.o(i.System_Func) for System_Func
    main.o(i.main) refers to main.o(.bss) for .bss
    main.o(i.main) refers to sys_task.o(i.tick_timer_handler) for tick_timer_handler
    main.o(i.main) refers to main.o(.constdata) for .constdata
    main.o(i.main) refers to main.o(i.led_timer_handler) for led_timer_handler
    main.o(i.main) refers to main.o(i.ble_evt_dispatch) for ble_evt_dispatch
    main.o(i.main) refers to main.o(i.nus_data_handler) for nus_data_handler
    main.o(i.main) refers to main.o(.data) for .data
    main.o(i.main) refers to main.o(i.on_adv_evt) for on_adv_evt
    main.o(i.main) refers to main.o(i.on_conn_params_evt) for on_conn_params_evt
    main.o(i.main) refers to main.o(i.conn_params_error_handler) for conn_params_error_handler
    main.o(i.nus_data_handler) refers to ble_cmd_op.o(i.nus_data_handler_protocol_op) for nus_data_handler_protocol_op
    main.o(i.on_ble_evt) refers to nrf_log_frontend.o(i.nrf_log_frontend_std_0) for nrf_log_frontend_std_0
    main.o(i.on_ble_evt) refers to ble_advertising.o(i.ble_advertising_start) for ble_advertising_start
    main.o(i.on_ble_evt) refers to app_error.o(i.app_error_handler_bare) for app_error_handler_bare
    main.o(i.on_ble_evt) refers to memcpya.o(.text) for __aeabi_memcpy
    main.o(i.on_ble_evt) refers to main.o(.data) for .data
    main.o(i.on_conn_params_evt) refers to app_error.o(i.app_error_handler_bare) for app_error_handler_bare
    main.o(i.on_conn_params_evt) refers to main.o(.data) for .data
    main.o(i.uart_event_handle) refers to app_error.o(i.app_error_handler_bare) for app_error_handler_bare
    main.o(i.uart_event_handle) refers to app_uart_fifo.o(i.app_uart_get) for app_uart_get
    main.o(i.uart_event_handle) refers to ble_nus.o(i.ble_nus_string_send) for ble_nus_string_send
[...]
    mem_cpy                                  0x0001e841   Thumb Code    16  ff.o(i.mem_cpy)
    i.mem_set                                0x0001e850   Section        0  ff.o(i.mem_set)
    mem_set                                  0x0001e851   Thumb Code    14  ff.o(i.mem_set)
    i.move_window                            0x0001e85e   Section        0  ff.o(i.move_window)
    move_window                              0x0001e85f   Thumb Code   144  ff.o(i.move_window)
    i.name_encode                            0x0001e8ee   Section        0  ble_advdata.o(i.name_encode)
    name_encode                              0x0001e8ef   Thumb Code   158  ble_advdata.o(i.name_encode)
    i.nrf_adc_configure                      0x0001e98c   Section        0  nrf_adc.o(i.nrf_adc_configure)
    i.nrf_adc_convert_single                 0x0001e9cc   Section        0  nrf_adc.o(i.nrf_adc_convert_single)
    i.nrf_adc_input_select                   0x0001e9f8   Section        0  nrf_adc.o(i.nrf_adc_input_select)
    nrf_adc_input_select                     0x0001e9f9   Thumb Code    28  nrf_adc.o(i.nrf_adc_input_select)
    i.nrf_bitmask_bit_is_set                 0x0001ea18   Section        0  nrf_drv_gpiote.o(i.nrf_bitmask_bit_is_set)
    nrf_bitmask_bit_is_set                   0x0001ea19   Thumb Code    16  nrf_drv_gpiote.o(i.nrf_bitmask_bit_is_set)
    i.nrf_clock_event_check                  0x0001ea28   Section        0  nrf_drv_clock.o(i.nrf_clock_event_check)
    nrf_clock_event_check                    0x0001ea29   Thumb Code    16  nrf_drv_clock.o(i.nrf_clock_event_check)
    i.nrf_delay_ms                           0x0001ea38   Section        0  memory_interface.o(i.nrf_delay_ms)
    nrf_delay_ms                             0x0001ea39   Thumb Code    42  memory_interface.o(i.nrf_delay_ms)
    i.nrf_delay_us                           0x0001ea6c   Section        0  app_timer.o(i.nrf_delay_us)
    nrf_delay_us                             0x0001ea6d   Thumb Code    38  app_timer.o(i.nrf_delay_us)
    i.nrf_drv_clock_init                     0x0001ea9c   Section        0  nrf_drv_clock.o(i.nrf_drv_clock_init)
    i.nrf_drv_clock_on_sd_enable             0x0001eae4   Section        0  nrf_drv_clock.o(i.nrf_drv_clock_on_sd_enable)
    i.nrf_drv_clock_on_soc_event             0x0001eb18   Section        0  nrf_drv_clock.o(i.nrf_drv_clock_on_soc_event)
    i.nrf_drv_common_irq_enable              0x0001eb24   Section        0  nrf_drv_common.o(i.nrf_drv_common_irq_enable)
    i.nrf_drv_spi_init                       0x0001eb84   Section        0  nrf_drv_spi.o(i.nrf_drv_spi_init)
    i.nrf_drv_spi_transfer                   0x0001ec98   Section        0  nrf_drv_spi.o(i.nrf_drv_spi_transfer)
    i.nrf_drv_spi_xfer                       0x0001ecb0   Section        0  nrf_drv_spi.o(i.nrf_drv_spi_xfer)
    i.nrf_drv_uart_init                      0x0001ed20   Section        0  nrf_drv_uart.o(i.nrf_drv_uart_init)
    i.nrf_drv_uart_tx                        0x0001eda0   Section        0  nrf_drv_uart.o(i.nrf_drv_uart_tx)
    i.nrf_drv_uart_tx_for_uart               0x0001edd4   Section        0  nrf_drv_uart.o(i.nrf_drv_uart_tx_for_uart)
    nrf_drv_uart_tx_for_uart                 0x0001edd5   Thumb Code   134  nrf_drv_uart.o(i.nrf_drv_uart_tx_for_uart)
    i.nrf_drv_uart_tx_in_progress            0x0001ee60   Section        0  nrf_drv_uart.o(i.nrf_drv_uart_tx_in_progress)
    i.nrf_drv_uart_uninit                    0x0001ee78   Section        0  nrf_drv_uart.o(i.nrf_drv_uart_uninit)
    i.nrf_gpio_cfg                           0x0001ef10   Section        0  memory_interface.o(i.nrf_gpio_cfg)
    nrf_gpio_cfg                             0x0001ef11   Thumb Code    40  memory_interface.o(i.nrf_gpio_cfg)
    i.nrf_gpio_cfg                           0x0001ef38   Section        0  key.o(i.nrf_gpio_cfg)
    nrf_gpio_cfg                             0x0001ef39   Thumb Code    40  key.o(i.nrf_gpio_cfg)
    i.nrf_gpio_cfg                           0x0001ef60   Section        0  nrf_drv_uart.o(i.nrf_gpio_cfg)
    nrf_gpio_cfg                             0x0001ef61   Thumb Code    40  nrf_drv_uart.o(i.nrf_gpio_cfg)
    i.nrf_gpio_cfg                           0x0001ef88   Section        0  nrf_drv_spi.o(i.nrf_gpio_cfg)
    nrf_gpio_cfg                             0x0001ef89   Thumb Code    40  nrf_drv_spi.o(i.nrf_gpio_cfg)
    i.nrf_gpio_cfg_default                   0x0001efb0   Section        0  nrf_drv_uart.o(i.nrf_gpio_cfg_default)
    nrf_gpio_cfg_default                     0x0001efb1   Thumb Code    18  nrf_drv_uart.o(i.nrf_gpio_cfg_default)
    i.nrf_gpio_cfg_input                     0x0001efc2   Section        0  memory_interface.o(i.nrf_gpio_cfg_input)
    nrf_gpio_cfg_input                       0x0001efc3   Thumb Code    18  memory_interface.o(i.nrf_gpio_cfg_input)
    i.nrf_gpio_cfg_input                     0x0001efd4   Section        0  key.o(i.nrf_gpio_cfg_input)
    nrf_gpio_cfg_input                       0x0001efd5   Thumb Code    18  key.o(i.nrf_gpio_cfg_input)
    i.nrf_gpio_cfg_input                     0x0001efe6   Section        0  nrf_drv_uart.o(i.nrf_gpio_cfg_input)
    nrf_gpio_cfg_input                       0x0001efe7   Thumb Code    18  nrf_drv_uart.o(i.nrf_gpio_cfg_input)
    i.nrf_gpio_cfg_output                    0x0001eff8   Section        0  memory_interface.o(i.nrf_gpio_cfg_output)
    nrf_gpio_cfg_output                      0x0001eff9   Thumb Code    20  memory_interface.o(i.nrf_gpio_cfg_output)
    i.nrf_gpio_cfg_output                    0x0001f00c   Section        0  nrf_drv_uart.o(i.nrf_gpio_cfg_output)
    nrf_gpio_cfg_output                      0x0001f00d   Thumb Code    20  nrf_drv_uart.o(i.nrf_gpio_cfg_output)
    i.nrf_gpio_cfg_output                    0x0001f020   Section        0  nrf_drv_spi.o(i.nrf_gpio_cfg_output)
    nrf_gpio_cfg_output                      0x0001f021   Thumb Code    20  nrf_drv_spi.o(i.nrf_gpio_cfg_output)
    i.nrf_gpio_cfg_sense_set                 0x0001f034   Section        0  nrf_drv_gpiote.o(i.nrf_gpio_cfg_sense_set)
    nrf_gpio_cfg_sense_set                   0x0001f035   Thumb Code    34  nrf_drv_gpiote.o(i.nrf_gpio_cfg_sense_set)
    i.nrf_gpio_pin_clear                     0x0001f058   Section        0  memory_interface.o(i.nrf_gpio_pin_clear)
    nrf_gpio_pin_clear                       0x0001f059   Thumb Code    10  memory_interface.o(i.nrf_gpio_pin_clear)
    i.nrf_gpio_pin_clear                     0x0001f068   Section        0  led.o(i.nrf_gpio_pin_clear)
    nrf_gpio_pin_clear                       0x0001f069   Thumb Code    10  led.o(i.nrf_gpio_pin_clear)
    i.nrf_gpio_pin_read                      0x0001f078   Section        0  key.o(i.nrf_gpio_pin_read)
    nrf_gpio_pin_read                        0x0001f079   Thumb Code    12  key.o(i.nrf_gpio_pin_read)
    i.nrf_gpio_pin_set                       0x0001f088   Section        0  memory_interface.o(i.nrf_gpio_pin_set)
    nrf_gpio_pin_set                         0x0001f089   Thumb Code    10  memory_interface.o(i.nrf_gpio_pin_set)
    i.nrf_gpio_pin_set                       0x0001f098   Section        0  led.o(i.nrf_gpio_pin_set)
    nrf_gpio_pin_set                         0x0001f099   Thumb Code    10  led.o(i.nrf_gpio_pin_set)
    i.nrf_gpio_pin_set                       0x0001f0a8   Section        0  nrf_drv_spi.o(i.nrf_gpio_pin_set)
    nrf_gpio_pin_set                         0x0001f0a9   Thumb Code    10  nrf_drv_spi.o(i.nrf_gpio_pin_set)
    i.nrf_gpio_pin_toggle                    0x0001f0b8   Section        0  led.o(i.nrf_gpio_pin_toggle)
    nrf_gpio_pin_toggle                      0x0001f0b9   Thumb Code    20  led.o(i.nrf_gpio_pin_toggle)
    i.nrf_gpio_ports_read                    0x0001f0d0   Section        0  nrf_drv_gpiote.o(i.nrf_gpio_ports_read)
    nrf_gpio_ports_read                      0x0001f0d1   Thumb Code    36  nrf_drv_gpiote.o(i.nrf_gpio_ports_read)
    i.nrf_gpiote_event_clear                 0x0001f0f8   Section        0  nrf_drv_gpiote.o(i.nrf_gpiote_event_clear)
    nrf_gpiote_event_clear                   0x0001f0f9   Thumb Code    10  nrf_drv_gpiote.o(i.nrf_gpiote_event_clear)
    i.nrf_gpiote_event_is_set                0x0001f108   Section        0  nrf_drv_gpiote.o(i.nrf_gpiote_event_is_set)
    nrf_gpiote_event_is_set                  0x0001f109   Thumb Code    14  nrf_drv_gpiote.o(i.nrf_gpiote_event_is_set)
    i.nrf_log_backend_hexdump_handler_get    0x0001f11c   Section        0  nrf_log_backend_serial.o(i.nrf_log_backend_hexdump_handler_get)
    i.nrf_log_backend_init                   0x0001f124   Section        0  nrf_log_backend_serial.o(i.nrf_log_backend_init)
    i.nrf_log_backend_serial_hexdump_handler 0x0001f19c   Section        0  nrf_log_backend_serial.o(i.nrf_log_backend_serial_hexdump_handler)
    nrf_log_backend_serial_hexdump_handler   0x0001f19d   Thumb Code   306  nrf_log_backend_serial.o(i.nrf_log_backend_serial_hexdump_handler)
    i.nrf_log_backend_serial_std_handler     0x0001f2ce   Section        0  nrf_log_backend_serial.o(i.nrf_log_backend_serial_std_handler)
    nrf_log_backend_serial_std_handler       0x0001f2cf   Thumb Code   260  nrf_log_backend_serial.o(i.nrf_log_backend_serial_std_handler)
    i.nrf_log_backend_std_handler_get        0x0001f3d4   Section        0  nrf_log_backend_serial.o(i.nrf_log_backend_std_handler_get)
    i.nrf_log_direct_feed                    0x0001f3dc   Section        0  nrf_log_frontend.o(i.nrf_log_direct_feed)
    nrf_log_direct_feed                      0x0001f3dd   Thumb Code    20  nrf_log_frontend.o(i.nrf_log_direct_feed)
    i.nrf_log_frontend_hexdump               0x0001f3f4   Section        0  nrf_log_frontend.o(i.nrf_log_frontend_hexdump)
    i.nrf_log_frontend_std_0                 0x0001f424   Section        0  nrf_log_frontend.o(i.nrf_log_frontend_std_0)
    i.nrf_log_frontend_std_1                 0x0001f430   Section        0  nrf_log_frontend.o(i.nrf_log_frontend_std_1)
    i.nrf_log_handlers_set                   0x0001f440   Section        0  nrf_log_frontend.o(i.nrf_log_handlers_set)
    i.nrf_log_init                           0x0001f44c   Section        0  nrf_log_frontend.o(i.nrf_log_init)
    i.nrf_uart_event_check                   0x0001f46e   Section        0  nrf_drv_uart.o(i.nrf_uart_event_check)
    nrf_uart_event_check                     0x0001f46f   Thumb Code    10  nrf_drv_uart.o(i.nrf_uart_event_check)
    i.nrf_uart_int_enable_check              0x0001f478   Section        0  nrf_drv_uart.o(i.nrf_uart_int_enable_check)
    nrf_uart_int_enable_check                0x0001f479   Thumb Code    16  nrf_drv_uart.o(i.nrf_uart_int_enable_check)
    i.nus_data_handler                       0x0001f488   Section        0  main.o(i.nus_data_handler)
    nus_data_handler                         0x0001f489   Thumb Code    12  main.o(i.nus_data_handler)
    i.nus_data_handler_protocol_op           0x0001f494   Section        0  ble_cmd_op.o(i.nus_data_handler_protocol_op)
    i.on_adv_evt                             0x0001f4ec   Section        0  main.o(i.on_adv_evt)
    on_adv_evt                               0x0001f4ed   Thumb Code     2  main.o(i.on_adv_evt)
    i.on_ble_evt                             0x0001f4f0   Section        0  main.o(i.on_ble_evt)
    on_ble_evt                               0x0001f4f1   Thumb Code   196  main.o(i.on_ble_evt)
    i.on_conn_params_evt                     0x0001f5d8   Section        0  main.o(i.on_conn_params_evt)
    on_conn_params_evt                       0x0001f5d9   Thumb Code    26  main.o(i.on_conn_params_evt)
    i.put_fat                                0x0001f5f8   Section        0  ff.o(i.put_fat)
    i.ram_end_address_get                    0x0001f772   Section        0  softdevice_handler.o(i.ram_end_address_get)
    ram_end_address_get                      0x0001f773   Thumb Code    16  softdevice_handler.o(i.ram_end_address_get)
    i.read_dir                               0x0001f784   Section        0  memory_interface.o(i.read_dir)
    i.read_file                              0x0001f880   Section        0  memory_interface.o(i.read_file)
    i.read_file_for_line                     0x0001f9f8   Section        0  memory_interface.o(i.read_file_for_line)
    i.remove_chain                           0x0001fa50   Section        0  ff.o(i.remove_chain)
    remove_chain                             0x0001fa51   Thumb Code   176  ff.o(i.remove_chain)
    i.rtc1_stop                              0x0001fb00   Section        0  app_timer.o(i.rtc1_stop)
    rtc1_stop                                0x0001fb01   Thumb Code    50  app_timer.o(i.rtc1_stop)
    i.rx_byte                                0x0001fb44   Section        0  nrf_drv_uart.o(i.rx_byte)
    rx_byte                                  0x0001fb45   Thumb Code    38  nrf_drv_uart.o(i.rx_byte)
    i.rx_char_add                            0x0001fb6a   Section        0  ble_nus.o(i.rx_char_add)
    rx_char_add                              0x0001fb6b   Thumb Code   160  ble_nus.o(i.rx_char_add)
    i.rx_done_event                          0x0001fc0a   Section        0  nrf_drv_uart.o(i.rx_done_event)
    rx_done_event                            0x0001fc0b   Thumb Code    20  nrf_drv_uart.o(i.rx_done_event)
    i.sd_nvic_EnableIRQ                      0x0001fc20   Section        0  softdevice_handler.o(i.sd_nvic_EnableIRQ)
    sd_nvic_EnableIRQ                        0x0001fc21   Thumb Code   112  softdevice_handler.o(i.sd_nvic_EnableIRQ)
    i.serial_is_busy                         0x0001fca4   Section        0  nrf_log_backend_serial.o(i.serial_is_busy)
    serial_is_busy                           0x0001fca5   Thumb Code    10  nrf_log_backend_serial.o(i.serial_is_busy)
    i.serial_tx                              0x0001fcb4   Section        0  nrf_log_backend_serial.o(i.serial_tx)
    serial_tx                                0x0001fcb5   Thumb Code    36  nrf_log_backend_serial.o(i.serial_tx)
    i.service_data_encode                    0x0001fce0   Section        0  ble_advdata.o(i.service_data_encode)
    service_data_encode                      0x0001fce1   Thumb Code   142  ble_advdata.o(i.service_data_encode)
    i.set_adv_mode_fast                      0x0001fd70   Section        0  ble_advertising.o(i.set_adv_mode_fast)
    set_adv_mode_fast                        0x0001fd71   Thumb Code    80  ble_advertising.o(i.set_adv_mode_fast)
    i.set_adv_mode_slow                      0x0001fdc8   Section        0  ble_advertising.o(i.set_adv_mode_slow)
    set_adv_mode_slow                        0x0001fdc9   Thumb Code    76  ble_advertising.o(i.set_adv_mode_slow)
    i.softdevice_ble_evt_handler_set         0x0001fe1c   Section        0  softdevice_handler.o(i.softdevice_ble_evt_handler_set)
    i.softdevice_enable                      0x0001fe30   Section        0  softdevice_handler.o(i.softdevice_enable)
    i.softdevice_enable_get_default_config   0x0001fed4   Section        0  softdevice_handler.o(i.softdevice_enable_get_default_config)
    i.softdevice_fault_handler               0x0001fefc   Section        0  softdevice_handler.o(i.softdevice_fault_handler)
    i.softdevice_handler_init                0x0001ff04   Section        0  softdevice_handler.o(i.softdevice_handler_init)
    i.softdevice_handler_is_enabled          0x0001ff5c   Section        0  softdevice_handler.o(i.softdevice_handler_is_enabled)
    i.spi_event_handler                      0x0001ff68   Section        0  memory_interface.o(i.spi_event_handler)
    i.spi_xfer                               0x0001ff74   Section        0  nrf_drv_spi.o(i.spi_xfer)
    spi_xfer                                 0x0001ff75   Thumb Code   114  nrf_drv_spi.o(i.spi_xfer)
    i.sync                                   0x0001ffe6   Section        0  ff.o(i.sync)
    sync                                     0x0001ffe7   Thumb Code   190  ff.o(i.sync)
    i.tick_timer_handler                     0x000200a4   Section        0  sys_task.o(i.tick_timer_handler)
    i.timer_list_handler                     0x00020158   Section        0  app_timer.o(i.timer_list_handler)
    timer_list_handler                       0x00020159   Thumb Code   128  app_timer.o(i.timer_list_handler)
    i.timer_list_handler_sched               0x000201dc   Section        0  app_timer.o(i.timer_list_handler_sched)
    timer_list_handler_sched                 0x000201dd   Thumb Code    10  app_timer.o(i.timer_list_handler_sched)
    i.timer_list_insert                      0x000201ec   Section        0  app_timer.o(i.timer_list_insert)
    timer_list_insert                        0x000201ed   Thumb Code    60  app_timer.o(i.timer_list_insert)
    i.timer_stop_op_schedule                 0x0002022c   Section        0  app_timer.o(i.timer_stop_op_schedule)
    timer_stop_op_schedule                   0x0002022d   Thumb Code    68  app_timer.o(i.timer_stop_op_schedule)
    i.timer_timeouts_check                   0x00020274   Section        0  app_timer.o(i.timer_timeouts_check)
    timer_timeouts_check                     0x00020275   Thumb Code   118  app_timer.o(i.timer_timeouts_check)
    i.timestamp_process                      0x000202f4   Section        0  nrf_log_backend_serial.o(i.timestamp_process)
    timestamp_process                        0x000202f5   Thumb Code    42  nrf_log_backend_serial.o(i.timestamp_process)
    i.transfer_byte                          0x00020328   Section        0  nrf_drv_spi.o(i.transfer_byte)
    transfer_byte                            0x00020329   Thumb Code    80  nrf_drv_spi.o(i.transfer_byte)
    i.tx_byte                                0x00020378   Section        0  nrf_drv_uart.o(i.tx_byte)
    tx_byte                                  0x00020379   Thumb Code    30  nrf_drv_uart.o(i.tx_byte)
    i.tx_char_add                            0x00020396   Section        0  ble_nus.o(i.tx_char_add)
    tx_char_add                              0x00020397   Thumb Code   128  ble_nus.o(i.tx_char_add)
    i.tx_done_event                          0x00020416   Section        0  nrf_drv_uart.o(i.tx_done_event)
    tx_done_event                            0x00020417   Thumb Code    24  nrf_drv_uart.o(i.tx_done_event)
    i.uart_event_handler                     0x00020430   Section        0  nrf_log_backend_serial.o(i.uart_event_handler)
    uart_event_handler                       0x00020431   Thumb Code    12  nrf_log_backend_serial.o(i.uart_event_handler)
    i.uart_irq_handler                       0x00020440   Section        0  nrf_drv_uart.o(i.uart_irq_handler)
    uart_irq_handler                         0x00020441   Thumb Code   296  nrf_drv_uart.o(i.uart_irq_handler)
    i.uart_tx_data                           0x00020568   Section        0  ble_cmd_op.o(i.uart_tx_data)
    i.uint16_encode                          0x0002056a   Section        0  ble_advdata.o(i.uint16_encode)
    uint16_encode                            0x0002056b   Thumb Code    10  ble_advdata.o(i.uint16_encode)
    i.update_timeout_handler                 0x00020574   Section        0  ble_conn_params.o(i.update_timeout_handler)
    update_timeout_handler                   0x00020575   Thumb Code    94  ble_conn_params.o(i.update_timeout_handler)
    i.user_op_alloc                          0x00020610   Section        0  app_timer.o(i.user_op_alloc)
    user_op_alloc                            0x00020611   Thumb Code    40  app_timer.o(i.user_op_alloc)
    i.uuid_list_encode                       0x0002063c   Section        0  ble_advdata.o(i.uuid_list_encode)
    uuid_list_encode                         0x0002063d   Thumb Code    48  ble_advdata.o(i.uuid_list_encode)
    i.uuid_list_sized_encode                 0x0002066c   Section        0  ble_advdata.o(i.uuid_list_sized_encode)
    uuid_list_sized_encode                   0x0002066d   Thumb Code   174  ble_advdata.o(i.uuid_list_sized_encode)
    i.validate                               0x0002071a   Section        0  ff.o(i.validate)
    validate                                 0x0002071b   Thumb Code    42  ff.o(i.validate)
    i.whitelist_has_entries                  0x00020744   Section        0  ble_advertising.o(i.whitelist_has_entries)
    whitelist_has_entries                    0x00020745   Thumb Code    18  ble_advertising.o(i.whitelist_has_entries)
    i.write_file                             0x0002075c   Section        0  memory_interface.o(i.write_file)
    .constdata                               0x00020868   Section       12  main.o(.constdata)
    .constdata                               0x00020874   Section       28  memory_interface.o(.constdata)
    spi                                      0x00020878   Data           8  memory_interface.o(.constdata)
    .constdata                               0x00020890   Section     9193  cmdiphonesp.o(.constdata)
    .constdata                               0x00022c7c   Section        8  power.o(.constdata)
    .constdata                               0x00022c84   Section        4  ble_conn_params.o(.constdata)
    m_conn_params_timer_id                   0x00022c84   Data           4  ble_conn_params.o(.constdata)
    .constdata                               0x00022c88   Section        4  nrf_drv_gpiote.o(.constdata)
    .constdata                               0x00022c8c   Section       32  nrf_log_backend_serial.o(.constdata)
    .constdata                               0x00022cac   Section      129  ctype_o.o(.constdata)
    .constdata                               0x00022d30   Section        4  ctype_o.o(.constdata)
    table                                    0x00022d30   Data           4  ctype_o.o(.constdata)
    .conststring                             0x00022d34   Section       66  softdevice_handler.o(.conststring)
    .data                                    0x20001fe8   Section       12  main.o(.data)
    index                                    0x20001fe8   Data           1  main.o(.data)
    m_conn_handle                            0x20001fea   Data           2  main.o(.data)
    m_adv_uuids                              0x20001fec   Data           4  main.o(.data)
    led_num                                  0x20001ff0   Data           4  main.o(.data)
    .data                                    0x20001ff4   Section       28  memory_interface.o(.data)
    flagTxIphoneCmd                          0x20001ff4   Data           1  memory_interface.o(.data)
    spi_xfer_done                            0x20001ff5   Data           1  memory_interface.o(.data)
    i                                        0x20001ff8   Data           4  memory_interface.o(.data)
    .data                                    0x20002010   Section        5  key.o(.data)
    .data                                    0x20002018   Section        8  power.o(.data)
    sleep_delay_num                          0x2000201c   Data           4  power.o(.data)
    .data                                    0x20002020   Section       12  sys_task.o(.data)
    .data                                    0x2000202c   Section        1  led.o(.data)
    flagblink                                0x2000202c   Data           1  led.o(.data)
    .data                                    0x20002030   Section        4  system_nrf51.o(.data)
    __tagsym$$used                           0x20002030   Number         0  system_nrf51.o(.data)
    .data                                    0x20002034   Section       48  ble_advertising.o(.data)
    m_initialized                            0x20002034   Data           1  ble_advertising.o(.data)
    m_advertising_start_pending              0x20002035   Data           1  ble_advertising.o(.data)
    m_adv_evt                                0x20002036   Data           1  ble_advertising.o(.data)
    m_adv_mode_current                       0x20002037   Data           1  ble_advertising.o(.data)
    m_peer_addr_reply_expected               0x20002038   Data           1  ble_advertising.o(.data)
    m_whitelist_temporarily_disabled         0x20002039   Data           1  ble_advertising.o(.data)
    m_whitelist_reply_expected               0x2000203a   Data           1  ble_advertising.o(.data)
    m_current_slave_link_conn_handle         0x2000203c   Data           2  ble_advertising.o(.data)
    m_slave_conn_int                         0x2000203e   Data           4  ble_advertising.o(.data)
    m_evt_handler                            0x20002044   Data           4  ble_advertising.o(.data)
    m_error_handler                          0x20002048   Data           4  ble_advertising.o(.data)
    m_peer_address                           0x2000204c   Data           7  ble_advertising.o(.data)
    m_whitelist                              0x20002054   Data          16  ble_advertising.o(.data)
    .data                                    0x20002064   Section       20  ble_conn_params.o(.data)
    m_change_param                           0x20002064   Data           1  ble_conn_params.o(.data)
    m_update_count                           0x20002065   Data           1  ble_conn_params.o(.data)
    m_conn_handle                            0x20002066   Data           2  ble_conn_params.o(.data)
    m_preferred_conn_params                  0x20002068   Data           8  ble_conn_params.o(.data)
    m_current_conn_params                    0x20002070   Data           8  ble_conn_params.o(.data)
    .data                                    0x20002078   Section       32  app_timer.o(.data)
    m_ticks_elapsed_q_read_ind               0x20002078   Data           1  app_timer.o(.data)
    m_ticks_elapsed_q_write_ind              0x20002079   Data           1  app_timer.o(.data)
    m_rtc1_running                           0x2000207a   Data           1  app_timer.o(.data)
    m_rtc1_reset                             0x2000207b   Data           1  app_timer.o(.data)
    mp_timer_id_head                         0x2000207c   Data           4  app_timer.o(.data)
    m_ticks_latest                           0x20002080   Data           4  app_timer.o(.data)
    m_evt_schedule_func                      0x20002084   Data           4  app_timer.o(.data)
    m_op_queue                               0x20002088   Data           8  app_timer.o(.data)
    m_ticks_elapsed                          0x20002090   Data           8  app_timer.o(.data)
    .data                                    0x20002098   Section       12  app_util_platform.o(.data)
    m_in_critical_region                     0x20002098   Data           4  app_util_platform.o(.data)
    .data                                    0x200020a4   Section       12  nrf_log_backend_serial.o(.data)
    m_initialized                            0x200020a4   Data           1  nrf_log_backend_serial.o(.data)
    m_blocking_mode                          0x200020a5   Data           1  nrf_log_backend_serial.o(.data)
    m_rx_done                                0x200020a6   Data           1  nrf_log_backend_serial.o(.data)
    m_uart                                   0x200020a8   Data           8  nrf_log_backend_serial.o(.data)
    .data                                    0x200020b0   Section       20  softdevice_handler.o(.data)
    m_softdevice_enabled                     0x200020b0   Data           1  softdevice_handler.o(.data)
    m_suspended                              0x200020b1   Data           1  softdevice_handler.o(.data)
    m_ble_evt_buffer_size                    0x200020b2   Data           2  softdevice_handler.o(.data)
    m_evt_schedule_func                      0x200020b4   Data           4  softdevice_handler.o(.data)
    mp_ble_evt_buffer                        0x200020b8   Data           4  softdevice_handler.o(.data)
    m_ble_evt_handler                        0x200020bc   Data           4  softdevice_handler.o(.data)
    m_sys_evt_handler                        0x200020c0   Data           4  softdevice_handler.o(.data)
    .data                                    0x200020c4   Section        8  ff.o(.data)
    Fsid                                     0x200020c4   Data           2  ff.o(.data)
    FatFs                                    0x200020c8   Data           4  ff.o(.data)
    .bss                                     0x200020cc   Section       32  main.o(.bss)
    .bss                                     0x200020ec   Section       32  main.o(.bss)
    .bss                                     0x2000210c   Section      240  main.o(.bss)
    BLE_EVT_BUFFER                           0x2000210c   Data          72  main.o(.bss)
    data_array                               0x20002154   Data          20  main.o(.bss)
    APP_TIMER_BUF                            0x20002168   Data         120  main.o(.bss)
    .bss                                     0x200021fc   Section    12376  memory_interface.o(.bss)
    .bss                                     0x20005254   Section       23  ble_cmd_op.o(.bss)
    .bss                                     0x2000526c   Section      363  ble_advertising.o(.bss)
    m_adv_modes_config                       0x2000526c   Data          32  ble_advertising.o(.bss)
    m_advdata                                0x2000528c   Data          60  ble_advertising.o(.bss)
    m_manuf_specific_data                    0x200052c8   Data          12  ble_advertising.o(.bss)
    m_manuf_data_array                       0x200052d4   Data          31  ble_advertising.o(.bss)
    m_service_data                           0x200052f4   Data          12  ble_advertising.o(.bss)
    m_service_data_array                     0x20005300   Data          31  ble_advertising.o(.bss)
    m_whitelist_addrs                        0x2000531f   Data          56  ble_advertising.o(.bss)
    m_whitelist_irks                         0x20005357   Data         128  ble_advertising.o(.bss)
    .bss                                     0x200053d8   Section       32  ble_advertising.o(.bss)
    m_p_whitelist_addrs                      0x200053d8   Data          32  ble_advertising.o(.bss)
    .bss                                     0x200053f8   Section       32  ble_advertising.o(.bss)
    m_p_whitelist_irks                       0x200053f8   Data          32  ble_advertising.o(.bss)
    .bss                                     0x20005418   Section       32  ble_conn_params.o(.bss)
    m_conn_params_timer_id_data              0x20005418   Data          32  ble_conn_params.o(.bss)
    .bss                                     0x20005438   Section       28  ble_conn_params.o(.bss)
    m_conn_params_config                     0x20005438   Data          28  ble_conn_params.o(.bss)
    .bss                                     0x20005454   Section       20  nrf_drv_clock.o(.bss)
    m_clock_cb                               0x20005454   Data          20  nrf_drv_clock.o(.bss)
    .bss                                     0x20005468   Section       72  nrf_drv_gpiote.o(.bss)
    m_cb                                     0x20005468   Data          72  nrf_drv_gpiote.o(.bss)
    .bss                                     0x200054b0   Section       28  nrf_drv_uart.o(.bss)
    m_cb                                     0x200054b0   Data          28  nrf_drv_uart.o(.bss)
    .bss                                     0x200054cc   Section       32  nrf_drv_spi.o(.bss)
    m_cb                                     0x200054cc   Data          32  nrf_drv_spi.o(.bss)
    .bss                                     0x200054ec   Section       20  nrf_drv_adc.o(.bss)
    m_cb                                     0x200054ec   Data          20  nrf_drv_adc.o(.bss)
    .bss                                     0x20005500   Section       32  app_error.o(.bss)
    m_error_data                             0x20005500   Data          32  app_error.o(.bss)
    .bss                                     0x20005520   Section      104  fstorage.o(.bss)
    m_queue                                  0x20005520   Data         104  fstorage.o(.bss)
    .bss                                     0x20005588   Section      256  nrf_log_backend_serial.o(.bss)
    m_uart_buffer                            0x20005588   Data         256  nrf_log_backend_serial.o(.bss)
    .bss                                     0x20005688   Section       28  nrf_log_frontend.o(.bss)
    m_log_data                               0x20005688   Data          28  nrf_log_frontend.o(.bss)
    STACK                                    0x200056a8   Section     2048  arm_startup_nrf51.o(STACK)

    Global Symbols

    Symbol Name                              Value     Ov Type        Size  Object(Section)

    BuildAttributes$$THM_ISAv3M$S$PE$A:L22$X:L11$S22$IEEE1$IW$USESV6$~STKCKD$USESV7$~SHL$OSPACE$ROPI$EBA8$MICROLIB$REQ8$PRES8$EABIv2 0x00000000   Number         0  anon$$obj.o ABSOLUTE
    __ARM_use_no_argv                        0x00000000   Number         0  main.o ABSOLUTE
    _printf_a                                0x00000000   Number         0  stubs.o ABSOLUTE
    _printf_c                                0x00000000   Number         0  stubs.o ABSOLUTE
    _printf_charcount                        0x00000000   Number         0  stubs.o ABSOLUTE
    _printf_d                                0x00000000   Number         0  stubs.o ABSOLUTE
    _printf_e                                0x00000000   Number         0  stubs.o ABSOLUTE
    _printf_f                                0x00000000   Number         0  stubs.o ABSOLUTE
    _printf_flags                            0x00000000   Number         0  stubs.o ABSOLUTE
    _printf_fp_dec                           0x00000000   Number         0  stubs.o ABSOLUTE
    _printf_fp_hex                           0x00000000   Number         0  stubs.o ABSOLUTE
    _printf_g                                0x00000000   Number         0  stubs.o ABSOLUTE
    _printf_i                                0x00000000   Number         0  stubs.o ABSOLUTE
    _printf_int_dec                          0x00000000   Number         0  stubs.o ABSOLUTE
    _printf_l                                0x00000000   Number         0  stubs.o ABSOLUTE
    _printf_lc                               0x00000000   Number         0  stubs.o ABSOLUTE
    _printf_ll                               0x00000000   Number         0  stubs.o ABSOLUTE
    _printf_lld                              0x00000000   Number         0  stubs.o ABSOLUTE
    _printf_lli                              0x00000000   Number         0  stubs.o ABSOLUTE
    _printf_llo                              0x00000000   Number         0  stubs.o ABSOLUTE
    _printf_llu                              0x00000000   Number         0  stubs.o ABSOLUTE
    _printf_llx                              0x00000000   Number         0  stubs.o ABSOLUTE
    _printf_longlong_dec                     0x00000000   Number         0  stubs.o ABSOLUTE
    _printf_longlong_hex                     0x00000000   Number         0  stubs.o ABSOLUTE
    _printf_longlong_oct                     0x00000000   Number         0  stubs.o ABSOLUTE
    _printf_ls                               0x00000000   Number         0  stubs.o ABSOLUTE
    _printf_mbtowc                           0x00000000   Number         0  stubs.o ABSOLUTE
    _printf_n                                0x00000000   Number         0  stubs.o ABSOLUTE
    _printf_o                                0x00000000   Number         0  stubs.o ABSOLUTE
    _printf_p                                0x00000000   Number         0  stubs.o ABSOLUTE
    _printf_percent                          0x00000000   Number         0  stubs.o ABSOLUTE
    _printf_pre_padding                      0x00000000   Number         0  stubs.o ABSOLUTE
    _printf_return_value                     0x00000000   Number         0  stubs.o ABSOLUTE
    _printf_s                                0x00000000   Number         0  stubs.o ABSOLUTE
    _printf_sizespec                         0x00000000   Number         0  stubs.o ABSOLUTE
    _printf_str                              0x00000000   Number         0  stubs.o ABSOLUTE
    _printf_truncate_signed                  0x00000000   Number         0  stubs.o ABSOLUTE
    _printf_truncate_unsigned                0x00000000   Number         0  stubs.o ABSOLUTE
    _printf_u                                0x00000000   Number         0  stubs.o ABSOLUTE
    _printf_wc                               0x00000000   Number         0  stubs.o ABSOLUTE
    _printf_wctomb                           0x00000000   Number         0  stubs.o ABSOLUTE
    _printf_widthprec                        0x00000000   Number         0  stubs.o ABSOLUTE
    _printf_x                                0x00000000   Number         0  stubs.o ABSOLUTE
    __cpp_initialize__aeabi_                  - Undefined Weak Reference
    __cxa_finalize                            - Undefined Weak Reference
    __decompress                              - Undefined Weak Reference
    _clock_init                               - Undefined Weak Reference
    _microlib_exit                            - Undefined Weak Reference
    fs_data$$Base                             - Undefined Reference
    fs_data$$Limit                            - Undefined Reference
    __Vectors_Size                           0x000000c0   Number         0  arm_startup_nrf51.o ABSOLUTE
    __Vectors                                0x0001b000   Data           4  arm_startup_nrf51.o(RESET)
    __Vectors_End                            0x0001b0c0   Data           0  arm_startup_nrf51.o(RESET)
    __main                                   0x0001b0c1   Thumb Code     0  entry.o(.ARM.Collect$$$$00000000)
    _main_stk                                0x0001b0c1   Thumb Code     0  entry2.o(.ARM.Collect$$$$00000001)
    _main_scatterload                        0x0001b0c5   Thumb Code     0  entry5.o(.ARM.Collect$$$$00000004)
    __main_after_scatterload                 0x0001b0c9   Thumb Code     0  entry5.o(.ARM.Collect$$$$00000004)
    _main_clock                              0x0001b0c9   Thumb Code     0  entry7b.o(.ARM.Collect$$$$00000008)
    _main_cpp_init                           0x0001b0c9   Thumb Code     0  entry8b.o(.ARM.Collect$$$$0000000A)
    _main_init                               0x0001b0c9   Thumb Code     0  entry9a.o(.ARM.Collect$$$$0000000B)
    __rt_final_cpp                           0x0001b0d1   Thumb Code     0  entry10a.o(.ARM.Collect$$$$0000000D)
    __rt_final_exit                          0x0001b0d1   Thumb Code     0  entry11a.o(.ARM.Collect$$$$0000000F)
    Reset_Handler                            0x0001b0d5   Thumb Code    26  arm_startup_nrf51.o(.text)
    NMI_Handler                              0x0001b0ef   Thumb Code     2  arm_startup_nrf51.o(.text)
    HardFault_Handler                        0x0001b0f1   Thumb Code     2  arm_startup_nrf51.o(.text)
    SVC_Handler                              0x0001b0f3   Thumb Code     2  arm_startup_nrf51.o(.text)
    PendSV_Handler                           0x0001b0f5   Thumb Code     2  arm_startup_nrf51.o(.text)
    SysTick_Handler                          0x0001b0f7   Thumb Code     2  arm_startup_nrf51.o(.text)
    CCM_AAR_IRQHandler                       0x0001b0f9   Thumb Code     0  arm_startup_nrf51.o(.text)
    ECB_IRQHandler                           0x0001b0f9   Thumb Code     0  arm_startup_nrf51.o(.text)
    LPCOMP_IRQHandler                        0x0001b0f9   Thumb Code     0  arm_startup_nrf51.o(.text)
    QDEC_IRQHandler                          0x0001b0f9   Thumb Code     0  arm_startup_nrf51.o(.text)
    RADIO_IRQHandler                         0x0001b0f9   Thumb Code     0  arm_startup_nrf51.o(.text)
    RNG_IRQHandler                           0x0001b0f9   Thumb Code     0  arm_startup_nrf51.o(.text)
    RTC0_IRQHandler                          0x0001b0f9   Thumb Code     0  arm_startup_nrf51.o(.text)
    SPI1_TWI1_IRQHandler                     0x0001b0f9   Thumb Code     0  arm_startup_nrf51.o(.text)
    SWI1_IRQHandler                          0x0001b0f9   Thumb Code     0  arm_startup_nrf51.o(.text)
    SWI3_IRQHandler                          0x0001b0f9   Thumb Code     0  arm_startup_nrf51.o(.text)
    SWI4_IRQHandler                          0x0001b0f9   Thumb Code     0  arm_startup_nrf51.o(.text)
    SWI5_IRQHandler                          0x0001b0f9   Thumb Code     0  arm_startup_nrf51.o(.text)
    TEMP_IRQHandler                          0x0001b0f9   Thumb Code     0  arm_startup_nrf51.o(.text)
    TIMER0_IRQHandler                        0x0001b0f9   Thumb Code     0  arm_startup_nrf51.o(.text)
    TIMER1_IRQHandler                        0x0001b0f9   Thumb Code     0  arm_startup_nrf51.o(.text)
    TIMER2_IRQHandler                        0x0001b0f9   Thumb Code     0  arm_startup_nrf51.o(.text)
    WDT_IRQHandler                           0x0001b0f9   Thumb Code     0  arm_startup_nrf51.o(.text)
    __aeabi_uidiv                            0x0001b10d   Thumb Code     0  uidiv.o(.text)
    __aeabi_uidivmod                         0x0001b10d   Thumb Code    44  uidiv.o(.text)
    __rt_ctype_table                         0x0001b139   Thumb Code     4  ctype_o.o(.text)
    __aeabi_memcpy                           0x0001b141   Thumb Code    36  memcpya.o(.text)
    __aeabi_memcpy4                          0x0001b141   Thumb Code     0  memcpya.o(.text)
    __aeabi_memcpy8                          0x0001b141   Thumb Code     0  memcpya.o(.text)
    __aeabi_memset                           0x0001b165   Thumb Code    14  memseta.o(.text)
    __aeabi_memset4                          0x0001b165   Thumb Code     0  memseta.o(.text)
    __aeabi_memset8                          0x0001b165   Thumb Code     0  memseta.o(.text)
    __aeabi_memclr                           0x0001b173   Thumb Code     4  memseta.o(.text)
    __aeabi_memclr4                          0x0001b173   Thumb Code     0  memseta.o(.text)
    __aeabi_memclr8                          0x0001b173   Thumb Code     0  memseta.o(.text)
    _memset$wrapper                          0x0001b177   Thumb Code    18  memseta.o(.text)
    strlen                                   0x0001b189   Thumb Code    14  strlen.o(.text)
    __aeabi_uread4                           0x0001b197   Thumb Code    20  uread4.o(.text)
    __rt_uread4                              0x0001b197   Thumb Code     0  uread4.o(.text)
    _uread4                                  0x0001b197   Thumb Code     0  uread4.o(.text)
    __aeabi_uwrite4                          0x0001b1ab   Thumb Code    18  uwrite4.o(.text)
    __rt_uwrite4                             0x0001b1ab   Thumb Code     0  uwrite4.o(.text)
    _uwrite4                                 0x0001b1ab   Thumb Code     0  uwrite4.o(.text)
    __aeabi_uldivmod                         0x0001b1bd   Thumb Code    96  uldiv.o(.text)
    __scatterload                            0x0001b21d   Thumb Code    28  init.o(.text)
    __scatterload_rt2                        0x0001b21d   Thumb Code     0  init.o(.text)
    __aeabi_llsl                             0x0001b241   Thumb Code    32  llshl.o(.text)
    _ll_shift_l                              0x0001b241   Thumb Code     0  llshl.o(.text)
    __aeabi_llsr                             0x0001b261   Thumb Code    34  llushr.o(.text)
    _ll_ushift_r                             0x0001b261   Thumb Code     0  llushr.o(.text)
    ADC_IRQHandler                           0x0001b285   Thumb Code    78  nrf_drv_adc.o(i.ADC_IRQHandler)
    Flash_PowerOn                            0x0001b2e5   Thumb Code   138  memory_interface.o(i.Flash_PowerOn)
    Flash_SectorErase                        0x0001b379   Thumb Code    82  memory_interface.o(i.Flash_SectorErase)
    Flash_WaitTaskFinished                   0x0001b3d9   Thumb Code    68  memory_interface.o(i.Flash_WaitTaskFinished)
    Flash_WriteEnable                        0x0001b421   Thumb Code    38  memory_interface.o(i.Flash_WriteEnable)
    GPIOTE_IRQHandler                        0x0001b44d   Thumb Code   364  nrf_drv_gpiote.o(i.GPIOTE_IRQHandler)
    POWER_CLOCK_IRQHandler                   0x0001b609   Thumb Code    70  nrf_drv_clock.o(i.POWER_CLOCK_IRQHandler)
    RTC1_IRQHandler                          0x0001b65d   Thumb Code    28  app_timer.o(i.RTC1_IRQHandler)
    Read_keyboard                            0x0001b67d   Thumb Code    32  key.o(i.Read_keyboard)
    SPI0_TWI0_IRQHandler                     0x0001b69d   Thumb Code    46  nrf_drv_spi.o(i.SPI0_TWI0_IRQHandler)
    SPI_Flash_Erase_Sector                   0x0001b6d5   Thumb Code    10  memory_interface.o(i.SPI_Flash_Erase_Sector)
    SWI0_IRQHandler                          0x0001b6df   Thumb Code     8  app_timer.o(i.SWI0_IRQHandler)
    SWI2_IRQHandler                          0x0001b6e9   Thumb Code    28  softdevice_handler.o(i.SWI2_IRQHandler)
    SystemInit                               0x0001b709   Thumb Code   130  system_nrf51.o(i.SystemInit)
    System_Func                              0x0001b7a9   Thumb Code     8  sys_task.o(i.System_Func)
    System_Task                              0x0001b7b1   Thumb Code   120  sys_task.o(i.System_Task)
    UART0_IRQHandler                         0x0001b82d   Thumb Code    12  nrf_drv_uart.o(i.UART0_IRQHandler)
    W25X_Read_Sector                         0x0001b841   Thumb Code    48  memory_interface.o(i.W25X_Read_Sector)
    W25X_Write_Sector                        0x0001b871   Thumb Code    54  memory_interface.o(i.W25X_Write_Sector)
    __0snprintf$8                            0x0001b8a9   Thumb Code    38  printf8.o(i.__0snprintf$8)
    __1snprintf$8                            0x0001b8a9   Thumb Code     0  printf8.o(i.__0snprintf$8)
    __2snprintf                              0x0001b8a9   Thumb Code     0  printf8.o(i.__0snprintf$8)
    __ARM_common_switch8                     0x0001b8d5   Thumb Code    26  ble_cmd_op.o(i.__ARM_common_switch8)
    __scatterload_copy                       0x0001b8ef   Thumb Code    14  handlers.o(i.__scatterload_copy)
    __scatterload_null                       0x0001b8fd   Thumb Code     2  handlers.o(i.__scatterload_null)
    __scatterload_zeroinit                   0x0001b8ff   Thumb Code    14  handlers.o(i.__scatterload_zeroinit)
    adc_config                               0x0001bdb5   Thumb Code    18  power.o(i.adc_config)
    adv_data_encode                          0x0001be2d   Thumb Code   398  ble_advdata.o(i.adv_data_encode)
    app_error_fault_handler                  0x0001c025   Thumb Code    28  app_error_weak.o(i.app_error_fault_handler)
    app_error_handler_bare                   0x0001c059   Thumb Code    20  app_error.o(i.app_error_handler_bare)
    app_error_save_and_stop                  0x0001c071   Thumb Code    90  app_error.o(i.app_error_save_and_stop)
    app_timer_create                         0x0001c0d5   Thumb Code    40  app_timer.o(i.app_timer_create)
    app_timer_init                           0x0001c101   Thumb Code    98  app_timer.o(i.app_timer_init)
    app_timer_start                          0x0001c175   Thumb Code   128  app_timer.o(i.app_timer_start)
    app_timer_stop                           0x0001c1fd   Thumb Code    36  app_timer.o(i.app_timer_stop)
    app_util_critical_region_enter           0x0001c225   Thumb Code    48  app_util_platform.o(i.app_util_critical_region_enter)
    app_util_critical_region_exit            0x0001c261   Thumb Code    36  app_util_platform.o(i.app_util_critical_region_exit)
    ble_advdata_set                          0x0001c311   Thumb Code   104  ble_advdata.o(i.ble_advdata_set)
    ble_advertising_init                     0x0001c379   Thumb Code   340  ble_advertising.o(i.ble_advertising_init)
    ble_advertising_on_ble_evt               0x0001c4d5   Thumb Code    82  ble_advertising.o(i.ble_advertising_on_ble_evt)
    ble_advertising_start                    0x0001c52d   Thumb Code   256  ble_advertising.o(i.ble_advertising_start)
    ble_cmd_getbattery                       0x0001c635   Thumb Code    44  ble_cmd_op.o(i.ble_cmd_getbattery)
    ble_cmd_getversion                       0x0001c665   Thumb Code    28  ble_cmd_op.o(i.ble_cmd_getversion)
    ble_cmd_read_phoneinfor                  0x0001c689   Thumb Code    52  ble_cmd_op.o(i.ble_cmd_read_phoneinfor)
    ble_cmd_transparentdebug                 0x0001c6c5   Thumb Code    14  ble_cmd_op.o(i.ble_cmd_transparentdebug)
    ble_cmd_write_file                       0x0001c6d9   Thumb Code    40  ble_cmd_op.o(i.ble_cmd_write_file)
    ble_cmd_write_phoneinfor                 0x0001c715   Thumb Code    12  ble_cmd_op.o(i.ble_cmd_write_phoneinfor)
    ble_conn_params_init                     0x0001c721   Thumb Code    68  ble_conn_params.o(i.ble_conn_params_init)
    ble_conn_params_on_ble_evt               0x0001c775   Thumb Code   130  ble_conn_params.o(i.ble_conn_params_on_ble_evt)
    ble_nus_init                             0x0001c889   Thumb Code    70  ble_nus.o(i.ble_nus_init)
    ble_nus_on_ble_evt                       0x0001c8d5   Thumb Code    92  ble_nus.o(i.ble_nus_on_ble_evt)
    ble_nus_string_send                      0x0001c931   Thumb Code    78  ble_nus.o(i.ble_nus_string_send)
    ble_srv_is_notification_enabled          0x0001c985   Thumb Code    14  ble_srv_common.o(i.ble_srv_is_notification_enabled)
    clust2sect                               0x0001cd69   Thumb Code    38  ff.o(i.clust2sect)
    disk_initialize                          0x0001d411   Thumb Code    22  diskio.o(i.disk_initialize)
    disk_ioctl                               0x0001d445   Thumb Code    46  diskio.o(i.disk_ioctl)
    disk_read                                0x0001d475   Thumb Code    46  diskio.o(i.disk_read)
    disk_scan                                0x0001d4c5   Thumb Code    48  key.o(i.disk_scan)
    disk_status                              0x0001d4f9   Thumb Code     4  diskio.o(i.disk_status)
    disk_write                               0x0001d4fd   Thumb Code    38  diskio.o(i.disk_write)
    enter_sleep_mode                         0x0001d565   Thumb Code    56  power.o(i.enter_sleep_mode)
    f_close                                  0x0001d5d5   Thumb Code    18  ff.o(i.f_close)
    f_gets                                   0x0001d5e7   Thumb Code    68  ff.o(i.f_gets)
    f_mount                                  0x0001d62d   Thumb Code    32  ff.o(i.f_mount)
    f_open                                   0x0001d651   Thumb Code   344  ff.o(i.f_open)
    f_opendir                                0x0001d7a9   Thumb Code   100  ff.o(i.f_opendir)
    f_read                                   0x0001d80d   Thumb Code   426  ff.o(i.f_read)
    f_readdir                                0x0001d9b7   Thumb Code    82  ff.o(i.f_readdir)
    f_sync                                   0x0001da09   Thumb Code   164  ff.o(i.f_sync)
    f_write                                  0x0001daad   Thumb Code   482  ff.o(i.f_write)
    flash_readdata                           0x0001dc91   Thumb Code    80  memory_interface.o(i.flash_readdata)
    flash_writedata                          0x0001dce5   Thumb Code   144  memory_interface.o(i.flash_writedata)
    fs_queued_op_count_get                   0x0001de3d   Thumb Code    18  fstorage.o(i.fs_queued_op_count_get)
    get_adc_vol                              0x0001de55   Thumb Code    54  power.o(i.get_adc_vol)
    get_fat                                  0x0001de99   Thumb Code   326  ff.o(i.get_fat)
    get_fattime                              0x0001dfdf   Thumb Code     4  diskio.o(i.get_fattime)
    init_disk                                0x0001e059   Thumb Code    58  memory_interface.o(i.init_disk)
    init_driver                              0x0001e0dd   Thumb Code    16  main.o(i.init_driver)
    init_key                                 0x0001e0ed   Thumb Code    46  key.o(i.init_key)
    intern_softdevice_events_execute         0x0001e121   Thumb Code   122  softdevice_handler.o(i.intern_softdevice_events_execute)
    iphone_disk_command_op                   0x0001e1a1   Thumb Code    62  memory_interface.o(i.iphone_disk_command_op)
    key_scan                                 0x0001e24d   Thumb Code   168  key.o(i.key_scan)
    led_func                                 0x0001e38d   Thumb Code   126  led.o(i.led_func)
    main                                     0x0001e5cd   Thumb Code   388  main.o(i.main)
    mainboard_wake_up                        0x0001e785   Thumb Code    34  power.o(i.mainboard_wake_up)
    nrf_adc_configure                        0x0001e98d   Thumb Code    60  nrf_adc.o(i.nrf_adc_configure)
    nrf_adc_convert_single                   0x0001e9cd   Thumb Code    32  nrf_adc.o(i.nrf_adc_convert_single)
    nrf_drv_clock_init                       0x0001ea9d   Thumb Code    60  nrf_drv_clock.o(i.nrf_drv_clock_init)
    nrf_drv_clock_on_sd_enable               0x0001eae5   Thumb Code    46  nrf_drv_clock.o(i.nrf_drv_clock_on_sd_enable)
    nrf_drv_clock_on_soc_event               0x0001eb19   Thumb Code    12  nrf_drv_clock.o(i.nrf_drv_clock_on_soc_event)
    nrf_drv_common_irq_enable                0x0001eb25   Thumb Code    78  nrf_drv_common.o(i.nrf_drv_common_irq_enable)
    nrf_drv_spi_init                         0x0001eb85   Thumb Code   262  nrf_drv_spi.o(i.nrf_drv_spi_init)
    nrf_drv_spi_transfer                     0x0001ec99   Thumb Code    24  nrf_drv_spi.o(i.nrf_drv_spi_transfer)
    nrf_drv_spi_xfer                         0x0001ecb1   Thumb Code   104  nrf_drv_spi.o(i.nrf_drv_spi_xfer)
    nrf_drv_uart_init                        0x0001ed21   Thumb Code   118  nrf_drv_uart.o(i.nrf_drv_uart_init)
    nrf_drv_uart_tx                          0x0001eda1   Thumb Code    46  nrf_drv_uart.o(i.nrf_drv_uart_tx)
    nrf_drv_uart_tx_in_progress              0x0001ee61   Thumb Code    20  nrf_drv_uart.o(i.nrf_drv_uart_tx_in_progress)
    nrf_drv_uart_uninit                      0x0001ee79   Thumb Code   140  nrf_drv_uart.o(i.nrf_drv_uart_uninit)
    nrf_log_backend_hexdump_handler_get      0x0001f11d   Thumb Code     4  nrf_log_backend_serial.o(i.nrf_log_backend_hexdump_handler_get)
    nrf_log_backend_init                     0x0001f125   Thumb Code   102  nrf_log_backend_serial.o(i.nrf_log_backend_init)
    nrf_log_backend_std_handler_get          0x0001f3d5   Thumb Code     4  nrf_log_backend_serial.o(i.nrf_log_backend_std_handler_get)
    nrf_log_frontend_hexdump                 0x0001f3f5   Thumb Code    42  nrf_log_frontend.o(i.nrf_log_frontend_hexdump)
    nrf_log_frontend_std_0                   0x0001f425   Thumb Code    12  nrf_log_frontend.o(i.nrf_log_frontend_std_0)
    nrf_log_frontend_std_1                   0x0001f431   Thumb Code    14  nrf_log_frontend.o(i.nrf_log_frontend_std_1)
    nrf_log_handlers_set                     0x0001f441   Thumb Code     8  nrf_log_frontend.o(i.nrf_log_handlers_set)
    nrf_log_init                             0x0001f44d   Thumb Code    34  nrf_log_frontend.o(i.nrf_log_init)
    nus_data_handler_protocol_op             0x0001f495   Thumb Code    84  ble_cmd_op.o(i.nus_data_handler_protocol_op)
    put_fat                                  0x0001f5f9   Thumb Code   378  ff.o(i.put_fat)
    read_dir                                 0x0001f785   Thumb Code   108  memory_interface.o(i.read_dir)
    read_file                                0x0001f881   Thumb Code   122  memory_interface.o(i.read_file)
    read_file_for_line                       0x0001f9f9   Thumb Code    78  memory_interface.o(i.read_file_for_line)
    softdevice_ble_evt_handler_set           0x0001fe1d   Thumb Code    16  softdevice_handler.o(i.softdevice_ble_evt_handler_set)
    softdevice_enable                        0x0001fe31   Thumb Code    62  softdevice_handler.o(i.softdevice_enable)
    softdevice_enable_get_default_config     0x0001fed5   Thumb Code    40  softdevice_handler.o(i.softdevice_enable_get_default_config)
    softdevice_fault_handler                 0x0001fefd   Thumb Code     8  softdevice_handler.o(i.softdevice_fault_handler)
    softdevice_handler_init                  0x0001ff05   Thumb Code    74  softdevice_handler.o(i.softdevice_handler_init)
    softdevice_handler_is_enabled            0x0001ff5d   Thumb Code     6  softdevice_handler.o(i.softdevice_handler_is_enabled)
    spi_event_handler                        0x0001ff69   Thumb Code     8  memory_interface.o(i.spi_event_handler)
    tick_timer_handler                       0x000200a5   Thumb Code   174  sys_task.o(i.tick_timer_handler)
    uart_tx_data                             0x00020569   Thumb Code     2  ble_cmd_op.o(i.uart_tx_data)
    write_file                               0x0002075d   Thumb Code   100  memory_interface.o(i.write_file)
    m_tick_timer_id                          0x00020868   Data           4  main.o(.constdata)
    m_led_timer_id                           0x0002086c   Data           4  main.o(.constdata)
    _accmdiphonesp                           0x00020890   Data        9193  cmdiphonesp.o(.constdata)
    __ctype_table                            0x00022cac   Data         129  ctype_o.o(.constdata)
    Region$$Table$$Base                      0x00022d78   Number         0  anon$$obj.o(Region$$Table)
    Region$$Table$$Limit                     0x00022d98   Number         0  anon$$obj.o(Region$$Table)
    Image$$RW_IRAM1$$Base                    0x20001fe8   Number         0  anon$$obj.o ABSOLUTE
    tick_count                               0x20001ffc   Data           4  memory_interface.o(.data)
    filename                                 0x20002000   Data          16  memory_interface.o(.data)
    key_status                               0x20002010   Data           1  key.o(.data)
    new_key_status                           0x20002011   Data           1  key.o(.data)
    old_key_status                           0x20002012   Data           1  key.o(.data)
    key_code                                 0x20002013   Data           1  key.o(.data)
    key_hold_16hz_counter                    0x20002014   Data           1  key.o(.data)
    vol_c2                                   0x20002018   Data           2  power.o(.data)
    vol_c3                                   0x2000201a   Data           2  power.o(.data)
    system_timer_flag                        0x20002020   Data           2  sys_task.o(.data)
    sys_tick_count                           0x20002024   Data           4  sys_task.o(.data)
    system_func_flag                         0x20002028   Data           4  sys_task.o(.data)
    SystemCoreClock                          0x20002030   Data           4  system_nrf51.o(.data)
    nrf_nvic_state                           0x2000209c   Data           8  app_util_platform.o(.data)
    m_tick_timer_id_data                     0x200020cc   Data          32  main.o(.bss)
    m_led_timer_id_data                      0x200020ec   Data          32  main.o(.bss)
    m_nus                                    0x200021e0   Data          28  main.o(.bss)
    ReadBuffer                               0x200021fc   Data        4096  memory_interface.o(.bss)
    fs                                       0x200031fc   Data        4146  memory_interface.o(.bss)
    file                                     0x20004230   Data        4132  memory_interface.o(.bss)
    ble_tx_data                              0x20005254   Data          23  ble_cmd_op.o(.bss)
    __initial_sp                             0x20005ea8   Data           0  arm_startup_nrf51.o(STACK)



==============================================================================

Memory Map of the image

  Image Entry point : 0x0001b0c1

  Load Region LR_IROM1 (Base: 0x0001b000, Size: 0x00007e7c, Max: 0x00025000, ABSOLUTE)

    Execution Region ER_IROM1 (Base: 0x0001b000, Size: 0x00007d98, Max: 0x00025000, ABSOLUTE)

    Base Addr    Size         Type   Attr      Idx    E Section Name        Object

    0x0001b000   0x000000c0   Data   RO          988    RESET               arm_startup_nrf51.o
    0x0001b0c0   0x00000000   Code   RO         3606  * .ARM.Collect$$$$00000000  mc_p.l(entry.o)
    0x0001b0c0   0x00000004   Code   RO         3914    .ARM.Collect$$$$00000001  mc_p.l(entry2.o)
    0x0001b0c4   0x00000004   Code   RO         3917    .ARM.Collect$$$$00000004  mc_p.l(entry5.o)
    0x0001b0c8   0x00000000   Code   RO         3919    .ARM.Collect$$$$00000008  mc_p.l(entry7b.o)
    0x0001b0c8   0x00000000   Code   RO         3921    .ARM.Collect$$$$0000000A  mc_p.l(entry8b.o)
    0x0001b0c8   0x00000008   Code   RO         3922    .ARM.Collect$$$$0000000B  mc_p.l(entry9a.o)
    0x0001b0d0   0x00000000   Code   RO         3924    .ARM.Collect$$$$0000000D  mc_p.l(entry10a.o)
    0x0001b0d0   0x00000000   Code   RO         3926    .ARM.Collect$$$$0000000F  mc_p.l(entry11a.o)
    0x0001b0d0   0x00000004   Code   RO         3915    .ARM.Collect$$$$00002712  mc_p.l(entry2.o)
    0x0001b0d4   0x00000038   Code   RO          989    .text               arm_startup_nrf51.o
    0x0001b10c   0x0000002c   Code   RO         3609    .text               mc_p.l(uidiv.o)
    0x0001b138   0x00000008   Code   RO         3611    .text               mc_p.l(ctype_o.o)
    0x0001b140   0x00000024   Code   RO         3639    .text               mc_p.l(memcpya.o)
    0x0001b164   0x00000024   Code   RO         3641    .text               mc_p.l(memseta.o)
    0x0001b188   0x0000000e   Code   RO         3643    .text               mc_p.l(strlen.o)
    0x0001b196   0x00000014   Code   RO         3910    .text               mc_p.l(uread4.o)
    0x0001b1aa   0x00000012   Code   RO         3912    .text               mc_p.l(uwrite4.o)
    0x0001b1bc   0x00000060   Code   RO         3928    .text               mc_p.l(uldiv.o)
    0x0001b21c   0x00000024   Code   RO         3941    .text               mc_p.l(init.o)
    0x0001b240   0x00000020   Code   RO         3943    .text               mc_p.l(llshl.o)
    0x0001b260   0x00000022   Code   RO         3945    .text               mc_p.l(llushr.o)
    0x0001b282   0x00000002   PAD
    0x0001b284   0x00000060   Code   RO         2055    i.ADC_IRQHandler    nrf_drv_adc.o
    0x0001b2e4   0x00000094   Code   RO          349    i.Flash_PowerOn     memory_interface.o
    0x0001b378   0x00000060   Code   RO          350    i.Flash_SectorErase  memory_interface.o
    0x0001b3d8   0x00000048   Code   RO          351    i.Flash_WaitTaskFinished  memory_interface.o
    0x0001b420   0x0000002c   Code   RO          352    i.Flash_WriteEnable  memory_interface.o
    0x0001b44c   0x00000178   Code   RO         1587    i.GPIOTE_IRQHandler  nrf_drv_gpiote.o
    0x0001b5c4   0x00000044   Code   RO         2356    i.NVIC_SetPriority  app_timer.o
    0x0001b608   0x00000054   Code   RO         1381    i.POWER_CLOCK_IRQHandler  nrf_drv_clock.o
    0x0001b65c   0x00000020   Code   RO         2357    i.RTC1_IRQHandler   app_timer.o
    0x0001b67c   0x00000020   Code   RO          663    i.Read_keyboard     key.o
    0x0001b69c   0x00000038   Code   RO         1979    i.SPI0_TWI0_IRQHandler  nrf_drv_spi.o
    0x0001b6d4   0x0000000a   Code   RO          354    i.SPI_Flash_Erase_Sector  memory_interface.o
    0x0001b6de   0x00000008   Code   RO         2358    i.SWI0_IRQHandler   app_timer.o
    0x0001b6e6   0x00000002   PAD
    0x0001b6e8   0x00000020   Code   RO         3158    i.SWI2_IRQHandler   softdevice_handler.o
    0x0001b708   0x000000a0   Code   RO          996    i.SystemInit        system_nrf51.o
    0x0001b7a8   0x00000008   Code   RO          791    i.System_Func       sys_task.o
    0x0001b7b0   0x0000007c   Code   RO          792    i.System_Task       sys_task.o
    0x0001b82c   0x00000014   Code   RO         1802    i.UART0_IRQHandler  nrf_drv_uart.o
    0x0001b840   0x00000030   Code   RO          356    i.W25X_Read_Sector  memory_interface.o
    0x0001b870   0x00000036   Code   RO          357    i.W25X_Write_Sector  memory_interface.o
    0x0001b8a6   0x00000002   PAD
    0x0001b8a8   0x0000002c   Code   RO         3857    i.__0snprintf$8     mc_p.l(printf8.o)
    0x0001b8d4   0x0000001a   Code   RO          655    i.__ARM_common_switch8  ble_cmd_op.o
    0x0001b8ee   0x0000000e   Code   RO         3955    i.__scatterload_copy  mc_p.l(handlers.o)
    0x0001b8fc   0x00000002   Code   RO         3956    i.__scatterload_null  mc_p.l(handlers.o)
    0x0001b8fe   0x0000000e   Code   RO         3957    i.__scatterload_zeroinit  mc_p.l(handlers.o)
    0x0001b90c   0x0000001c   Code   RO         3159    i.__sd_nvic_app_accessible_irq  softdevice_handler.o
    0x0001b928   0x00000428   Code   RO         3863    i._printf_core      mc_p.l(printf8.o)
    0x0001bd50   0x00000020   Code   RO         3864    i._printf_post_padding  mc_p.l(printf8.o)
    0x0001bd70   0x0000002c   Code   RO         3865    i._printf_pre_padding  mc_p.l(printf8.o)
    0x0001bd9c   0x00000016   Code   RO         3866    i._snputc           mc_p.l(printf8.o)
    0x0001bdb2   0x00000002   PAD
    0x0001bdb4   0x00000018   Code   RO          725    i.adc_config        power.o
    0x0001bdcc   0x00000060   Code   RO         2056    i.adc_sample_process  nrf_drv_adc.o
    0x0001be2c   0x0000018e   Code   RO         1050    i.adv_data_encode   ble_advdata.o
    0x0001bfba   0x00000002   PAD
    0x0001bfbc   0x00000068   Code   RO         1123    i.adv_mode_next_avail_get  ble_advertising.o
    0x0001c024   0x00000034   Code   RO         2267    i.app_error_fault_handler  app_error_weak.o
    0x0001c058   0x00000018   Code   RO         2235    i.app_error_handler_bare  app_error.o
    0x0001c070   0x00000064   Code   RO         2236    i.app_error_save_and_stop  app_error.o
    0x0001c0d4   0x0000002c   Code   RO         2361    i.app_timer_create  app_timer.o
    0x0001c100   0x00000074   Code   RO         2362    i.app_timer_init    app_timer.o
    0x0001c174   0x00000088   Code   RO         2363    i.app_timer_start   app_timer.o
    0x0001c1fc   0x00000028   Code   RO         2364    i.app_timer_stop    app_timer.o
    0x0001c224   0x0000003c   Code   RO         2560    i.app_util_critical_region_enter  app_util_platform.o
    0x0001c260   0x0000002c   Code   RO         2561    i.app_util_critical_region_exit  app_util_platform.o
    0x0001c28c   0x00000084   Code   RO         1803    i.apply_config      nrf_drv_uart.o
    0x0001c310   0x00000068   Code   RO         1051    i.ble_advdata_set   ble_advdata.o
    0x0001c378   0x0000015c   Code   RO         1124    i.ble_advertising_init  ble_advertising.o
    0x0001c4d4   0x00000058   Code   RO         1125    i.ble_advertising_on_ble_evt  ble_advertising.o
    0x0001c52c   0x00000108   Code   RO         1129    i.ble_advertising_start  ble_advertising.o
    0x0001c634   0x00000030   Code   RO          580    i.ble_cmd_getbattery  ble_cmd_op.o
    0x0001c664   0x00000024   Code   RO          581    i.ble_cmd_getversion  ble_cmd_op.o
    0x0001c688   0x0000003c   Code   RO          584    i.ble_cmd_read_phoneinfor  ble_cmd_op.o
    0x0001c6c4   0x00000014   Code   RO          586    i.ble_cmd_transparentdebug  ble_cmd_op.o
    0x0001c6d8   0x0000003c   Code   RO          587    i.ble_cmd_write_file  ble_cmd_op.o
    0x0001c714   0x0000000c   Code   RO          588    i.ble_cmd_write_phoneinfor  ble_cmd_op.o
    0x0001c720   0x00000054   Code   RO         1214    i.ble_conn_params_init  ble_conn_params.o
    0x0001c774   0x00000090   Code   RO         1215    i.ble_conn_params_on_ble_evt  ble_conn_params.o
    0x0001c804   0x0000005e   Code   RO         1052    i.ble_device_addr_encode  ble_advdata.o
    0x0001c862   0x00000002   PAD
    0x0001c864   0x00000024   Code   RO            4    i.ble_evt_dispatch  main.o
    0x0001c888   0x0000004c   Code   RO         1339    i.ble_nus_init      ble_nus.o
    0x0001c8d4   0x0000005c   Code   RO         1340    i.ble_nus_on_ble_evt  ble_nus.o
    0x0001c930   0x00000054   Code   RO         1341    i.ble_nus_string_send  ble_nus.o
    0x0001c984   0x0000000e   Code   RO         1286    i.ble_srv_is_notification_enabled  ble_srv_common.o
    0x0001c992   0x00000012   Code   RO         2796    i.buf_len_update    nrf_log_backend_serial.o
    0x0001c9a4   0x00000010   Code   RO         1590    i.channel_port_get  nrf_drv_gpiote.o
    0x0001c9b4   0x00000070   Code   RO         3344    i.check_fs          ff.o
    0x0001ca24   0x0000031c   Code   RO         3345    i.chk_mounted       ff.o
    0x0001cd40   0x00000028   Code   RO         1382    i.clock_clk_started_notify  nrf_drv_clock.o
    0x0001cd68   0x00000026   Code   RO         3346    i.clust2sect        ff.o
    0x0001cd8e   0x00000002   PAD
    0x0001cd90   0x000000a8   Code   RO         2366    i.compare_reg_update  app_timer.o
    0x0001ce38   0x00000088   Code   RO         1053    i.conn_int_encode   ble_advdata.o
    0x0001cec0   0x00000008   Code   RO            6    i.conn_params_error_handler  main.o
    0x0001cec8   0x00000068   Code   RO         1217    i.conn_params_negotiation  ble_conn_params.o
    0x0001cf30   0x000000d4   Code   RO         3347    i.create_chain      ff.o
    0x0001d004   0x00000138   Code   RO         3348    i.create_name       ff.o
    0x0001d13c   0x00000150   Code   RO         3349    i.dir_next          ff.o
    0x0001d28c   0x0000004a   Code   RO         3350    i.dir_read          ff.o
    0x0001d2d6   0x0000005e   Code   RO         3351    i.dir_register      ff.o
    0x0001d334   0x000000dc   Code   RO         3353    i.dir_sdi           ff.o
    0x0001d410   0x00000034   Code   RO         3291    i.disk_initialize   diskio.o
    0x0001d444   0x0000002e   Code   RO         3292    i.disk_ioctl        diskio.o
    0x0001d472   0x00000002   PAD
    0x0001d474   0x00000050   Code   RO         3293    i.disk_read         diskio.o
    0x0001d4c4   0x00000034   Code   RO          664    i.disk_scan         key.o
    0x0001d4f8   0x00000004   Code   RO         3294    i.disk_status       diskio.o
    0x0001d4fc   0x00000026   Code   RO         3295    i.disk_write        diskio.o
    0x0001d522   0x00000002   PAD
    0x0001d524   0x00000040   Code   RO         2367    i.elapsed_ticks_acquire  app_timer.o
    0x0001d564   0x00000070   Code   RO          726    i.enter_sleep_mode  power.o
    0x0001d5d4   0x00000012   Code   RO         3355    i.f_close           ff.o
    0x0001d5e6   0x00000044   Code   RO         3357    i.f_gets            ff.o
    0x0001d62a   0x00000002   PAD
    0x0001d62c   0x00000024   Code   RO         3361    i.f_mount           ff.o
    0x0001d650   0x00000158   Code   RO         3362    i.f_open            ff.o
    0x0001d7a8   0x00000064   Code   RO         3363    i.f_opendir         ff.o
    0x0001d80c   0x000001aa   Code   RO         3367    i.f_read            ff.o
    0x0001d9b6   0x00000052   Code   RO         3368    i.f_readdir         ff.o
    0x0001da08   0x000000a4   Code   RO         3371    i.f_sync            ff.o
    0x0001daac   0x000001e2   Code   RO         3375    i.f_write           ff.o
    0x0001dc8e   0x00000002   PAD
    0x0001dc90   0x00000054   Code   RO          359    i.flash_readdata    memory_interface.o
    0x0001dce4   0x00000094   Code   RO          360    i.flash_writedata   memory_interface.o
    0x0001dd78   0x000000c2   Code   RO         3376    i.follow_path       ff.o
    0x0001de3a   0x00000002   PAD
    0x0001de3c   0x00000018   Code   RO         2613    i.fs_queued_op_count_get  fstorage.o
    0x0001de54   0x00000044   Code   RO          727    i.get_adc_vol       power.o
    0x0001de98   0x00000146   Code   RO         3377    i.get_fat           ff.o
    0x0001dfde   0x00000004   Code   RO         3296    i.get_fattime       diskio.o
    0x0001dfe2   0x00000074   Code   RO         3378    i.get_fileinfo      ff.o
    0x0001e056   0x00000002   PAD
    0x0001e058   0x00000084   Code   RO          362    i.init_disk         memory_interface.o
    0x0001e0dc   0x00000010   Code   RO            7    i.init_driver       main.o
    0x0001e0ec   0x00000034   Code   RO          665    i.init_key          key.o
    0x0001e120   0x00000080   Code   RO         3160    i.intern_softdevice_events_execute  softdevice_handler.o
    0x0001e1a0   0x00000048   Code   RO          363    i.iphone_disk_command_op  memory_interface.o
    0x0001e1e8   0x0000001c   Code   RO         1218    i.is_conn_params_ok  ble_conn_params.o
    0x0001e204   0x00000048   Code   RO          997    i.is_manual_peripheral_setup_needed  system_nrf51.o
    0x0001e24c   0x00000140   Code   RO          666    i.key_scan          key.o
    0x0001e38c   0x00000088   Code   RO          830    i.led_func          led.o
    0x0001e414   0x00000050   Code   RO            8    i.led_timer_handler  main.o
    0x0001e464   0x000000ac   Code   RO         2368    i.list_deletions_handler  app_timer.o
    0x0001e510   0x000000bc   Code   RO         2369    i.list_insertions_handler  app_timer.o
    0x0001e5cc   0x000001b8   Code   RO            9    i.main              main.o
    0x0001e784   0x00000054   Code   RO          729    i.mainboard_wake_up  power.o
    0x0001e7d8   0x00000068   Code   RO         1054    i.manuf_specific_data_encode  ble_advdata.o
    0x0001e840   0x00000010   Code   RO         3379    i.mem_cpy           ff.o
    0x0001e850   0x0000000e   Code   RO         3380    i.mem_set           ff.o
    0x0001e85e   0x00000090   Code   RO         3381    i.move_window       ff.o
    0x0001e8ee   0x0000009e   Code   RO         1055    i.name_encode       ble_advdata.o
    0x0001e98c   0x00000040   Code   RO         2142    i.nrf_adc_configure  nrf_adc.o
    0x0001e9cc   0x0000002c   Code   RO         2143    i.nrf_adc_convert_single  nrf_adc.o
    0x0001e9f8   0x00000020   Code   RO         2144    i.nrf_adc_input_select  nrf_adc.o
    0x0001ea18   0x00000010   Code   RO         1591    i.nrf_bitmask_bit_is_set  nrf_drv_gpiote.o
    0x0001ea28   0x00000010   Code   RO         1386    i.nrf_clock_event_check  nrf_drv_clock.o
    0x0001ea38   0x00000034   Code   RO          364    i.nrf_delay_ms      memory_interface.o
    0x0001ea6c   0x00000030   Code   RO         2370    i.nrf_delay_us      app_timer.o
    0x0001ea9c   0x00000048   Code   RO         1393    i.nrf_drv_clock_init  nrf_drv_clock.o
    0x0001eae4   0x00000034   Code   RO         1400    i.nrf_drv_clock_on_sd_enable  nrf_drv_clock.o
    0x0001eb18   0x0000000c   Code   RO         1401    i.nrf_drv_clock_on_soc_event  nrf_drv_clock.o
    0x0001eb24   0x00000060   Code   RO         1546    i.nrf_drv_common_irq_enable  nrf_drv_common.o
    0x0001eb84   0x00000114   Code   RO         1980    i.nrf_drv_spi_init  nrf_drv_spi.o
    0x0001ec98   0x00000018   Code   RO         1981    i.nrf_drv_spi_transfer  nrf_drv_spi.o
    0x0001ecb0   0x00000070   Code   RO         1983    i.nrf_drv_spi_xfer  nrf_drv_spi.o
    0x0001ed20   0x00000080   Code   RO         1805    i.nrf_drv_uart_init  nrf_drv_uart.o
    0x0001eda0   0x00000034   Code   RO         1811    i.nrf_drv_uart_tx   nrf_drv_uart.o
    0x0001edd4   0x0000008c   Code   RO         1813    i.nrf_drv_uart_tx_for_uart  nrf_drv_uart.o
    0x0001ee60   0x00000018   Code   RO         1814    i.nrf_drv_uart_tx_in_progress  nrf_drv_uart.o
    0x0001ee78   0x00000098   Code   RO         1815    i.nrf_drv_uart_uninit  nrf_drv_uart.o
    0x0001ef10   0x00000028   Code   RO          365    i.nrf_gpio_cfg      memory_interface.o
    0x0001ef38   0x00000028   Code   RO          667    i.nrf_gpio_cfg      key.o
    0x0001ef60   0x00000028   Code   RO         1816    i.nrf_gpio_cfg      nrf_drv_uart.o
    0x0001ef88   0x00000028   Code   RO         1984    i.nrf_gpio_cfg      nrf_drv_spi.o
    0x0001efb0   0x00000012   Code   RO         1817    i.nrf_gpio_cfg_default  nrf_drv_uart.o
    0x0001efc2   0x00000012   Code   RO          366    i.nrf_gpio_cfg_input  memory_interface.o
    0x0001efd4   0x00000012   Code   RO          668    i.nrf_gpio_cfg_input  key.o
    0x0001efe6   0x00000012   Code   RO         1818    i.nrf_gpio_cfg_input  nrf_drv_uart.o
    0x0001eff8   0x00000014   Code   RO          367    i.nrf_gpio_cfg_output  memory_interface.o
    0x0001f00c   0x00000014   Code   RO         1819    i.nrf_gpio_cfg_output  nrf_drv_uart.o
    0x0001f020   0x00000014   Code   RO         1985    i.nrf_gpio_cfg_output  nrf_drv_spi.o
    0x0001f034   0x00000022   Code   RO         1613    i.nrf_gpio_cfg_sense_set  nrf_drv_gpiote.o
    0x0001f056   0x00000002   PAD
    0x0001f058   0x00000010   Code   RO          368    i.nrf_gpio_pin_clear  memory_interface.o
    0x0001f068   0x00000010   Code   RO          832    i.nrf_gpio_pin_clear  led.o
    0x0001f078   0x00000010   Code   RO          669    i.nrf_gpio_pin_read  key.o
    0x0001f088   0x00000010   Code   RO          369    i.nrf_gpio_pin_set  memory_interface.o
    0x0001f098   0x00000010   Code   RO          833    i.nrf_gpio_pin_set  led.o
    0x0001f0a8   0x00000010   Code   RO         1986    i.nrf_gpio_pin_set  nrf_drv_spi.o
    0x0001f0b8   0x00000018   Code   RO          834    i.nrf_gpio_pin_toggle  led.o
    0x0001f0d0   0x00000028   Code   RO         1614    i.nrf_gpio_ports_read  nrf_drv_gpiote.o
    0x0001f0f8   0x00000010   Code   RO         1615    i.nrf_gpiote_event_clear  nrf_drv_gpiote.o
    0x0001f108   0x00000014   Code   RO         1616    i.nrf_gpiote_event_is_set  nrf_drv_gpiote.o
    0x0001f11c   0x00000008   Code   RO         2798    i.nrf_log_backend_hexdump_handler_get  nrf_log_backend_serial.o
    0x0001f124   0x00000078   Code   RO         2799    i.nrf_log_backend_init  nrf_log_backend_serial.o
    0x0001f19c   0x00000132   Code   RO         2800    i.nrf_log_backend_serial_hexdump_handler  nrf_log_backend_serial.o
    0x0001f2ce   0x00000104   Code   RO         2801    i.nrf_log_backend_serial_std_handler  nrf_log_backend_serial.o
    0x0001f3d2   0x00000002   PAD
    0x0001f3d4   0x00000008   Code   RO         2802    i.nrf_log_backend_std_handler_get  nrf_log_backend_serial.o
    0x0001f3dc   0x00000018   Code   RO         2889    i.nrf_log_direct_feed  nrf_log_frontend.o
    0x0001f3f4   0x00000030   Code   RO         2891    i.nrf_log_frontend_hexdump  nrf_log_frontend.o
    0x0001f424   0x0000000c   Code   RO         2893    i.nrf_log_frontend_std_0  nrf_log_frontend.o
    0x0001f430   0x0000000e   Code   RO         2894    i.nrf_log_frontend_std_1  nrf_log_frontend.o
    0x0001f43e   0x00000002   PAD
    0x0001f440   0x0000000c   Code   RO         2901    i.nrf_log_handlers_set  nrf_log_frontend.o
    0x0001f44c   0x00000022   Code   RO         2902    i.nrf_log_init      nrf_log_frontend.o
    0x0001f46e   0x0000000a   Code   RO         1820    i.nrf_uart_event_check  nrf_drv_uart.o
    0x0001f478   0x00000010   Code   RO         1821    i.nrf_uart_int_enable_check  nrf_drv_uart.o
    0x0001f488   0x0000000c   Code   RO           10    i.nus_data_handler  main.o
    0x0001f494   0x00000058   Code   RO          589    i.nus_data_handler_protocol_op  ble_cmd_op.o
    0x0001f4ec   0x00000002   Code   RO           11    i.on_adv_evt        main.o
    0x0001f4ee   0x00000002   PAD
    0x0001f4f0   0x000000e8   Code   RO           12    i.on_ble_evt        main.o
    0x0001f5d8   0x00000020   Code   RO           13    i.on_conn_params_evt  main.o
    0x0001f5f8   0x0000017a   Code   RO         3382    i.put_fat           ff.o
    0x0001f772   0x00000010   Code   RO         3161    i.ram_end_address_get  softdevice_handler.o
    0x0001f782   0x00000002   PAD
    0x0001f784   0x000000fc   Code   RO          370    i.read_dir          memory_interface.o
    0x0001f880   0x00000178   Code   RO          371    i.read_file         memory_interface.o
    0x0001f9f8   0x00000058   Code   RO          372    i.read_file_for_line  memory_interface.o
    0x0001fa50   0x000000b0   Code   RO         3383    i.remove_chain      ff.o
    0x0001fb00   0x00000044   Code   RO         2371    i.rtc1_stop         app_timer.o
    0x0001fb44   0x00000026   Code   RO         1822    i.rx_byte           nrf_drv_uart.o
    0x0001fb6a   0x000000a0   Code   RO         1342    i.rx_char_add       ble_nus.o
    0x0001fc0a   0x00000014   Code   RO         1823    i.rx_done_event     nrf_drv_uart.o
    0x0001fc1e   0x00000002   PAD
    0x0001fc20   0x00000084   Code   RO         3163    i.sd_nvic_EnableIRQ  softdevice_handler.o
    0x0001fca4   0x00000010   Code   RO         2803    i.serial_is_busy    nrf_log_backend_serial.o
    0x0001fcb4   0x0000002c   Code   RO         2804    i.serial_tx         nrf_log_backend_serial.o
    0x0001fce0   0x0000008e   Code   RO         1056    i.service_data_encode  ble_advdata.o
    0x0001fd6e   0x00000002   PAD
    0x0001fd70   0x00000058   Code   RO         1131    i.set_adv_mode_fast  ble_advertising.o
    0x0001fdc8   0x00000054   Code   RO         1132    i.set_adv_mode_slow  ble_advertising.o
    0x0001fe1c   0x00000014   Code   RO         3164    i.softdevice_ble_evt_handler_set  softdevice_handler.o
    0x0001fe30   0x000000a4   Code   RO         3165    i.softdevice_enable  softdevice_handler.o
    0x0001fed4   0x00000028   Code   RO         3166    i.softdevice_enable_get_default_config  softdevice_handler.o
    0x0001fefc   0x00000008   Code   RO         3167    i.softdevice_fault_handler  softdevice_handler.o
    0x0001ff04   0x00000058   Code   RO         3168    i.softdevice_handler_init  softdevice_handler.o
    0x0001ff5c   0x0000000c   Code   RO         3169    i.softdevice_handler_is_enabled  softdevice_handler.o
    0x0001ff68   0x0000000c   Code   RO          373    i.spi_event_handler  memory_interface.o
    0x0001ff74   0x00000072   Code   RO         1987    i.spi_xfer          nrf_drv_spi.o
    0x0001ffe6   0x000000be   Code   RO         3384    i.sync              ff.o
    0x000200a4   0x000000b4   Code   RO          793    i.tick_timer_handler  sys_task.o
    0x00020158   0x00000084   Code   RO         2372    i.timer_list_handler  app_timer.o
    0x000201dc   0x00000010   Code   RO         2373    i.timer_list_handler_sched  app_timer.o
    0x000201ec   0x00000040   Code   RO         2374    i.timer_list_insert  app_timer.o
    0x0002022c   0x00000048   Code   RO         2375    i.timer_stop_op_schedule  app_timer.o
    0x00020274   0x00000080   Code   RO         2376    i.timer_timeouts_check  app_timer.o
    0x000202f4   0x00000034   Code   RO         2805    i.timestamp_process  nrf_log_backend_serial.o
    0x00020328   0x00000050   Code   RO         1988    i.transfer_byte     nrf_drv_spi.o
    0x00020378   0x0000001e   Code   RO         1825    i.tx_byte           nrf_drv_uart.o
    0x00020396   0x00000080   Code   RO         1343    i.tx_char_add       ble_nus.o
    0x00020416   0x00000018   Code   RO         1826    i.tx_done_event     nrf_drv_uart.o
    0x0002042e   0x00000002   PAD
    0x00020430   0x00000010   Code   RO         2806    i.uart_event_handler  nrf_log_backend_serial.o
    0x00020440   0x00000128   Code   RO         1827    i.uart_irq_handler  nrf_drv_uart.o
    0x00020568   0x00000002   Code   RO          590    i.uart_tx_data      ble_cmd_op.o
    0x0002056a   0x0000000a   Code   RO         1057    i.uint16_encode     ble_advdata.o
    0x00020574   0x0000009c   Code   RO         1219    i.update_timeout_handler  ble_conn_params.o
    0x00020610   0x0000002c   Code   RO         2377    i.user_op_alloc     app_timer.o
    0x0002063c   0x00000030   Code   RO         1058    i.uuid_list_encode  ble_advdata.o
    0x0002066c   0x000000ae   Code   RO         1059    i.uuid_list_sized_encode  ble_advdata.o
    0x0002071a   0x0000002a   Code   RO         3385    i.validate          ff.o
    0x00020744   0x00000018   Code   RO         1133    i.whitelist_has_entries  ble_advertising.o
    0x0002075c   0x0000010c   Code   RO          374    i.write_file        memory_interface.o
    0x00020868   0x0000000c   Data   RO           18    .constdata          main.o
    0x00020874   0x0000001c   Data   RO          376    .constdata          memory_interface.o
    0x00020890   0x000023e9   Data   RO          559    .constdata          cmdiphonesp.o
    0x00022c79   0x00000003   PAD
    0x00022c7c   0x00000008   Data   RO          732    .constdata          power.o
    0x00022c84   0x00000004   Data   RO         1222    .constdata          ble_conn_params.o
    0x00022c88   0x00000004   Data   RO         1620    .constdata          nrf_drv_gpiote.o
    0x00022c8c   0x00000020   Data   RO         2809    .constdata          nrf_log_backend_serial.o
    0x00022cac   0x00000081   Data   RO         3612    .constdata          mc_p.l(ctype_o.o)
    0x00022d2d   0x00000003   PAD
    0x00022d30   0x00000004   Data   RO         3613    .constdata          mc_p.l(ctype_o.o)
    0x00022d34   0x00000042   Data   RO         3175    .conststring        softdevice_handler.o
    0x00022d76   0x00000002   PAD
    0x00022d78   0x00000020   Data   RO         3953    Region$$Table       anon$$obj.o


    Execution Region RW_IRAM1 (Base: 0x20001fe8, Size: 0x00003ec0, Max: 0x00006018, ABSOLUTE)

    Base Addr    Size         Type   Attr      Idx    E Section Name        Object

    0x20001fe8   0x0000000c   Data   RW           19    .data               main.o
    0x20001ff4   0x0000001c   Data   RW          377    .data               memory_interface.o
    0x20002010   0x00000005   Data   RW          670    .data               key.o
    0x20002015   0x00000003   PAD
    0x20002018   0x00000008   Data   RW          735    .data               power.o
    0x20002020   0x0000000c   Data   RW          794    .data               sys_task.o
    0x2000202c   0x00000001   Data   RW          835    .data               led.o
    0x2000202d   0x00000003   PAD
    0x20002030   0x00000004   Data   RW          998    .data               system_nrf51.o
    0x20002034   0x00000030   Data   RW         1137    .data               ble_advertising.o
    0x20002064   0x00000014   Data   RW         1223    .data               ble_conn_params.o
    0x20002078   0x00000020   Data   RW         2378    .data               app_timer.o
    0x20002098   0x0000000c   Data   RW         2564    .data               app_util_platform.o
    0x200020a4   0x0000000c   Data   RW         2810    .data               nrf_log_backend_serial.o
    0x200020b0   0x00000014   Data   RW         3176    .data               softdevice_handler.o
    0x200020c4   0x00000008   Data   RW         3387    .data               ff.o
    0x200020cc   0x00000020   Zero   RW           15    .bss                main.o
    0x200020ec   0x00000020   Zero   RW           16    .bss                main.o
    0x2000210c   0x000000f0   Zero   RW           17    .bss                main.o
    0x200021fc   0x00003058   Zero   RW          375    .bss                memory_interface.o
    0x20005254   0x00000017   Zero   RW          591    .bss                ble_cmd_op.o
    0x2000526b   0x00000001   PAD
    0x2000526c   0x0000016b   Zero   RW         1134    .bss                ble_advertising.o
    0x200053d7   0x00000001   PAD
    0x200053d8   0x00000020   Zero   RW         1135    .bss                ble_advertising.o
    0x200053f8   0x00000020   Zero   RW         1136    .bss                ble_advertising.o
    0x20005418   0x00000020   Zero   RW         1220    .bss                ble_conn_params.o
    0x20005438   0x0000001c   Zero   RW         1221    .bss                ble_conn_params.o
    0x20005454   0x00000014   Zero   RW         1403    .bss                nrf_drv_clock.o
    0x20005468   0x00000048   Zero   RW         1619    .bss                nrf_drv_gpiote.o
    0x200054b0   0x0000001c   Zero   RW         1828    .bss                nrf_drv_uart.o
    0x200054cc   0x00000020   Zero   RW         1989    .bss                nrf_drv_spi.o
    0x200054ec   0x00000014   Zero   RW         2066    .bss                nrf_drv_adc.o
    0x20005500   0x00000020   Zero   RW         2237    .bss                app_error.o
    0x20005520   0x00000068   Zero   RW         2622    .bss                fstorage.o
    0x20005588   0x00000100   Zero   RW         2807    .bss                nrf_log_backend_serial.o
    0x20005688   0x0000001c   Zero   RW         2904    .bss                nrf_log_frontend.o
    0x200056a4   0x00000004   PAD
    0x200056a8   0x00000800   Zero   RW          986    STACK               arm_startup_nrf51.o


==============================================================================

Image component sizes


      Code (inc. data)   RO Data    RW Data    ZI Data      Debug   Object Name

       124         14          0          0         32       2115   app_error.o
        52         24          0          0          0        602   app_error_weak.o
      1608        158          0         32          0      39655   app_timer.o
         0          0          0          0          0       5488   app_uart_fifo.o
       104         20          0         12          0       5510   app_util_platform.o
        56         18        192          0       2048        716   arm_startup_nrf51.o
      1368          6          0          0          0      28380   ble_advdata.o
      1000         62          0         48        427       9480   ble_advertising.o
       352         64          0          0         23       5319   ble_cmd_op.o
       516        108          4         20         60       5032   ble_conn_params.o
       540         12          0          0          0       4886   ble_nus.o
        14          0          0          0          0       1310   ble_srv_common.o
         0          0       9193          0          0        617   cmdiphonesp.o
       224         72          0          0          0       3840   diskio.o
      5510         62          0          8          0      26149   ff.o
        24          6          0          0        104       3552   fstorage.o
       530        166          0          5          0       7760   key.o
       192         26          0          1          0       5391   led.o
       858        148         12         12        304     114604   main.o
      2066        728         28         28      12376      19984   memory_interface.o
       140         20          0          0          0       4841   nrf_adc.o
       192         34          0          0         20       5649   nrf_drv_adc.o
       276         38          0          0         20      11232   nrf_drv_clock.o
        96         18          0          0          0       8112   nrf_drv_common.o
       518         34          4          0         72      17752   nrf_drv_gpiote.o
       738         38          0          0         32      11096   nrf_drv_spi.o
      1178         50          0          0         28      31733   nrf_drv_uart.o
       848         64         32         12        256       9203   nrf_log_backend_serial.o
       144         14          0          0         28       6765   nrf_log_frontend.o
       288        126          8          8          0       6547   power.o
       668        162         66         20          0      19955   softdevice_handler.o
       312         10          0         12          0       3037   sys_task.o
       232         36          0          4          0       2287   system_nrf51.o

    ----------------------------------------------------------------------
     20806       2338       9576        228      15836     428599   Object Totals
         0          0         32          0          0          0   (incl. Generated)
        38          0          5          6          6          0   (incl. Padding)

    ----------------------------------------------------------------------

      Code (inc. data)   RO Data    RW Data    ZI Data      Debug   Library Member Name

         8          4        133          0          0         60   ctype_o.o
         0          0          0          0          0          0   entry.o
         0          0          0          0          0          0   entry10a.o
         0          0          0          0          0          0   entry11a.o
         8          4          0          0          0          0   entry2.o
         4          0          0          0          0          0   entry5.o
         0          0          0          0          0          0   entry7b.o
         0          0          0          0          0          0   entry8b.o
         8          4          0          0          0          0   entry9a.o
        30          0          0          0          0          0   handlers.o
        36          8          0          0          0         68   init.o
        32          0          0          0          0         68   llshl.o
        34          0          0          0          0         68   llushr.o
        36          0          0          0          0         60   memcpya.o
        36          0          0          0          0        100   memseta.o
      1206         50          0          0          0        384   printf8.o
        14          0          0          0          0         60   strlen.o
        44          0          0          0          0         72   uidiv.o
        96          0          0          0          0         84   uldiv.o
        20          0          0          0          0         60   uread4.o
        18          0          0          0          0         60   uwrite4.o

    ----------------------------------------------------------------------
      1634         70        136          0          0       1144   Library Totals
         4          0          3          0          0          0   (incl. Padding)

    ----------------------------------------------------------------------

      Code (inc. data)   RO Data    RW Data    ZI Data      Debug   Library Name

      1630         70        133          0          0       1144   mc_p.l

    ----------------------------------------------------------------------
      1634         70        136          0          0       1144   Library Totals

    ----------------------------------------------------------------------

==============================================================================


      Code (inc. data)   RO Data    RW Data    ZI Data      Debug   

     22440       2408       9712        228      15836     419775   Grand Totals
     22440       2408       9712        228      15836     419775   ELF Image Totals
     22440       2408       9712        228          0          0   ROM Totals

==============================================================================

    Total RO  Size (Code + RO Data)                32152 (  31.40kB)
    Total RW  Size (RW Data + ZI Data)             16064 (  15.69kB)
    Total ROM Size (Code + RO Data + RW Data)      32380 (  31.62kB)

==============================================================================

