<html>
<body>
<pre>
<h1>µVision Build Log</h1>
<h2>Project:</h2>
D:\Pro\Nrf51822\pcie 7.0 - fatfs\project\mdk-pro\ble_app_uart\pca10028\s130\arm4\ble_app_uart_pca10028_s130.uvproj
Project File Date:  04/08/2018

<h2>Output:</h2>
Build target 'nrf51422_xxac'
compiling ble_nus.c...
linking...
Program Size: Code=22440 RO-data=9712 RW-data=228 ZI-data=15836  
FromELF: creating hex file...
".\_build\nrf51422_xxac.axf" - 0 Error(s), 0 Warning(s).
Load "D:\\Pro\\Nrf51822\\pcie 7.0 - fatfs\\project\\mdk-pro\\ble_app_uart\\pca10028\\s130\\arm4\\_build\\nrf51422_xxac.axf" 
Set JLink Project File to "D:\Pro\Nrf51822\pcie 7.0 - fatfs\project\mdk-pro\ble_app_uart\pca10028\s130\arm4\JLinkSettings.ini"
* JLink Info: Device "NRF51822_XXAB" selected.
 
JLink info:
------------
DLL: V5.12f, compiled May 17 2016 16:03:35
Firmware: J-Link OB-SAM3U128-V2-NordicSemi compiled Jul 24 2017 17:30:12
Hardware: V1.00
S/N : 681174707 
 
* JLink Info: Found SWD-DP with ID 0x0BB11477
* JLink Info: Found Cortex-M0 r0p0, Little endian.
* JLink Info: FPUnit: 4 code (BP) slots and 0 literal slots
* JLink Info: CoreSight components:
* JLink Info: ROMTbl 0 @ F0000000
* JLink Info: ROMTbl 0 [0]: F00FF000, CID: B105100D, PID: 000BB471 ROM Table
* JLink Info: ROMTbl 1 @ E00FF000
* JLink Info: ROMTbl 1 [0]: FFF0F000, CID: B105E00D, PID: 000BB008 SCS
* JLink Info: ROMTbl 1 [1]: FFF02000, CID: B105E00D, PID: 000BB00A DWT
* JLink Info: ROMTbl 1 [2]: FFF03000, CID: B105E00D, PID: 000BB00B FPB
* JLink Info: ROMTbl 0 [1]: 00002000, CID: B105900D, PID: 000BB9A3 ???
ROMTableAddr = 0xE00FF003
 
Target info:
------------
Device: nRF51822_xxAB
VTarget = 3.300V
State of Pins: 
TCK: 0, TDI: 1, TDO: 1, TMS: 1, TRES: 1, TRST: 1
Hardware-Breakpoints: 4
Software-Breakpoints: 8192
Watchpoints:          2
JTAG speed: 1000 kHz
 
Erase Done.
Programming Done.
Verify OK.
Application running ...
</pre>
</body>
</html>
---------
Device: nRF51822_xxAB
VTarget = 3.300V
State of Pins: 
TCK: 0, TDI: 1, TDO: 1, TMS: 1, TRES: 1, TRST: 1
Hardware-Breakpoints: 4
Software-Breakpoints: 8192
Watchpoints:          2
JTAG speed: 1000 kHz
 
Erase Done.
Programming Done.
Verify OK.
Application running ...
Load "D:\\Pro\\Nrf51822\\pcie 7.0 - fatfs\\project\\mdk-pro\\ble_app_uart\\pca10028\\s130\\arm4\\_build\\nrf51422_xxac.axf" 
Set JLink Project File to "D:\Pro\Nrf51822\pcie 7.0 - fatfs\project\mdk-pro\ble_app_uart\pca10028\s130\arm4\JLinkSettings.ini"
* JLink Info: Device "NRF51822_XXAB" selected.
 
JLink info:
------------
DLL: V5.12f, compiled May 17 2016 16:03:35
Firmware: J-Link OB-SAM3U128-V2-NordicSemi compiled Jul 24 2017 17:30:12
Hardware: V1.00
S/N : 681174707 
 
* JLink Info: Found SWD-DP with ID 0x0BB11477
* JLink Info: Found Cortex-M0 r0p0, Little endian.
* JLink Info: FPUnit: 4 code (BP) slots and 0 literal slots
* JLink Info: CoreSight components:
* JLink Info: ROMTbl 0 @ F0000000
* JLink Info: ROMTbl 0 [0]: F00FF000, CID: B105100D, PID: 000BB471 ROM Table
* JLink Info: ROMTbl 1 @ E00FF000
* JLink Info: ROMTbl 1 [0]: FFF0F000, CID: B105E00D, PID: 000BB008 SCS
* JLink Info: ROMTbl 1 [1]: FFF02000, CID: B105E00D, PID: 000BB00A DWT
* JLink Info: ROMTbl 1 [2]: FFF03000, CID: B105E00D, PID: 000BB00B FPB
* JLink Info: ROMTbl 0 [1]: 00002000, CID: B105900D, PID: 000BB9A3 ???
ROMTableAddr = 0xE00FF003
 
Target info:
------------
Device: nRF51822_xxAB
VTarget = 3.300V
State of Pins: 
TCK: 0, TDI: 1, TDO: 1, TMS: 1, TRES: 1, TRST: 1
Hardware-Breakpoints: 4
Software-Breakpoints: 8192
Watchpoints:          2
JTAG speed: 1000 kHz
 
Erase Done.
Programming Done.
Verify OK.
Application running ...
imer.c...
compiling app_uart_fifo.c...
compiling app_util_platform.c...
compiling fstorage.c...
compiling hardfault_implementation.c...
compiling nrf_assert.c...
compiling retarget.c...
compiling sdk_errors.c...
compiling nrf_log_backend_serial.c...
compiling nrf_log_frontend.c...
compiling SEGGER_RTT.c...
compiling softdevice_handler.c...
compiling diskio.c...
..\..\..\..\FatFS_1\src\diskio.c(196): warning:  #111-D: statement is unreachable
                        break;
..\..\..\..\FatFS_1\src\diskio.c(175): warning:  #177-D: variable "nFrom" was declared but never referenced
        DWORD nFrom,nTo;
..\..\..\..\FatFS_1\src\diskio.c(175): warning:  #177-D: variable "nTo" was declared but never referenced
        DWORD nFrom,nTo;
..\..\..\..\FatFS_1\src\diskio.c: 3 warnings, 0 errors
compiling ff.c...
linking...
Program Size: Code=22440 RO-data=9712 RW-data=228 ZI-data=15836  
FromELF: creating hex file...
".\_build\nrf51422_xxac.axf" - 0 Error(s), 22 Warning(s).
Load "D:\\Pro\\Nrf51822\\pcie 7.0 - fatfs\\project\\mdk-pro\\ble_app_uart\\pca10028\\s130\\arm4\\_build\\nrf51422_xxac.axf" 
Set JLink Project File to "D:\Pro\Nrf51822\pcie 7.0 - fatfs\project\mdk-pro\ble_app_uart\pca10028\s130\arm4\JLinkSettings.ini"
* JLink Info: Device "NRF51822_XXAB" selected.
 
JLink info:
------------
DLL: V5.12f, compiled May 17 2016 16:03:35
Firmware: J-Link OB-SAM3U128-V2-NordicSemi compiled Jul 24 2017 17:30:12
Hardware: V1.00
S/N : 681174707 
 
* JLink Info: Found SWD-DP with ID 0x0BB11477
* JLink Info: Found Cortex-M0 r0p0, Little endian.
* JLink Info: FPUnit: 4 code (BP) slots and 0 literal slots
* JLink Info: CoreSight components:
* JLink Info: ROMTbl 0 @ F0000000
* JLink Info: ROMTbl 0 [0]: F00FF000, CID: B105100D, PID: 000BB471 ROM Table
* JLink Info: ROMTbl 1 @ E00FF000
* JLink Info: ROMTbl 1 [0]: FFF0F000, CID: B105E00D, PID: 000BB008 SCS
* JLink Info: ROMTbl 1 [1]: FFF02000, CID: B105E00D, PID: 000BB00A DWT
* JLink Info: ROMTbl 1 [2]: FFF03000, CID: B105E00D, PID: 000BB00B FPB
* JLink Info: ROMTbl 0 [1]: 00002000, CID: B105900D, PID: 000BB9A3 ???
ROMTableAddr = 0xE00FF003
 
Target info:
------------
Device: nRF51822_xxAB
VTarget = 3.300V
State of Pins: 
TCK: 0, TDI: 1, TDO: 1, TMS: 1, TRES: 1, TRST: 1
Hardware-Breakpoints: 4
Software-Breakpoints: 8192
Watchpoints:          2
JTAG speed: 1000 kHz
 
Erase Done.
Programming Done.
Verify OK.
Application running ...
